Field #1:
*100
2210
1*10
1110

Field #2:
**100
33200
1*100

Field #3:
*

Field #4:
0

Field #5:
****************************************************************************************************
****************************************************************************************************
****************************************************************************************************
****************************************************************************************************
****************************************************************************************************
****************************************************************************************************
****************************************************************************************************
****************************************************************************************************
****************************************************************************************************
****************************************************************************************************
****************************************************************************************************
****************************************************************************************************
****************************************************************************************************
****************************************************************************************************
****************************************************************************************************
****************************************************************************************************
****************************************************************************************************
****************************************************************************************************
****************************************************************************************************
****************************************************************************************************
****************************************************************************************************
****************************************************************************************************
****************************************************************************************************
****************************************************************************************************
****************************************************************************************************
****************************************************************************************************
****************************************************************************************************
****************************************************************************************************
****************************************************************************************************
****************************************************************************************************
****************************************************************************************************
****************************************************************************************************
****************************************************************************************************
****************************************************************************************************
****************************************************************************************************
****************************************************************************************************
****************************************************************************************************
****************************************************************************************************
****************************************************************************************************
****************************************************************************************************
****************************************************************************************************
****************************************************************************************************
****************************************************************************************************
****************************************************************************************************
****************************************************************************************************
****************************************************************************************************
****************************************************************************************************
****************************************************************************************************
****************************************************************************************************
****************************************************************************************************
****************************************************************************************************
****************************************************************************************************
****************************************************************************************************
****************************************************************************************************
****************************************************************************************************
****************************************************************************************************
****************************************************************************************************
****************************************************************************************************
****************************************************************************************************
****************************************************************************************************
****************************************************************************************************
****************************************************************************************************
****************************************************************************************************
****************************************************************************************************
****************************************************************************************************
****************************************************************************************************
****************************************************************************************************
****************************************************************************************************
****************************************************************************************************
****************************************************************************************************
****************************************************************************************************
****************************************************************************************************
****************************************************************************************************
****************************************************************************************************
****************************************************************************************************
****************************************************************************************************
****************************************************************************************************
****************************************************************************************************
****************************************************************************************************
****************************************************************************************************
****************************************************************************************************
****************************************************************************************************
****************************************************************************************************
****************************************************************************************************
****************************************************************************************************
****************************************************************************************************
****************************************************************************************************
****************************************************************************************************
****************************************************************************************************
****************************************************************************************************
****************************************************************************************************
****************************************************************************************************
****************************************************************************************************
****************************************************************************************************
****************************************************************************************************
****************************************************************************************************
****************************************************************************************************
****************************************************************************************************
****************************************************************************************************
****************************************************************************************************

Field #6:
0000000000000000000000000000000000000000000000000000000000000000000000000000000000000000000000000000
0000000000000000000000000000000000000000000000000000000000000000000000000000000000000000000000000000
0000000000000000000000000000000000000000000000000000000000000000000000000000000000000000000000000000
0000000000000000000000000000000000000000000000000000000000000000000000000000000000000000000000000000
0000000000000000000000000000000000000000000000000000000000000000000000000000000000000000000000000000
0000000000000000000000000000000000000000000000000000000000000000000000000000000000000000000000000000
0000000000000000000000000000000000000000000000000000000000000000000000000000000000000000000000000000
0000000000000000000000000000000000000000000000000000000000000000000000000000000000000000000000000000
0000000000000000000000000000000000000000000000000000000000000000000000000000000000000000000000000000
0000000000000000000000000000000000000000000000000000000000000000000000000000000000000000000000000000
0000000000000000000000000000000000000000000000000000000000000000000000000000000000000000000000000000
0000000000000000000000000000000000000000000000000000000000000000000000000000000000000000000000000000
0000000000000000000000000000000000000000000000000000000000000000000000000000000000000000000000000000
0000000000000000000000000000000000000000000000000000000000000000000000000000000000000000000000000000
0000000000000000000000000000000000000000000000000000000000000000000000000000000000000000000000000000
0000000000000000000000000000000000000000000000000000000000000000000000000000000000000000000000000000
0000000000000000000000000000000000000000000000000000000000000000000000000000000000000000000000000000
0000000000000000000000000000000000000000000000000000000000000000000000000000000000000000000000000000
0000000000000000000000000000000000000000000000000000000000000000000000000000000000000000000000000000
0000000000000000000000000000000000000000000000000000000000000000000000000000000000000000000000000000
0000000000000000000000000000000000000000000000000000000000000000000000000000000000000000000000000000
0000000000000000000000000000000000000000000000000000000000000000000000000000000000000000000000000000
0000000000000000000000000000000000000000000000000000000000000000000000000000000000000000000000000000
0000000000000000000000000000000000000000000000000000000000000000000000000000000000000000000000000000
0000000000000000000000000000000000000000000000000000000000000000000000000000000000000000000000000000
0000000000000000000000000000000000000000000000000000000000000000000000000000000000000000000000000000
0000000000000000000000000000000000000000000000000000000000000000000000000000000000000000000000000000
0000000000000000000000000000000000000000000000000000000000000000000000000000000000000000000000000000
0000000000000000000000000000000000000000000000000000000000000000000000000000000000000000000000000000
0000000000000000000000000000000000000000000000000000000000000000000000000000000000000000000000000000
0000000000000000000000000000000000000000000000000000000000000000000000000000000000000000000000000000
0000000000000000000000000000000000000000000000000000000000000000000000000000000000000000000000000000
0000000000000000000000000000000000000000000000000000000000000000000000000000000000000000000000000000
0000000000000000000000000000000000000000000000000000000000000000000000000000000000000000000000000000
0000000000000000000000000000000000000000000000000000000000000000000000000000000000000000000000000000
0000000000000000000000000000000000000000000000000000000000000000000000000000000000000000000000000000
0000000000000000000000000000000000000000000000000000000000000000000000000000000000000000000000000000
0000000000000000000000000000000000000000000000000000000000000000000000000000000000000000000000000000
0000000000000000000000000000000000000000000000000000000000000000000000000000000000000000000000000000
0000000000000000000000000000000000000000000000000000000000000000000000000000000000000000000000000000
0000000000000000000000000000000000000000000000000000000000000000000000000000000000000000000000000000
0000000000000000000000000000000000000000000000000000000000000000000000000000000000000000000000000000
0000000000000000000000000000000000000000000000000000000000000000000000000000000000000000000000000000
0000000000000000000000000000000000000000000000000000000000000000000000000000000000000000000000000000
0000000000000000000000000000000000000000000000000000000000000000000000000000000000000000000000000000
0000000000000000000000000000000000000000000000000000000000000000000000000000000000000000000000000000
0000000000000000000000000000000000000000000000000000000000000000000000000000000000000000000000000000
0000000000000000000000000000000000000000000000000000000000000000000000000000000000000000000000000000
0000000000000000000000000000000000000000000000000000000000000000000000000000000000000000000000000000
0000000000000000000000000000000000000000000000000000000000000000000000000000000000000000000000000000
0000000000000000000000000000000000000000000000000000000000000000000000000000000000000000000000000000
0000000000000000000000000000000000000000000000000000000000000000000000000000000000000000000000000000
0000000000000000000000000000000000000000000000000000000000000000000000000000000000000000000000000000
0000000000000000000000000000000000000000000000000000000000000000000000000000000000000000000000000000
0000000000000000000000000000000000000000000000000000000000000000000000000000000000000000000000000000
0000000000000000000000000000000000000000000000000000000000000000000000000000000000000000000000000000
0000000000000000000000000000000000000000000000000000000000000000000000000000000000000000000000000000
0000000000000000000000000000000000000000000000000000000000000000000000000000000000000000000000000000
0000000000000000000000000000000000000000000000000000000000000000000000000000000000000000000000000000
0000000000000000000000000000000000000000000000000000000000000000000000000000000000000000000000000000
0000000000000000000000000000000000000000000000000000000000000000000000000000000000000000000000000000
0000000000000000000000000000000000000000000000000000000000000000000000000000000000000000000000000000
0000000000000000000000000000000000000000000000000000000000000000000000000000000000000000000000000000
0000000000000000000000000000000000000000000000000000000000000000000000000000000000000000000000000000
0000000000000000000000000000000000000000000000000000000000000000000000000000000000000000000000000000
0000000000000000000000000000000000000000000000000000000000000000000000000000000000000000000000000000
0000000000000000000000000000000000000000000000000000000000000000000000000000000000000000000000000000
0000000000000000000000000000000000000000000000000000000000000000000000000000000000000000000000000000
0000000000000000000000000000000000000000000000000000000000000000000000000000000000000000000000000000
0000000000000000000000000000000000000000000000000000000000000000000000000000000000000000000000000000
0000000000000000000000000000000000000000000000000000000000000000000000000000000000000000000000000000
0000000000000000000000000000000000000000000000000000000000000000000000000000000000000000000000000000
0000000000000000000000000000000000000000000000000000000000000000000000000000000000000000000000000000
0000000000000000000000000000000000000000000000000000000000000000000000000000000000000000000000000000
0000000000000000000000000000000000000000000000000000000000000000000000000000000000000000000000000000
0000000000000000000000000000000000000000000000000000000000000000000000000000000000000000000000000000
0000000000000000000000000000000000000000000000000000000000000000000000000000000000000000000000000000
0000000000000000000000000000000000000000000000000000000000000000000000000000000000000000000000000000
0000000000000000000000000000000000000000000000000000000000000000000000000000000000000000000000000000
0000000000000000000000000000000000000000000000000000000000000000000000000000000000000000000000000000
0000000000000000000000000000000000000000000000000000000000000000000000000000000000000000000000000000
0000000000000000000000000000000000000000000000000000000000000000000000000000000000000000000000000000
0000000000000000000000000000000000000000000000000000000000000000000000000000000000000000000000000000
0000000000000000000000000000000000000000000000000000000000000000000000000000000000000000000000000000
0000000000000000000000000000000000000000000000000000000000000000000000000000000000000000000000000000
0000000000000000000000000000000000000000000000000000000000000000000000000000000000000000000000000000
0000000000000000000000000000000000000000000000000000000000000000000000000000000000000000000000000000
0000000000000000000000000000000000000000000000000000000000000000000000000000000000000000000000000000
0000000000000000000000000000000000000000000000000000000000000000000000000000000000000000000000000000
0000000000000000000000000000000000000000000000000000000000000000000000000000000000000000000000000000
0000000000000000000000000000000000000000000000000000000000000000000000000000000000000000000000000000
0000000000000000000000000000000000000000000000000000000000000000000000000000000000000000000000000000
0000000000000000000000000000000000000000000000000000000000000000000000000000000000000000000000000000
0000000000000000000000000000000000000000000000000000000000000000000000000000000000000000000000000000
0000000000000000000000000000000000000000000000000000000000000000000000000000000000000000000000000000
0000000000000000000000000000000000000000000000000000000000000000000000000000000000000000000000000000
0000000000000000000000000000000000000000000000000000000000000000000000000000000000000000000000000000
0000000000000000000000000000000000000000000000000000000000000000000000000000000000000000000000000000
0000000000000000000000000000000000000000000000000000000000000000000000000000000000000000000000000000
0000000000000000000000000000000000000000000000000000000000000000000000000000000000000000000000000000

Field #7:
****************************************************************************************************

Field #8:
0000000000000000000000000000000000000000000000000000000000000000000000000000000000000000000000000000

Field #9:
*
*
*
*
*
*
*
*
*
*
*
*
*
*
*
*
*
*
*
*
*
*
*
*
*
*
*
*
*
*
*
*
*
*
*
*
*
*
*
*
*
*
*
*
*
*
*
*
*
*
*
*
*
*
*
*
*
*
*
*
*
*
*
*
*
*
*
*
*
*
*
*
*
*
*
*
*
*
*
*
*
*
*
*
*
*
*
*
*
*
*
*
*
*
*
*
*
*
*
*

Field #10:
0
0
0
0
0
0
0
0
0
0
0
0
0
0
0
0
0
0
0
0
0
0
0
0
0
0
0
0
0
0
0
0
0
0
0
0
0
0
0
0
0
0
0
0
0
0
0
0
0
0
0
0
0
0
0
0
0
0
0
0
0
0
0
0
0
0
0
0
0
0
0
0
0
0
0
0
0
0
0
0
0
0
0
0
0
0
0
0
0
0
0
0
0
0
0
0
0
0
0
0

Field #11:
**22******21*322***223*34*5*22**33*42212*3*21*4****3*112*4*3112211****22*3323***311*322*33**2*4*4**2
*5*34*7*7*423**22334**4*****45***5***5*545*445****6*444*5***21**213*54*33***4****333**33**3233**5**3
4*6*55**6*5*3433122**5*6*7*5*****6********5****65**4*****35*424*3134*44*43435**6**4*44*432102*54*44*
*******4***5*5*4*4*424*6**5*5**7*7****67**4*6**5*6*436*6434*5*422*3**4**4*12**6*6*5*45**11113**33*21
*7****4446*6****3**323*5*4**434*****64***544*43***43*4**4**6***223*44*44*444*5***6*6***312*33*32*332
*6*433*2**4****5344*3*5*544*22*445***3456**5*324***324**6*****43*223*5*55***5*6******75423**333334**
**32122345*6*7*3*4*44*5***2235*32*5*5*3****7*43*6**53*55**6*644*433*3*****7*6**7*77******3434**4**5*
45*22*23**5***334***43*6*533***44*634*34*7***5**7****5**7*53**5*5**235**7**5********54**6*2*5**7**41
**4*22*4**6***42**7**23***5*****5***3223**46*6****765******44*5**6533**6**5*****7***434**543******20
*6*44445**7*7*3*6*7*644*7***7****45*32*445*5**4*6****55****3*45*****4**6*45***7*6*55**35***23**7*421
**5*****5****443*******5***5**7*32*33*4**4**3333*45***45**533**5*7*6*6**5*5*7*5**33**43**521135**43*
**5*67*5*45***4*4***434**54*4**32334*6*54*3333*334*45**4***35**43**6**55**6*7*65*45*6*35*30013**5**3
45*5***33*434**54343314*5*2135*43**5****5443**33**5*444*565***6*34*4*5**44******5****5*4*2001***45*3
**5***424**213***43*3*4*53313***5**6*7******7*33***5**55***55**33*2336*65*656*6*4*****6*532123*6*5*3
**6*6*32***42245***55*43**3*4**4**6***4*******55**4*********335*4222********4*645555******4*445**6*2
4**5*33*55**3*3*5****6*34*524*533*5**544*6*45****5346*8*8***43**4*24*6*****34******345*7*7********53
*66**44*5*7*524*3357***43**24**334*5**3*3*323*6**3*4******7**5**534**55*65545*8*7*6*3*3*****5546****
*****6**7***4*4433***6**556*5*6**5*65*3245*33*54433**7*6**7*5****3***3**4*******6*7*63447**6*3*4****
*65********7*4***4*65*7******5**5****433***5*5**3*46**44****43334*5*54324****644******3***6**324*67*
*5*67********55*55**4***77***7**56**6**4***6*6**54*****33*44*4334*33**324*66**45***6*6*57**3334*6***
*5****4345****5*5**55*8********7****7**645*5**4**6*54**44323*****434***4**5*******56**5***521******5
4*5*43222*5*6**4***5******5*6************324*655***3246***12**55*3**345****456*6*7*****6***3235*6***
**5332*4*5*4*555****346**5434*6***6****75*35****4**31***532235*5443322***434**44***7****34**34*34***
5*6**44**5*44***5*6423***4**335*65*67****6****7555*324**42*22*****43*224321***6*5***5*753334***32*6*
******4*5*23***45**4*3***434*4***4*****6***66*****22*35**33*45******3323*3335***54*34****5*557*324*3
36****65*533*66*6***32234*45*5***43**65*4**3***5*4222*3*43*4**7**765*2**4**45****4334*6********43**4
*4**6******33*****6*43224****435*3355**44444344544*112445*6*5*******346*44****8***4**5*5655456*5****
*5324**56*43*55*54*4***4**65*43*45***55**4**22****5323******43**5**54***33**6******6**4***5*5***55**
**323*43**43**22*446*53****34**4******5***33*336****4***56**533223*4***54*66*56***6***54********5*64
***4*34*6*5*54345****335*545**5*5*45***4443323*3***5***5*6****20012*35**5****5**6*5***4*5*545***6***
****55***6***4******43**33****32*213***54**4*5334*7*5445****7*30123224**7*8*5**7*5*55*43*33*24**5*5*
*45****6****4***5**43*554*4**5232202******4****44***6*3**8**6*534**23*******44***6**323*34*423*5*232
334***55*43333433334*5***545*5*5*43344544346*7***4****54***5******5*5**5*666*44***532*324**4*33*333*
**3**4**3323*32*23*5**45***5*5******4*5*44****66434*6*4*4323***56*43**655****5*7***2235*5*5*4*23*4**
*55444544**5**433**5*6*545**24*7**76********7****24*535*42234423**44*********4*****42***7*53*335*6*5
2***4***5**6***4*546*6***23323**6*****6**556****65**5**5**3**325*6**7***5*54235*****34*****545***5**
346*7****5*5**5**5***5*6421*35*6***7**5333***54*****5*5***45*5***4*****423*202***7**32*6*6*****64*43
**3***7*56*5323*5****43**123***7*7*5**6*23*7*424****54*7*6*4*6*6345*76*323*325*75***445*44***6**323*
*544***3****3245*5445*55543*35***6*44***54*4*5*44****6****23*5*6*3****4*4*44*****7*6****5*6*44*6*34*
3**556444*6*4*****32*******322***5*23*****543**3*5******643335***646*65*6*4***7*****655*4**23*4***4*
3******5*56*435****24*****7*325**3124***7***23455*5*7****3**5**6***5***4**33*6**7*****4223323*5344*3
4**545******54*555422*66****5*6*5323*****5*423****43***53*5****446**44*543223**5**55***222*34*4*34*3
**32*346*54*****3**235**6***6***4**4****54*21***7*43***3125*766*3***434**33*5555**44*64*3*5**34*4**3
*4323*2**3245*544*43***7****6***655*46***33335*6***436*412******425**4****5*****5**3**214**56*43*33*
3*5*433445*4*5*4*5*56****543**7****45***5*5**6**56*5*5**34***55*313***7*75**55**545555313*6****33321
2****2*3***7*6**5******54*2346**656****65******6**5**7*7**4433*4*12*******434*7*5******23**6*744**20
36*63214*****5**6**67*53*4*5****3****6***556**4***5*******42*22*322346***53*4***7**6*54*434****5**41
****1124*556*56**65***4*45***7*444*535***5**65434*56**76**5*42334*22*5*7*5*6*55***55*55**44****5***3
***523**43**4******555*5**56**6*3*22*4*8**6****234******5*5*4*3**55*6**5*7****545**3*******5*6*645**
*6*4*5**4*34*5435***3***55**5***523234***7****54**6*6*55*4*34*45******44********5444445**64*34***444
*44*4***3112**324*65*433**655*5*3*4*4*5*****7*6****4*4*6*42*333***5455*46**6*5****3**23***333*56*5**
13**34*6422244**3*4**4235****32122***4*5*6**5***444*35***533*3*6**22**5***6*545*64*334*5*6*5*5**4***
03*644****4*5*43335***4**6***301235**53*45*5*54222*3*3*5***324**4324*6**54****5**3334**53*****545***
02****5***7***21*3**54**5**6*433**5***33**56**212*44233545*44*6*33*5**66*4345**54*3****6*7*****3***4
013***33*****53335**43*4*44*4***55***5*33****43*33**43***43****5*3*5******33*5*4*4*5*7*******745***3
2345*4345667**4**4***3244*446****5*744*335*744*43*5***4**6*6****2213**5*66**56*54*55**6*6544***6**6*
****34*******6**6*5**22**3******5****43*2****6**34*6*434***5**6532244445*******5****6**4**446******4
5*633**56*55*6***3*4424*656*535*5466*5*433*7***32**6*43*5545*5***3***3***8*77*5*****6**54********5**
***34*6*3*34*6*6432*3*4*****324*4***4***233***6434*5*4**3**5*44*5*5**44*******656*6*5**3*5*6****4344
***5***434*5**4**223*6*6**44*5**435*4355*5*5*****45*5*32223**55*54*433*45*56*****4*5*53214*54***53**
4***55*3*4**5*434*23****4434***53*335*4****447**6****3323235*****3*33*44*4*5***6*54***3124*5*6****6*
*56*6*334*545*43*5*33*544**4****433****5**44*****55*5*4***5**7*53444**6**43***6*4**5**4*3**7*7**8*6*
**6***21***3**4**5*2224**534*67**3*435*5443******5*55**66***5**42***4****34**7**435*6*42*5*********3
5****4213*6*5*544*322*3**5*44***45*425*6**45*7*6*5***5***4**54*3*56544454*4*****21**7*4223*6*546***2
***43*1135**54**333*2245**6**334*5*4*******4**24*4244*34345**3123****4*4*4*6*642124***6*213*55*6**42
4*632233*****6*6*2*222**6***5424**35*657**6*5333*434*544*5***5334*67*6**5*5***1124*7****424******7*3
3***22**5*6*****44232*6*7**5***4*5*5*6***5**5*4*4**********7*****5****33***5*434*********3****54****
3*5*45*6*6*6**7**3*4*3****55*8*53*3*****6*6**4**66*55*65**6**7****6554435**523*******7**6*45**2136**
*344***5***5*6**55**445*7**5***6*555*6**6*5*6*5****33**456***6*65***5***6**6*54557****6**4*333222***
12**5*7*66*55**5**6*4**4**5*********5*7**35**4*4***44*6*****7***34****7********4***56*6*6*5*43*4*6**
02456*****4***5*6*5*45*546*67****65*6***6*6*5*3334**5**5*******43*35*6**6*4446**6*5*5**5**5***5***5*
23*******54*6*33**65*6*6******55*4*5**6*5***534*3345***54*6*8*43*324**5*4222*4*5**32****55*433****52
**5*7*5***22*445************65*324**6*44*6***5**4**3*6*6*56***33*44***534*44*33*65434*5**4*21346**5*
334**223*4344*****6546*755*4**44*56**55**6******544434*******6*54****6**3***444*****4233*4333**3***2
2*44432233***6*7***3*5***5444*3**********7*66*8**3**4*6**7***4***5565**54344***6**7*5*433*2**6544542
3**2**3*2*6**6**5*6*6**7****43335*54*6*6***4*****55*6*6**7*6446**4***7**4*23*43***6*6***3334****4**3
*4324*5232****4*43****6******3*23*3224*34**336*8*6**5**4****4***5*5******5*433357**6***6*4*43444****
3*214*5*435*5233*225***5566544*34*43*5322*543*******54555***5*534*446**6**5**4**********5***33*45**3
*33*4*6***4*322*3203***5****3*23**5****335***6*7****4****654*22*22*4***334**5****5*5*7**6***6***5*63
3*435*6***64*2*4*213****45*4*444**5*6**3****7**6**656**8***42112345***523*6*43*543234**4**6*****5***
3**3**5*6***223*54*336*42*234***34*44*444*5***4**6**********2124****7*5*5*6*312*3*33**5556*6556*536*
*5*544*34**5435***33*5*54433**4224**22*2*335*656*6**6*5***6*32*****7**5*6*4*20235**6*6*******2**6*5*
2*4**22*346******54*4******3*4223**6321335*4*****4*4*235*5*34*6*76***54**443334**6***6*7*7*4223****3
235*31223***67*7*4**45***43333*2*****101***5346*5322233**534**5***6***544**5*****6**5**6**31013567*4
2**2223*35*5***6*546*5*4333*3*456*6553113***33**4*101**5**4**56**7**6***35****555***65*5**3113******
4*534**4*5*5454**4****322**5*5****4***2245**5***5443445*6**65*******54*44***55*4**7***6*54*11***6*7*
**4***44**3**4*7*645*54*223**7*7**55*53***55**54******5**6***55**55**44*4**53***6*5*7***3*2224**43**
**33554*4344*4*****45**42225***6***4**446**3*4*45667**5**6*7*5*655*54**6*7**434*5*55**634344*544*34*
3444***44*3*4545**6****6*4*5**5**434**5**543245*******55**5**7*****4*5*******334*4****4*3******323*4
2*****5**5*5***235**5****7*6*7*5311*55**7**23***6445***5***6******54*446*66**6**56**6*65*7*65*5*34**
3**654*5*7**34433**4336****6****4345**6***5*6***4*34*6*6**4***7****34*4**5*********44******4*45*4**4
*43**546***423**3*6*32****5**7*********7*54****5*5**5*5**534***45*4*3*4***6*6**5**33*5445*6*6**4*33*
*313*******42**433***35*7*535**7**6**6***5*67*7*6**5**5**3*3455*33333234*4**44332213*5*33*5****63222
*4112457***4*444*56*6*5*5*4*5*5***54*446*6********65**43233*3**5*2*3*34*3345*3*11224*6*5*45*65***33*
**3323*****54*3*****7**4*35*6*34***44*3***4*7*******56*312*35***433*5***32**5*432**3**3**4**4*455**2
*7***3*7**6**6*56*8****43*4**324*65**6*7*533**6****6***5*54*4*8*5*54***5*24*5**3*54434445*7*53*2**53
****544***6****5****6*4*325*43*4*4*******5*23*5555**545****45***5***443*323*544*4**2*3**5***3*2335**
344*4**44*5*755**7*6*4333*4*44*54*55**6***4234***34*5*6**65**545*544*3445*44**33*54425*6**533343*4*5
*445*6*4334***5**6*7*5*3*34**5**6**3456*6*4*2****44*6*****4**3*4*6*55******6*42*4**4*4*7*6*12***34**
******3**2*4*4**4*****3*3*23*4****32****32*223****3**34*423*3213********44***2113***23****212*5*22*3

Field #12:
******5************************************5*5****************5*5**********************************
*********7******8*******8**************************8******************************************8****
*********7***8*************************************************8**********8*********8**************
************************8******8*7***8******************8***********************************8******
*********************8****8*******7********************************8*******************************
5*****8*********8***********8**********************************77*******7**************************
********************************************8****************************7****************77*******
**8*******7*8*****8****8***************6*********8************************************8********8***
**********7******************8********66**********************************************************5
************************************************8**************************************************
***************8************8*********************************767**********************************
**********************************************8****************************************************
************77*******8*****8****8***************8***************************8**********************
****66*******************8************************8*8***8*8*******8***********8*******8*****8******
*8***6**********************7***********************************8*****7**********8***************8*
********8******************7************8******************************7****77********76******8****
***********************************************8*******************7********************7**********
**********************8**********************8**********************67*****8****8****8*********77**
******8*********8***7**********8******************************7************************************
*******************7*****************************************7*************************************
****8********************8**********************8********8********8**8********8********************
**************7********8*********77***********************************************8*8***8**********
**************7**********************************8********8****************************************
*******************************************8*******************************8***8*******************
**********8***********8**********8***8*********8********************8***************8**************
***************8*************************************************8********************************5
***************************************************************************************7***********
*********************************************8****************************77***7********7**********
***********8*********************8********8*********8*************************7*************8******
***************************8***********8**********************************************************5
**********8********8*****************7*****************8**************8****************************
***************8********************7**********8***************************************7**8********
*******************************************************8******************************7*********8**
*8********8*********8********************8**************************8********8****************8****
*************************************************************8******************77*****************
**************************************66**********************************8**********8*************
**8**********8***************77**8****6******************8**********8**********8***8*********8****5
*****************8**********************************************8******7***************************
***********77*****************8*********************8*******************7***8******8**8***********5
******************8*************7*****8**8*****8*****************8**********************8**********
*****8***************************6*****************************************************************
********************************6********8*********************************************************
***8********77*******************7**8*********8************8**************7********66******8*******
***************************8*************8*7*******************8**8*******6*********6**************
**8******8******7********************8*****7***8**************************7****************8*******
***********7***6************8****************8****************8********8***************************
************7***7*******8********************************8****************8******7********7********
********************8***************7**********8*********************************6*7*****7*********
**************5**********5**********4*****************5**********5***********5****3****************

Field #13:
2**3111*12*32*2211001*210000112**11222**211001*21101*2
*5*3*11223*4*4*3*21013*322222*22211**3333*312223*3112*
*4221213*32*3*4*4*2102**3**3*210001333*12*4*4*22**1022
4*3212*3*21122*4*3*10123*4*311001112*312334*4*2123211*
***3*3122210013*32110001121100012*23*213**21211001*111
2323*3101*10114*3000001111221001*3*3222**4100011111211
01122*2122201*4*4100001*11**1002243*23*5*310013*3101*1
01*223*11*22223**100001111221001*2*33**32*1001***21232
1212*21112*2*1122100012222221101122*34321121124**43*2*
*322111112243322221101**3**2*1111012*3*3111*22*44**431
2**3222*22*2**4**3*11233*322223*211224*3*1112*22*4**20
234**2*4*2123**55*222*1111001*3*21*22*3322111233234*31
2*33222*3211244**223*420011111322223*23*32*112**11*23*
*4*112433*11*3*3222***1001*2112*32*3222**2112*5311223*
3*311***32223*3324*555321212*13**213*21232102**3212*32
3*2013433*21*3*3***4***2*101112*4213*3001*1013**3*43*1
*32233*12*32223*4334*433210111112*12*200112111223**322
*21***31112*102*201*323*3223*21121111212122*100024*22*
11135*201243312110224*4*3**3*21*111102*4*3*210002*433*
0013*3112***2*10012*3*312222123321*212*4*31100002**3*2
123**201*332322002*43321122101**123*22232200000124*421
1**5331211002*2113*3*4*22**2113321*22*33*1001122*22*21
13*3*2*211113*32*2122**22*4*213*212233**32101*3*4322*1
01132313*32*33*22210233222212*4*301*2*543*1023*4**2211
0002*202**22*4321*113*21*101334*322222**42201*3*33*221
0014*41222112**12332**321112**22*2*2123*3*101122344*2*
122**3*2211012211**323*2113*53122423*11133311111***221
*2*3345*3*10111014*3013*21***311*2*222102**11*33332100
12111***43311*2213*3102*3245**1113344*313*3112**111100
000013432**213*4*43*10113*3*321001****5*3232222223*200
000002*213*424*5*4*210003*41101112344**23*3**3111**321
111123*2012**4*32*3221102*31101*11*113322*33*4*1123*3*
*12*3*2211123*32113*3*21212*1011111101*222233*2100125*
223*3222*10023*1002*312*213231100000012*11*2*2101111**
1*3221*332223*21001110123*2*2*1001110023321223222*1133
112*124*5*4**43211122101*331322113*2002**1112**3*3101*
002221*****33**3*11**2012*101*11*4*3002*311*2345*21121
001*236*8*4225*42224*4111110111114*41122212212**211*10
11223*****32*4*31*12*3*10000000002*4*21*11*102*4212210
1*11*45**4*325*312221322001221000124*2111111013*43*321
11112*333212*3*312*101*1012**211001*21112110002***3**1
0000112*10022423*211011101*432*10011212*3*101122323331
001233321001*2*211000000013*211211001*22*3211*22223*31
012****22111132212210000003*3113*310122212*1123**3***1
02*4444*3*2233*22**21100002*21*5**1001*1122112*5*42321
02*44*32*22***33*444*2100011112**42102232*211*23*20111
012***211223322*22**3*211000001222*112*2*3*122211101*1
0012332102*200111122212*1122100001111*2223322*21000111
121112*102*421011100002232**1000000011113*4*32*2221000
*3*22*21013**101*100012*3*53211001111222**4*2113**1000
3*22*210124*3112210012*34**43*1112*23**322212223*43110
*32222112**3202*31002*33*5***421*23*5**201122**22*2*10
23*11*11*45*312**2112*22*434**11234*4*5322*2*321112110
1*3332123*3**32322*111112*2233312**333**3*322210000000
123**101*345*4*20111001122*12*3*23*43*433*312*21100000
01*3222323**24*41100112*11113*42222**3*3322*223*101221
011101**12*422*3*2101*3220002*21*223233**11122*2101**2
00000122112*11133*10234*1001221223*101*321001*2211123*
0000011100111002*4323**22233*223*222111100002221*21011
110001*100111013**3**3222***22**212*201110001*223*1000
*2110223111*101*4*322101*4431122225*411*2121212*212110
34*212*3*11110123210000113*200001****2212*3*3121112*10
**22*22*21000001*211001113*30012445*4*10124*3*1012*320
221222234210000123*1124*44*3102***31211112*232312*3*21
0001*11***1000001*211*****3*102*5*200001*2111*2*21212*

Field #14:
000000000000000000
000000000000000000
000001110000000000
000001*21100000000
00000112*100000000
000000011100000000
001110000111000000
001*100001*1000000
001110000111000000
110001110000000000
*10001*10000000000
121101221000000000
01*1001*1000000000
011100111000000000
000011100000000000
00001*100000000000
000011100000000000
000000000000000000
000000000000000000
000000000000000000
000000000000000000
001110000011100000
001*1011101*100000
0011101*1011100000
000000111000000000
000000000000000000
000000000000000000
000000000000000000
000000000000011100
00000000000001*100
000000000111011100
0000000001*1000000
000000000111000000
000000000011100011
00000111001*10001*
000001*10011100011

Field #15:
****************************5*******5*****4**3
5******6*************************8*****8**7***
******66**************************************
*************8*********************8**********
**8*******8****************************7******
********************8*****************7*******
*8***********8***************8****************
**********8*************77*********8**********
***8************8*************8***********8***
*************8********************************
***66*********************************8*******
*8*6***********8*************8**********8****5
*******************************8**************
******8***8*8********7***8***********8**8*****
********************7*************************
***********************8**********************
********8************8*****8*****************5
******************8***************************
**********************************8*6*****8***
************************************66********
******8**8*******************6****************
********************6*8*****7*7*8***********8*
5******77*****8****66*************8***********
*************************8**********7***8*****
*****77*******8***************7******7********
***8************8**7***********7***8**********
********************7*****7*************8**7**
***************8***********7***************6**
**7******77**************************8******7*
***6**7***************************************
**7**7*******************8*8**8*******8*******
***************8**7***7************8**********
*****************7*****6**********************
*******************8***7*********8************
**********8******************77*************8*
**********************44**********************

Field #16:
*5**211234*
***7*33****
3*****5**74
24545**7***
1**45****8*
25*********
*4***7**7**
*336*7*5***
343****545*
***7****4*4
*6***6*6***
*55*5*4****
3**5*56**8*
*7*6*******
****66666*4
**6******3*
*66**6**421
*****45*521
35*55*5***2
2*5*3**46*3
2**4456*6*3
35*5******3
**3**64455*
4444**23**3
**3*44*4*5*
*6*5*43*35*
3**6*4*44**
*5**4*5**6*
*66*54****3
****5****5*
*7*6**544*3
3**6*42*33*
4*7**333*32
****7*4*43*
*55***4*4*2
*43*6433*42
*4*5**24*5*
13*4*4*3*4*

Field #17:
0012210001110
002**10002*20
123*311124*41
*4*2224*3**4*
**211***3223*
232236*410122
12*3***3223*1
*34*554*3**21
23***2*23*310
*224442234321
3422**23***3*
***2222***4*2
3*42012454311
23*211*2**210
*32*232335*31
*322*4*21**4*
2*223**3334*2
34*12*6*4*322
**3333**4*32*
334**33322*21
1*4*42*223321
113*3223**2*2
11224*23*532*
2*11**33**232
*222322*34*3*
123*313333*42
12**3*3**55*2
*22233*4****2
11001*2336*52
01112343*4**1
02*44***33*42
02****7*323*2
01246*6*21*4*
2333***32114*
****6*6*2113*
4*55**4*43*32
*32**333**33*
*335532*5*23*
12****22*322*
0236*4112*222
01*4*411123*1
1214*6*202*53
*212***423***
3*334***3*542
2**3*4423**10
234*4*3224320
2*445**3*3*10
*4***433*4210
3*6*5*112*100
3**5*53123421
4**4***22***3
**423*4*346**
**5221223**5*
5***1112*434*
**6421*322*21
23**213*32110
013*203**2222
1122224*5*2**
2*11*2**42433
*21112223*3*1
221110013*422
*11*2101*33*1
2323*2112*211
*2*22*1122100
12222234*3110
002*43***4*21
223***56*423*
**34**4**21*2
343*4*3222221
*2*2211001*10

Field #18:
000000000112*100112*100001121101110001*1000001*
1211000002*311001*21100001*2*101*11111111110011
*3*1111002*200113220000001121101111*21001*10111
*5211*100222112*2*100001111111110134*10011213*3
**21211001*11*3342100112*11*11*101**2111101*4**
233*10000111112**20001*3211111110133201*1012*32
01*2100000000013*200012*10111000001*10111001110
011100112110000111000012211*3210001110000000011
0000001*2*10000000000112*123**2000000000000001*
0000001121101110000001*2122*4*20000111000000122
0000000001111*111100011101*221100001*10011112*1
0000000001*11111*100000012210000000111001*11*21
0000000001110002331011102*200011100000001111110
0000000000000012**101*212*31012*101221000111000
000000001110001*321012*112*101*2101**10012*1000
111111112*1000111000011101110111001221001*21111
2*11*11*3210011100111000000000000000000011112*1
*2111112*21101*1001*321111000000000000000002*42
2312110112*101110012**11*1000000000000000002*3*
*2*2*100011211000001221111012221211011100001121
121211000001*212110000000001**2*2*101*100000000
00000011100223*2*100122100012221211011111100000
0000001*2111*21222101**10000000000111001*332111
000000112*1112111*10122100000000112*11122***11*
00000000112111*111111211000000001*3211*11354211
00111000001*22110001*2*10111001122*1012211**222
001*21111123*1000002232211*1001*1111001*11222**
1112*22*11*222100001*11*11110011223210111000122
*1012*2111222*2100122111111100001***10000000011
12111110001*22*1002*200001*2100024*32110111001*
01*1000011211111002*2000012*10002*311*101*11121
011100001*10011100111000001221003*3011212112*20
00011100122101*2100000111001*1002*21111*1003*30
0112*10001*1123*1000113*311111001111*1112112*20
01*2121101112*3122222*3*3*100000000111001*22110
011101*100013*201**3*442422111000000001122*1000
000001110001*2101224**2*3*21*3210000001*1111011
00000000011211000002*3213*323**212110011100001*
1110000001*2100000122100112*4432*3*211001232111
1*211000013*2000001*32101122**113*43*2212***100
224*2000114*30000023**101*2344202*3*3*3*2232100
1*3*20012*3*2000001*322133*2**20112122*21001110
11322001*22110000011212*2*223*20000002221111*10
001*10122100000000001*2121112210111001*11*11110
0012211*21100012210011100012*1001*1001111221000
0001*1112*10113**2111100001*21002220000001*2100
1111110023311*4*4*11*321112110001*112211122*100
1*2110001**212*221112**33*1000123211**11*222111
112*100013*312221011223**210001**101221112*112*
012210000124*21*101*1012210001232100000012211*2
01*21100001**21110111011100001*1000000012*21322
1333*101111221000000112*1000011100000001*22*2*1
1**21101*100111000112*2110000000000000011111322
2321000111001*22211*3211121211000001110000002*2
*21100000000113**112*322*2*2*1001122*11110013*2
12*100000000002*31012**2121211001*2*211*1001*21

Field #19:
****33*32**3*22*3*201**3**44*4*4**2234***222111111101*2*33*3**22*422**10
****5***45*313*44*312334******4**55****534**22*22*223334**45**22***34431
4**5**65**4314*5*4*12*33*****5*33***5545*4*43*3*334**5*5**3**4235*6*4**2
3**334**5**3*4**3*334*4*4*543*3224*5*4***412*2323**7***6*435*43**4**6*4*
*3323*435*65*32233*4**5344*222*12*4*4**8*301222*45****4**31***6**43**232
111*4*42****21124*5****3**3*33223*43*6***3123*55**433224*4235****213443*
12224*4*4453312***5**43*4343**44*33*5***44*4******522223*4*34*7*4212***4
*3*23*533*2*2*24*44*52124*3*6****23*6*654**5*65*5***4**336**4*5*42*235**
3*4*22**42313233*33**201**53***4223**4***544*4*4435*5*32****324*4*432*6*
*4*4323*4*201*3*4*24*5224**2355322*4*445**3*45**4*33*433333322*4*5**43**
*53**2224*3124*4*224***22*433***2*443*4*423**5**6*34*6**4211*324**4**34*
**234*12*6*33**6322**7*3234**4*554**22**3245**6**3*5******213*22*434*32*
4422*323***4*****33***33*4**534***3322222***4**4333**7****302*213*44*432
**34*32*5*6*445***325*32*4**5*4**423*21124*53222*23*6**8**3111213***4**1
34**3*44*4**42*6**303*42223**46*42*3*43*24**321224*4*****4*1123*35**5431
*34344**5*5*3*3***213*4*43445***42344**23**4**12*4*324**53212**4*5*7**42
3*2*3***5*412124*521*35*****3***4*4**5313*655534*422113*5*323*5*5*******
*234*6*55*532102**445*5****433*33**6**313******5*43*2123***3*23**5*7*55*
232**5**4****3123*****4*433*222234**7**12*667*6***3*32*2233*323445*6*43*
*3*43*44*34**5*2345**4322123*11*2*6***5333****5*54333*3323323*3**3*5**31
13*2124*3224**33**344*23*33*422234****6**45*7*43*2*3*6*4***23*32333*4*31
012323**32*545*556*3*5*4**4*4*22*4*67*****4**34*4324***6**5*32112*4343*1
112**3**34***5*****53**4224*53*33*3*****5*435*4**23*7*6***44*422*4**4*32
3*322334*4**5**534*3*4*3113**435*4456*54323*5*323*5****6*5*4***44*5**4*2
**2113*435*5*5*202231212*23**3***4***4*3*23**21024**7**5*43*5*6**34*33*2
3333*4*4**34*31224*3100224*65545*44**54*23*643112****6*312*4*4**53*33321
1*3**43*44*43313****1001*4*****433*33**322***3*23*****221224*44**444**31
234*32*4*43**3*6*6*422122*35**5**543224*4446*64*45543334*32*45*54***6*5*
*3*42335*3*335***534*4*32324*43*****113****5***5***212****23***4*5**6*6*
35*4*3**32122**64**4*5*4*2*4*4457*7422*6*6**45*4*654*35**523*7*53*55**5*
**3*23**4112*6**555*4*4*333*4*******34**5*34*4222***5*5***24*6*4*5**6*52
3331114*5*23*5*****33*44*45*4345*****6***334**2234**5**4534***5*6**5***2
2*21113**4*546*76**333*3****42*235*6****54**334**35*535*5*5**6****55*7*3
4*43*23*43*******65*4*324****4212*55*6*4**5423**64**4*4****5*5*543**5**4
**4**33*225***44***5**214**5**424***5*223**2*4****5*325*6*4*4*4*224**5**
*65*43*332***42235**5422**544***3****33134554*5***3234**4234*6*4*23**55*
***33*5*4*333*23*323**12*4**334334*44*4*5****4*43323***6*33****423*5**5*
*43*45***43234*4*3235421234*32*23*435*6***7*34*412*3*66***4*4434*55*54**
2223***65**4**5*5*3***211*333*3*4*4****6***322*3*2122***53*211*3*****444
*32*34**5***6*6*5*4345*434*3*332*4*6*6**565*12353201245*4432123335***5**
**21113**5**5*6*65*44****5*64*344*4**445***433***213*4*5***22*4*34*76**4
23211124*5323*5*******7**4***3***45*42**34*3**3434*4**3***64*3***4****7*
13*33*45**20113*56**8**434553335**4*324433343423*5*532336***33355*566***
1***4*****522133*4*****42***12*4446*42**3**3*3*5*7**322*5*75*23**5***653
13544*556***3*2*24*646**333324**3****3345*65*32******3*4****5*5**5*6***1
13**33*3***6*32112*3*5*5*212*4*6*45*53*4****4323***8*54*6**6**6**424**31
2**44*45*65**21111134**412*22*3**22**22***65**3235***3**6***4*4*44*32210
4*65**6***4*532*2112***52222323332134435*6**5*4*13*5346**5*44232*4*41100
**********32**212*12*****11*2*11*101***3*4*4*3*212*21****32*2*1113*3*100

Field #20:
000000000001*33333*212*101*212*101*11110000000
0000000000012*****22*2110112*21101111*10000000
0000000000001245*42111011212110000001121100000
000000000000012*4*200001*2*210011100001*100111
00000000000001*23*311001122*1001*10000111001*1
0000000000011211223*10001121111211000000111111
000000111001*2111*2110002*2001*1000000002*2111
0000001*100113*2111000013*311111000000002*21*1
00111011100002*310000001*22*111101110000111111
001*10001110012*10000001111111*101*22210011100
001110001*10001232100001110001110224**1001*100
0001110011100001**200001*100111113*5*410122100
0113*312110001134*20011211112*11*4*5*2001*1000
12*3*3*2*10001*2*32013*2001*211113*31100111000
2*232312110002232*101**31111211001110001221000
*321*100011101*111101222*1001*2110000002**1000
3*22221111*21111000000011100112*10000002*32221
3*42*11*222*1000000000000000001110000002221**2
2*3*2112*1112110001110000000001110001111*113*2
1121100111012*11111*21100000001*10002*21111332
110000000001*211*1112*111111101110002*31101**1
*20000000001110111002221*22*21000000123*101221
*20000000000000000001*1112*3*211000001*2100000
110000000000000001111110011212*100001221000011
000000000112110001*100111111022211101*1000001*
0000011212*2*2110111001*11*101*11*212110000011
112111*2*21323*21100012322110111112*1011100000
1*3*32221101*213*20112*3*10000000011102*200000
113*4*2100011102*311*33*321011100111013*200000
1112*3*2100011112*112*223*101*2101*212*2111100
*101122*11222*1011112222*32223*10223*21101*111
1211002222**33310001*11*34*4*32211*2110012322*
02*3112*12*32**3110111124**4*21*112221112*3*31
02**21*2111114*4*1000112**321111101*3*21*23*31
135*2111001123*3110001*22210000000113*2112222*
1**21111012*2*2101110111000112110000111001*122
122101*101*2211001*101111111*2*21000000001111*
0000022212210001122211*11*11122*10111000000011
000012*11*101111*22*222111100011113*2000001221
00001*2111101*112*212*100000111001**3110001**1
00002220111022201221111000123*1001222*10001221
12111*101*102*2001*21000001**21000001110111000
*3*1111011225*41123*100000123211110000001*1111
2*221100001***5*21*2101110001*11*10011113322*2
2211*211002343**2111112*1111111111001*12**12*2
*20223*1001*112210001*2111*1111001111113*52211
*213*311001221000000111001111*2112*10002*3*210
111**2000001*10001110000000123*11*321001122*10
001221011113321222*100111001*322113*2000012321
00000001*11**11**211001*100112*1002*310001*2*1
111011111112211221000011100001110023*100011211
2*323*31000111000000000000000000001*2100000000
3**2***10001*100000000001110000000111000011100
2*32232100011100000011101*1000000000000001*100
123211110000001221001*101110000000001110011211
01**22*31100001**10011100000000001111*100013*2
123*22*4*1000012221111100011100001*11110001**2
*111123*2101110112*11*10001*101111110000001232
121102*31001*112*21111100011101*1111000001111*
12*103*30001112*310000000000012211*2110001*111
*21113*20000002*20000000000001*10113*200022200
22001*211122211221000122211002220002*42101*222
*32111212*2**113*20001**2*1001*100012**21223**
3**1012*3223321**3110122211001110000123*11*222
2*3102*4*101*23343*101110000000000000011111100
112112*311012*2*2*3211*21100112110001110000000
001*122200002231212*1112*1001*2*10123*10000000
012222*210012*101232100123211233211**210001110
24*21*3*2111*3201**210001**101*2*1122100002*20
***322313*212*10123*10001222121222100000002*31
24*32*102*201110012210001111*1001*11121100112*
0112*2101110001122*212111*1222001111*3*2100011
111111000000001*2*22*2*11112*20000012*3*101110
1*10000011100011212222110002*20011101121101*10
221000001*101110001*1011100111001*211110001110
*112221233212*100011101*1000000013*22*20000000
111**2*2**22*210112110111000000002*23*30000000
0012221224*311001*2*10000000000012212*20000000
1111101112*3111222211011101110001*101221001110
*11*211*112*11*2*100123*101*1111111001*1001*10
2223*2111011112321001**2113432*100011212112231
2*22*2111000112*1000122101***2110001*101*22*2*
3*21111*10001*2221000000012332112211221112*221
*310001121112322*111100000001*11**101*10122100
*20000113*32*2*3211*101110001111232111101*2100
1100001*4**2122*1011101*1011100001*1000134*100
11000023*322111121101121223*211001110001**3100
*100001*4311*2111*102*422**33*32100000013*2000
11001123**1123*111102***3333*3**10000000111000
00123*12*3101*32000013**32*2122210000000000000
001**222210012*100001233*211000000000000000111
0012211*1000011100001*1111000000000000000001*1

Field #21:
*3111*1000001*4*21221001*3*4*2*22111**202*201*100011211000001**32101122*1000
*3*11111122222**21**100124**233*2*113*313*312321112*2*210011224**211*3*22121
12110012*3**3233233310124*4212*3212123*33*21*2*11*3223*4323*202*4*113*312*4*
0000001*3*4*4*32*3*2002***2002*3112*13**3222221113*202****3*201121213*203**2
0000112121224**434*3223*4210012*11*323*5*21*211234*2012333321000112*21213*42
11213*200001*4**3*33**21100111222224*313*322*11***33321012*321001*32101*22*1
2*4*4*2112132323*22*44310001*23*21*4*2012*222112333***112*4**10013*200112221
*3**5221*2*3*11221112**200012*4*213*5321213*310001*33211*34*310013*421002*20
123*4*21122*211*100024*3211012*2213***2*113**1000111011212*332101*3**2224*20
11225*300122101222222*3*2*1002333*32322223*42100011101*10124**2022323*2**531
1*11**2001*32102*3**2121222101**3*321112*4*4100112*10111001***311*112334***3
11223211134**102*323210002*3113343*2*11*23**1112*2221000002454*11111*2*224**
012*1001*2**52011101*11112**101*2*232211112211*2122*1000001**211111112110233
12*21001123**1000112123*212321113222*3100111011102*42000001332001*21211001*1
2*3332100012221102*202**2012*1002*23**1002*2000002**10122102*211224*4*211211
*22***10122112*114*414*5201*21002*22*42102*200000123211**212*22*32**5*31*111
123442223**32*212**3*4**10222000111112*2121100111001*1124*21224*4*545*31111*
13**101**5*3*3202*3213*3101*100001221112*210001*222211002*312*4*53**3*322122
3**410134*222*10111002220023322211**20023*1123322**11232212*434**222212**22*
***20123*2101110000001*2101**3**224*2001*222***123311***3234**222100112222*2
233222**310000000000012*10123*323*311001111*34321*101233**2**52001111*111222
002*3*4*2001110011112232200012212*200012212333*2111111012235**2102*21222*22*
002*32321012*2111*22**2*221102*21110001**32**3*32322*100001**5*202*201*33*21
113221*2212*22*1113*5332*2*212*200111124**234534***21100112223*20233234*2110
1*2*123*3*211111003*4*11123*2112111*11*33311***5*52101111*21111101**2**22232
223111*5*3100000002*4220002*2112*1112222*2114**5*30123*1112*1000012223321***
2*31124**312121100223*32212122*321112*113*213*33*212**2100111000011101*11343
2*5*21**42*4*4*2223*43**3*101*3*112*22213*31*211111*32222212111111*1123211*1
13**335*212***32**4**34*3110113221*321*13*3111001133311**3*3*11*11111*2*2221
14*43**211345*44433*4*212221001*223*23233*3122211*2**11224*41223210011224*20
2**22*4211**22***11121102**100113*44*5*3*33*2**11122221213*323*4*2111002**41
*321112*1123234*311221013*3100113*3****33*423221000001*2*212**4**33*2002***1
110000111001*2*2101**101*210001*212233212*3*100000000112110123*322**20012321

Field #22:
***1001*
4*521133
4*5*33**
**7**6*4
5******4
*****7**
*44*4**4
2233433*
1*2**333
3345*6**
**2****5
*446*7**
23***6**
3*5*5**4
**55*7*4
23******
1225****
*323*432
**3*3210
*6*33*21
**4*544*
*54****4
**55****
****4***
5**53343
****22*1
5*534*53
**21****

Field #23:
00000000000
00000111000
110001*1000
*1000111111
110000001*1
00000000111
00000000000
00000000000
00000000000
00000000000
00000000011
0000000001*
00000000011
00000000000
00000000011
0000000001*
00111000011
001*1000000
00111000000
00000000000
00000000000
00000000000
00000000000
00000000000
00000000000
00000000000
00000000000
00000000000
00000000000
00000000000
00000000000
00000000000
00000000000
12210000000
1**10000000
12210000000
00000000011
0000000001*
00000000011
01110000000
01*10000000
01110000000
00000000000
00000000122
000000001**
11000000122
*1000000000
11000000000
00001110000
00001*10000
00001110000
00000000000
00000000000
00000000000
00000000000
00000000111
000000001*1
00000000111
11100000000
1*210000000
12*10000000
01110000000
00000000000
00000000000
00000000000
00000000000
00000000000
00000000000
00111000000
001*1000000
00111000000
00111000000
001*1000000
11111000000
*1111000000
111*1000000
00111000000
00000000000
00000000000

Field #24:
********4*******4**5***5*************3*****5***44****5*********4*5**************33*432
5**8*7**7********7**************7***6*6*********************7**5*********6****7*6*****
******6****8*******8*7*5*******5***7***6*********8***77******5*56*****8**66***6*******
5***76*********7*8****434*6***55******7***8***6****7******6*6*6**************6********
**************7*****5*5*546***5****8****8***6*56****7*****44**********8******7******74
**********8********655********6************7*5***********64***************************
5******8***********************7*8************6******7*****7****6************7*7******
*********8**8*****7*7**8*****************8*8***6*****7*8******435*************5*******
***6*7*8********8**5************77****8********7**7******7***644******8***8**6******7*
**7*6********8******6****7************************7*8****7******************6******6**
***********7***8**76****6**66***********8*8**********************************7******54
*6***8*****7**********7*6***6**7*************************8***8*******7***8*********6**
*56*****************8**4*******7**************************************7**********7*6**
3*******8*767*********66****66****8****7**7*7**********7***********************8**6***
*7************77****8*******5***********7**6******8*8***7*****8***********************
***7****8**67*****8****8*****6*****8***********8***********************8*8*********8**
4**7******6******************7**7********7********6**7************************8*******
4******7*6*******77****8*******6********6********6*7*6*8************************8****5
****67**5***********8****7667**5*56*8***5********7***6********8***8*****8**77*********
**66***7***7**8*7**************645******546***********6***7*****8***6*************8***
24********7*****6**77***7*7*8************4*****8*****6****7********5*5****7**7********
02**************4*****5**3*****5*****5****4**********4******5*****4*3*4***4**4********

Field #25:
***5******************
******7*7*************
*******6*****77*******
****8*****************
5*******8********8****
**********8***********
**********************
*******************77*
***********8**********
**********************
**********************
*****8****************
**5*******************

Field #26:
00000000000000000000000000000000000000000
00000000000000000000000000000001110000000
00000000000000000000000000000001*10000000
00000000000000000000000000000012210000000
0000000000000000000000000000001*100000000
00000000000000000000000000000011100000000
00000000000011100000000000000000000000000
0000000000001*100000000000000000000000000
01110000000011100000000000000000000000000
01*10000000000000000000000000000000000000
01110000000000000000000000000000000000000
00000000000000000000111000000000000000000
011100000000000000001*1000000111000000000
01*100000000000000001110000001*1000000000
01110000000000000000000000000111000000000
00000000000000000000000000000000000000000
00000000000111000000000000000000000000000
000000112111*1000000000000000000000000000
1100001*2*1111000000000000000000000000000
*1000011211001110000000000000000000000000
11000000000001*10000000000000000000000000
00000000000001110000000000000000000000000
00000000000000000000000000000000000000000
00000000000000000000000000000111000000000
000000000000000000000000000001*1000000011
0000000111000000000000000000011111100001*
00000001*100000000000011100000001*1000011
00000001110000000000001*10000000111000000
00000000000000000000001110111000000000000
012210000000000000000000001*1000000000000
01**1000000000000000000000111000000011100
0122100000000000001110000000000000001*100
0000000000000000001*100000000000000011100
00000000000000000011100000000001110000000
00000000000000000000000000000001*10000000
00000000000000000000000000000001110000000
00000000000000000000000000000000000000000
00000000000000000000000000000000000000011
1100000000000000000000000000000000000001*
*1000000000000000000000000000000000000011
11000000000000000000000000000000000000000
00001110000000000000000000001110000000000
00001*10000000000000000000001*10000000000
00001110000000111000000000001110000000000
000000000000001*1000000000000000000000000
00000000000000111000000000000000000000000
00000000000000000000000000000000000000000
00000000111000000011100000001110111000011
000000001*100000001*100000001*101*100001*
00000000111000000011100000001110111000011
00000000000000000000000000000000000000000
00000000000000000000000000000000000000000
00000111000000000000011101110000000000000
000001*100000000000001*101*10011100000000
0000011100000000000001110222001*100000000
00000000000111000000011101*10011100000000
000000000001*100000001*101110000000000000
00000000000111000000011100000000000000000
00000000000000000000000000000000000000000
00000000000000000000000000000000000000000
00000000000000000000000000000000000000000
00000011100000000000000000000000000000000
0000001*100000000000000011100000000000000
0011101110000000000000001*100000000000000
001*1111000011100000122111100000000000000
001111*100001*1000001**100000000000000000
00000111000011100000122101110000000000000
00000000000000000000000001*10000000000000
00000000000000000000000001110000000000000
00000000000000000000000000000000111000000
000000000000000000000000000000001*1000000
01110000000000000000000000000000111000000
01*10000000000000000000000000000000000000
01110000000000000000000000000000000000000
00000000011100000000000000000000000001110
0000000001*100000000000000000000000001*10
00000000011100000000000000011100000001110
0000000000000000000000000001*100000000000
00000000000000000000000000011100000000000
00000000000000000001110000000000000000000
00000000000000000001*10000000000000000000
00000000000000000112110000000000000000000
000000000000000001*1000000000000000000000
00000000000000000111000000000000000000000
00000000000122100000000000000000000000000
111000000001**100000000000000000001110000
1*100000000122100000000000000000001*10000
11100000000000000000000000000000001110000
00000000000000001110000000111000000000000
00000000000000001*100000001*1000000000000
00000000000000001110000000111000000000000
00000000000001110000000000000000000000000
01110000000001*10000011100000000000000000
01*1000000000111000001*100000000111000000
011100000000000000000111000000001*1000000
00000011100000000000011100000000111000000
0000001*10000000000001*100000000000000000
00000011100000000000011100000000000000000
00000000000000000000000000000000000000000

Field #27:
2*4*3**4********22*4*33*5**3***4***221
3*7*44*6*6*44443*33**5****6*5***5*5*3*
2***44**5*423*333*45**6****44***43*4*3
14**4***6*5*5**4*4**5**6*7*5*56*34*65*
14**436**4***43**55*545**7**4**45*****
1***32***546*2135**4**5****5*55***6***
245*44*6*4**3113**6*55****33*5***54**3
*2*3**56*54*433***6**4**75445**6**3432
23235****4*5***56*5**43********434*3*2
*23*5***5*4**8**5*45*313456*6432*213*3
24***46*535******33**522*4**3*3433123*
*5**6*6**5**76**44*5***34**423***2*34*
3***6*********44*3*5443*4**325*6433**4
*445******53322*454**2224*55****5*56**
*32***7***423344***44*21*5***76******3
3*3234****5*****6**44*324******6**5443
3*4235**53***7**6*6**33*5***7***5*32**
4*5*****4346**44***6*33**543***6*3*24*
**5**6**3**3**44***5*34***224***23233*
*4*5*64445434**5**6*34**644*55*312*4*3
3424***4***23**5***34**5**6***4214**6*
**23**6**7*45*65**7*5*55****7**32*****
24*446****4*****6***6**4*****5**34*443
14*5*****5*5*66**5*5**5*4**65*54*4332*
2**6*55*6*5*5**5*424**5234**6**34**3*3
*4**23*6**5*5**43*12***44*7***54***54*
243323****524*5*432136*******7**444**4
*5*22*6*7**23*54**311****77****7*23***
***45*6*5*6*54**7**445*******7***43**4
**5****5*4****5*******45*556**7***235*
3*4456*5*545*5*35**765*433**6****534**
23*3**6*4**43*223*****6**455*****3****
*33*7***43*5*421*334****5***55*5434*5*
*33***7*544***1111134555*4***54*3*4221
3*4345*****7*411123**3**434****44**432
4**33**7*****323*4**6*5*4*545**5*5****
***3**7***434*4**7***4*34***23*4*56*7*
*5334****6435**5***5*435*5*322334****2
12*12*6********54*4313***3233*4*4*5431
121224*65546*7*5*5*323*6532**4**523*42
*201*3***4*5*5*4*4**4*3***5434***23***
*411246**6**5*34234**5556***34***54***
**322*****4**3*2*24******6*5**6****6**
35**336**42344222*4*7**7*7*66**6666**3
1***22***523**33334*5**6************53
25*522*****5*6***2*35**5*7**55*43455**
*6**345*6**6**7*545*6**64**6*43202**6*
***5***4*54*****5********5**5**313**7*
*645*744**55*45**6*6****43***4*4*46***
**4****56***333***23****324*334*4*****
4**56*****43*3*7*41124*33*4333**3357*5
2**5**5**43235***30012323*4**4*522****
36**42223*2*3****5212*4*34*544**33*6*4
****311233324*6****33**4*4**2*6**424*3
*655*32**4*12*56*7*4*435*53433****12*2
**4***44**3113****46*32**3*4*335542211
46****5*6*4223*445***43*444**53**4*311
******5*4*3**3222**8*6*5*2*****56**5*2
467*53*23344*33*56******434*654*****5*
****21111**22*3****5****3*22**223333**

Field #28:
01*1000001*10001*1011100001*10000000000000001*101111*101110111000000
02220000011100011112*1000022201221000000000011101*111101*102*2000000
01*1000000000000001*2100001*101**222100000011111211000022202*2000000
0111111000000000112110000011101222**21100112*33*10000001*21211000000
00001*10000000001*2110000000000001333*1001*22**21111001222*100000000
1110222012210011212*100000000000001*21111211233101*1001*223321000000
1*101*212**1123*101110000000011100112111*2111*10122100112*2**2000000
1111222*22223**321000000000001*100012*1113*211102*2000001124*3000000
0002*3332001**43*1111000000001110002*42102*200002*2000111002*2000000
0003*4**1001333*211*2100000000000002*3*1012210001110001*100111000000
0002*33320001*323122*1000000000000011211001*100000111011212110000000
0001111*1000112*2*111100000000000000000000111000112*10001*2*10000111
0000112111111121211000000000000000000111000000001*2110001121100012*1
00001*1012*11*211000011100001110011101*10111000011101221000011101*21
000011113*31112*100001*210001*1001*1022201*1000000112**100001*101110
00000001**2112221000012*10013431011101*101110000013*3221111011100000
000000123211*3*2000001332001***2000001110000111001**20001*2110001110
1121101*100113*2000112**10013**31100000000001*2101221000112*21212*10
2*2*1011100112110001*22210002333*2000000011123*21100000000112*2*2110
*23220001111*1000001110000112*12*200000012*11*22*1000011100011211000
122*10001*11110000000000001*2112220000002*3112221100001*100000000000
01*32011211012210000000000111001*10111002*2001*211000011100011100000
012*211*11111**100000000000000011101*10011100112*100001110001*210000
0123*11111*11221000000000000000000011100000000011100001*100013*20000
01*21100012210011111100001110001110000000111000000000011211002*20000
01110001111*1001*11*111101*10001*100000001*10111000001111*1002220011
00000001*2211001123321*11221000111011100011101*1000001*2221001*1001*
011100012*10000013**11111*1000011212*1000000011100111112*10002331011
13*20011211000112**4311011100001*2*2232100001221001*1001110001**1000
1**2001*1000113*323*2*111100000112111**210001**200111000000001221000
3432111110001*3*31112111*10111000000123*100013*200000000000111000000
**11*10001111122*10111122101*1000000001221000222000000000001*1011100
*311110001*100022212*11*2111110011211001*10001*10001121100022202*310
1100000001221001*11*21112*1000112*2*1001111111222111*2*10112*102**10
00000000001*1001111122322221001*21211000001*101*2*11121212*211012210
000111000011100000001***11*10011111211000011101121100001*33310000000
0112*10111000000000012322221000001*2*100123211110000000113**21100000
01*32201*2110000112110123*100000011211001***11*10000111002*32*100000
0113*20123*100001*2*101**2100000000000001232112210001*10022211100000
0124*3101*2211001121101221111112110000111000112*1111112111*221100000
01**3*211122*10011100000001*11*2*100001*10112*3211*1001*112*2*100000
012222*1001*21001*1001110012221211000122101*22*101110011212121111100
0000011100111000122212*10001*100011101*100111112110011101*210001*100
000000000000001111*2*2110001221001*1011101110001*1001*1012*100011100
000000011100002*2112110000001*100111001111*1000111001110012210011100
01110001*100003*30000011100011100011101*1111000000000122101*1012*100
01*100011100002*2000001*11221000001*102332110001110001**2111102*3100
02220000000000111000112111**11110011101**2*10001*1000123*210002*2000
01*100000001110000001*11122211*10111112222110012321000134*1000111000
011100000112*21000001111*210011101*12*200000002*3*10001**31011100000
1101110001*22*21111000012*22210001112*200000002*31100024*3112*211000
*102*200011123*11*212110112**10111001110000000112110001*3*11*33*1000
1102*21110002*31112*3*3110122101*1111111000000001*100011211112*21000
0001111*21002*2000113*3*10000001111*11*10000111011100000000012210000
00000012*211221001111232112221100011111100001*100000000111001*100111
111000012*11*11111*211*102**2*11110000000000111000000012*100112111*1
1*1000001111111*112*111102*32112*3100000000000000000001*3210113*2111
11100000000000111011100001110002**10000000000000000000112*101*3*2000

Field #29:
01*34**20124**22**4**22*
012****312***5*223**32*2
0014**43*2233*3201332122
0003*42*332234*1012*223*
0124*3212**4**4212*5*3**
13**5*3125*7**3*12*4*432
*5*5***11****43323232*10
**23*421234322*2*4*22220
*42112222*1001234**31*32
2*1112**3222322*3**433**
2212*324*32***32323**332
*213*302*3*4*44*31124*31
3*22*312133422***2103*5*
2*2123*333**11234*313**2
11223*4***5432114*5*4342
112**45****2**22**6*4*3*
1*24**5**64433*34**4*3*2
2335**5**5**3434*43*2211
*3***43*5**4***5*3122211
2*45*2113*54455**423*3*1
113*420124**3**6**4**421
013**323*6*54**5***34*42
01*5**3*****344*4*424***
0224*33**554*3*3324*4*42
12*444333*3*45*31*3*3110
1*3****3335*4**211211011
123345*4**4*43321000013*
12*12*5*5*43*11*111223**
1*223**4*43*333211*3**32
2233*434*4*22**31335*310
3*3**32*3*2125*4*3**3221
**445*2122222**43*322*3*
*43**32102*4*422*211224*
*34*54*214*5*2123211*12*
3*5**3*44**3111*3*211222
2*5*655***3100224*4211*1
113*****4210001*22**1111

Field #30:
000000000000000000000001*100000000000000000000000000000012*10001*100000000000001*211000
001110111000000000000001110000000000111000000000000000112*210001110000000000000112*1000
001*101*10000000000000000000001110001*10111001110011101*2110000000000000000000000122100
0011101110000000000012210000001*100011101*1001*1001*1022200000001110000000000000012*100
000000000000000000002**21000001110000000111001110011101*100000001*1000000000000001*3200
000000000000000000002*4*10000000001110000000000000011111100000001110000000000000012*321
00000000000000000000123210000000001*1000000000000001*1000000000000001121101110000012**1
0000000000000000112112*2000000000011100000000000000111000000000011101*3*201*10000001221
00111000000000001*2*12*200000000011211000000000000011100001110001*10113*201110001110000
001*100000000000112111110000000001*2*100000000000001*100001*100011100011100000001*10000

Field #31:
002**212*211123**10112**23*312*201*34*32*33323***112*34*201*2*10011223211110
003*42*22*12*3**3212*334*3**13*4112***3*3****3**422*4***4111222112*2***11*10
003*43321223*43311*212*3222212**3236*421223322233*323*6**10002*32*3324433331
234*4**113*423*10111012*1111124**2***20111111001*4*344*4311123**22*112**2**2
***3*4311**3*2232100123211*22*2333344212*21*21113*4***4*211*2*4432122*3234*3
**323*423333221**4211**3223*2222*22*2*23*2234*225*424*32*111323**113*3101*3*
*4213***2*22*113***236**4*4334*32*2233*3322**33***31122211112*33211**3122221
*32*4442335*42123444****5**3***43211*33*2*2222*6*6*224*3111*34*3101233*3*321
34*4**201****33*32**44334**3356**10112*33111233***45***3*112*5**32233*5*4**2
**34**20235***4**444*223*5422***4112222*1001**2233****4422134****2***4**323*
34*222101*235*435**433**5**23*6*301**33222333211122344*2*11**6*644454*321122
*21211001122*22*3***5*5**322*23*42223**11***2101*1012*333223**3**4**432212*2
1212*211002*3122335***5442023333**2123311344*3332112*33*4*212223**4**2*3*33*
01*334*3102*313*33*55*3**211**2*45*22*2112*34***322*4*32**3221134322233*4*21
123*2***43444*4*5**3*3333*2234433**33*22*32*3*43**423*32434**11**20123*3*210
1*32335******35*5*3223*222*22**3*43*2223*22342124**2323*2*4*5224*311**221100
222*11*4434543**41101*4*223*3223*21112*3111**213*55*3*22324**22*4*3334332100
*122224*212**56*300012*4*23*3111111123*3212223*4*3**4221*23*43*24**3*3***311
111*23**22*7****2001133*34*32*10113*5*4*3*1014*413443*112*44*2224*55*546*4*2
1122*3*324***5321112*2*3*4*432223*3***54*3212**311**323233**322*3**4*4**34*2
2*3234432**6*31213*423232*3**22**33454**22*12*4*22322*2**2223*312223*334*222
2*3*2***46*412*4*5**22*321345*35*31**434233322434*20124431013*200013321*211*
22324343***3112***4*23**212**44**446*4*2*2**11**4*2012**2111*210001**2221011
*32*3*22344*1013544344*32*34*4**4****53323322233*2112*333*123322211333*10000
**32*4*21*211112**4***21234*24*422344**11*101*122313*311*322**3**311*2221111
3*4445*3211001*34*5**4212**334*31213*42111112222*3*5*3012*13*5*6**43211*11*1
24****4*2212123*424*42*24*54**22*2*3*3121212*22*4*4**3123322*32*****10122211
2**8*5*3*3*3*13**13*312*4*5**412231212*2*3*33*33*23*32*3**11111356542113*200
3****32323*4223*413*52213**5*423*20123222*22*34*5321112*43312111***3*32**322
*4**311*2212*13*302***224434**4**202**21111123****1000113*4*2*112324*4*322**
34432134*101112*2012334***13***32102*5*321212*44333211112**232200003*4111343
**2*22**32011223210112**5313**43210235**3*3*22*323**22*223432*211002*3212**2
*532*334*222*2*4*201*223*103*53**324**434*31234**6*5*22*12**312*10024*4*445*
**1235*33*3*332**31222133213**35*4***32*21101**5***3111223**31222001***4**4*
3322***32*32*1245*11*23**12*644**44553222212234*6*432333*223*11*100135*4334*
*12*55*22222221**4433*4*422***3*5*3***22*2*2*23**3*2****3322222111112*44*22*
234*4*422*11*2356***23*4*236*4213*43422*33133*22221334323**11*1012*13**5*311
3**55*4*222323*****424*424***200124*2024*422*4310112*3223*3222113*423*5**200
*****5*421*3*44*6**21**33**5320001**202****44**334*44**4*312*322***12*444200
2335*6**2124*3*4*642123*4*32*2110123224**7**3*4*****3**4*314**2*4431112**321
1224*6**212*2224***31123*22223*32212*3****55422356*3334323*4*3223*2111346**1
1**3**3211*2101*46*4*11*211*12*4**12*32333***202**321*3*12*42101*4*33*4***42
1344432001121223*3*312232233212*322222110124*202*4*235*4213*200113*3***4334*
13**2*100001*2*3332212*2*2**1011102*21*3210111011323****203*4100022325*412**
1**321100112133*4*32*21212221111013*223**200000112*4556*424**21001*323**34*4
1222110124*202*4***32211232102*322*323*5*2000123*23***3*3**56*21134**34*3**2
1111*112***325*43**21*11***224**2*22*5*4221012**323*4221223***33*4**43*34431
2*21222*3322***3222123444545**3332223**42*322*444*4431000013*6*5**45*313**20
3*212*321124443*22322****2***532*11*34*3*3**323**5***31012334**4*6*5*303**31
*333*5*201***3212***45*42225**4*3223*3132324*22***45**101***4*334**5*202*4*1
2*4**4*31125**1124*4**210003***43*12*201*223*335*5*2222235*5*321***312133421
24**322*1013*421*32445322223*5*4*21234234*4*4*3**311124**3*32*223*4212*3**20
*3*31012211*4*2233*2***2**4*233*3312***3**5*32*432001***542112*123*34*4*5*30
12221012*223*54*2*334*535**322*4*3*225*54*432213*3212233**2212111*3***424*31
001*322*4*44***322*12*3*4*6*12*32*2213**34*4*202**3*200123*3*2222233322*324*
1133**213***34*4232211224**212221234*323*3*5*422323*2000012*34**11*100112*4*
1*2*32113554233**2*21212*32101*213***2011325**3*3221211001233**322322121214*
22322223***5*4*54433*2*333321112*3**410001*3**42**333*1001*3*4222*2*2*3*114*
2*32*3**35***4**2**2245*3***2102356*300001124*3134***3200224*312*22123*422**
3*4*4*3212*4345443312***4333*102****422322112*201*455*1113*423*3221223*3*23*
*5*4*32101111***3*213**5*2011102*44**3***3*23231212**334*4*4*323*12**4353211
*4*312*1000013*4*22*2223*2000001111223*43*3*2*2*101222***32*22*2112**3***100

Field #32:
0111112111*11*2*11*2111*100001111223*200001*21100011102*212**10000001110001*101*10011101*
01*11*2*111112321112*111100001*22**4*20000112*10001*102*32*3210111002*31112121211112*1011
12222221211001*21012321000000112*5*4110000112110001121212*210002*3112**11*212*2111*321111
1*11*2101*10023*101*2*210011101223*20000001*222100112*1011211002*3*12331223*212*222*112*1
11112*10111001*2101122*1001*101*2221012211233**1001*2110112*210112111*211*211135*21112*42
110011100000011100000111001121223*2101**11*2*431001121101*33*100000023*1111001***30002**3
*3110111001221000000000112111*11*3*1134311233*1000001*2122*2221001111*221111114**200124**
*3*101*2101**10000011101*2*1111112111**2111*32201110112*11111*1002*32211*23*324*31002*322
1211012*101232100001*1022311001110002332*2324*312*2122211000111003*5*1012*4*4**210002*200
0122212110113*3100011101*332112*10001*222*3*3**23*22**101110111002**2111213*4342100011100
01**3*20001*3**1000000012***11*2100123*112*22223*313*4101*112*100122212*10123*3*201221000
01223*200011222100000000123211110001*21101110002*202*2001111*21000001*211001*23*201**1000

Field #33:
*******5*************************5***************************************
*************************************************************************
*************************************************************************
*********************************8*********************************8*****
**************************************8*******************8**************
*************************8*****************************************8*****
*************************************************************************
****************8******************************8************8************
*************************************************************************
**************8*******8******8****************************8**************
**************************8**********************************************
*************************************************************************
********************8****************************************************
*************************************************************************
****************************************************8********************
*********************8***************************************************
**************8**********************************************************
*************************************************************************
*************************************************************************
************************************************8************************
**********8**************************************************************
*************************************************************************
*******************************************************8*****************
***********************************8*************************************
*************************************************************************
*************************************************************************
**************************8**7*******************************************
*****************************7**************8****************************
************************************************8************************
*************************************8***********************************
*******************8*****************************************************
*************************************************************************
*************************************************************8***********
*************************************************************************
*********************************************************7***************
******************************************************8***7**************
*************************************8********8**************************
***************************************8*********************************
*************************************************************************
************************************8********************8*8*************
******8******************************************************************
**************************************8**********************************
*************************************************************************
*************8***********************************************************
*******************************************8*****************************
***************8*********************************************************
************8*************************************************8*****8****
*************************************************************************
******************************8*************8***************************5
*************************************************************************
*******************8*********************8*******************************
************************************************************5************

Field #34:
**************************************************************************************
**********8**************************8************8************************8**********
**********************************8*************************************7*************
*************************************************************************7********8***
**************************8**************************8********************************
***************8**************************************************8*******************
**************************7***********************************************************
***********8*************7**********************************8*************************
******************************8*******************************************************
**************************************************8************8**********************
*******7**********************************8**8*********************8***********8******
*******7******************************************************************************
*****8********************************************************************************
****************8**************************************************77*****************
*************************************************************************************5
***********************************************************8**************************
***************************************************************************8**********
**********************************77**********************************************8**5
************************************************************************8*************
**************************************************************************************
**********************************************************8**7************************
******************8**********8*******8***********************7*************8**********
**8**********8*******************************8********************8*******************
***********************************8**************************************************
********************************************************************8*****************
***********************************8*******************************************8******
**************************************************************************************
**************************************************************************************
******8*******************************************************************************
*************************************************************8*********************8**
*****************************************************************************8********
************************************************************7*************************
*************************************************************7*******8****************
******7*******************************************************************************
*****7***********8********************************************************************
********8***************************************************************************8*
****************8*********************************************************************
**************************************************************************************
***************************************************************************8**********
*********************8****8***********************************************************
**************************************************************************************
**************************************************************************************
***********************8******************************************************8*******
**************************************************************************************
******************************************************************8*******************
**************************************************************************************
*8**********************************8*************************************************
**************************************************************************************
************8*********8***************************************************************
**************************************************************************************
******************8****8*************************************8*8**********************
**************************************************************************************
*******************************8******************************************************
**************************************************************************************
****************************************8************************************8********
*********************8***********************************************8****************
********************************************************************************8*****
**************************************************************************************
***********************************************8**************************************
**********************************************************8***************************
**************************************************************8***********************
*****************************************************8********************************
**************************************************************************************
*****************8***********8********************************************************
**************************************************8***********************************
******************************************8***********8*******8***8*******************
**************************************************************************************
**************************************************************************************
****8*********************************************************************************
*****************************8********************************************************
****************8**********8*******************************************8**************
*********7*********************************************8*******************8**********
********7*****************************************************************************
**************************************************************************************
*********************************************************8****************************
***********8**************************************8***********************8***********
5******************************8******************************************************
*********************************************8****************************************
***********************************************8**************************************
*************************8************************************************************
********************************8**************************8**************************
**************************************************************************************

Field #35:
****
****
****
****
****
****
****
****
****
**8*
****
****
****
****
****
47**
****
****
****
****
***5
****
****
****
*8**
****
****
****
***5
****
****
*7**
4***
****
****
****
****
****
**8*
****
****
****
****
****
**8*
****
****
***5
****
****
****
****
****
****
****
****
****
****
****
****
****
***5
****
****
****
****

Field #36:
00
00
11
2*
3*
2*
11
00
11
2*
2*
22
1*
11
11
*3
**
33
1*
22
1*
22
*3
**
22
00
11
1*
11
00
11
*2
2*
11
11
1*
11
00
00
00
00
22
**
22
00
00
00
00
00
00
00
00
11
*2
2*
22
*1
22
*1
33
**
*3
33
**
*3
11
00
00
11
*1
11
00
00
00
22
**
22
11
*1
22
1*
22
1*
22
2*
2*
11
00

Field #37:
*22*2***11*211111111012*211**1000001*100000000
4*3244422222*22*22*101*3*333321000122212121100
**31**211*112*34*43322222**21*10001*11*3*3*111
3*3244*1111024*4*3**3*3123*2111000122224*3222*
224*3*2100001**312223*5*322210000001*23*423*42
1*4*322100123321111012***22*210011112*3*3*4*3*
23*211*1001**1112*2102344*32*1112*10112122*221
1*3313220012223*44*312*13*32221*33332100022311
23*4*3*1011223***3*4*2112*21*112*2***21001*2*1
1*3**41212*2**44223*31001111110112345*20012321
2223*202*31223*2112*200112110011112*3*20001*21
*2121103*3000112*2233211*2*1002*33*322221223*1
13*21113*300000113*4**322211002**3*201*2*2*211
03*31*12*310011113**4*4*1000002332110235331211
13*211113*2001*12*4222*21001111*211012***311*1
*21100003*4233334*2002231101*1124*212*56**2122
111110003*5***2**32001*3*1122101**22*4**4*311*
012*10113*4*53434*10123*211*22222212*54322*111
01*2101*21212*2*21102*3121323**100012**2022200
121212222122322110124*312*3*3222121224*212*100
*101*2*11*3**210112**33*323*2001*4*3*2111*3210
1101121223*44*212*223*22*11110123**31100113*31
00000001*212*33*211022211111112*33210000113*3*
12122211221223*210001*10002*21*4*10122101*2121
*3*2**212*11*21100113220013*444*2112**10111000
3*32233*21111100001*3*2002*5***2113*4210000011
2*3222*33121211000114*4224*4*43222**200111001*
113**22*2*2*2*1001113**3**22112*4*432001*10011
002*31112121333101*12*55*321102**22*1001110111
0122111223211**2111112**333*2123322222111222*1
01*213*4***1123*21001344*3**33*21*33*2*12**311
0223*5**43210012*1002**34*54*3*322**22112**200
01*23***3122111212112*32**6*322*22321001233210
01112*6*53**11*102*333214***20112*100012*11*10
1211113***54323212*3**224**411111110001*211110
*3*33223*4**2*2*111335*3***312*100000012210000
2*3***11122232322223*4*32333*21100011101*21011
1133433211122*11*2**3*32001*22110012*1023*322*
001*12**34*3*211133322*1013322*2001*3222*3**21
001234*5***4110002*2022202**12*310124*3*222210
0002**23*5*3111102*311*213*3235*2002**32211221
2212*312232*22*3222*1123*2111***2113*312*21**1
**211112*112*22**122201*3210123211*32202*21221
**41101*43112233312*20123*1001110112*112210000
**4*2123**112*3*202*2123*32112*10001111*100000
**313*22*312*33*323211**44*11*2222211011100000
33114*322202*2112**21233**222222**3*1122101110
*101**43*101110013*32*224321*11*4*3112**101*10
221134**32101111122*212*3*432111212112*3101121
1*101*334*201*22*33211223***2111001*232200002*
11101223**31212*3**312*2235*32*20023*2*211002*
001112*4*33*313233*3*212*13*32*4211*2323*11132
012*12*4224*4*2*33343313222*322**11122*2111*2*
01*2112*11**3122**2**2*2*112*11221001*21001121

Field #38:
002*313*322*11*2101*2*3*32233*1111001***113***223**3*31001121102*2012333*212**3111234*3*2**1011
003*5*4**2*3212*2233313**3***211*21225*643**54*2**54**2001*3*224*201****22*45*3*22****42222224*
113**3*3222*1124*3**10245*55421224*3*3****45*4223**34*31123*22**43344555322**332*23*43*10012***
1*333322111111*3*323333**4**3*21*3*31334322***101222*33*11*4323*4****4***3224*3344321112111*5**
12*23*21*10001233211***5*4223*22343322*11123*42000013*42224**2124*****45**325*4****21123*213*42
0112**211100001*2*113*33*2001111**2**2111*112*1000002*3*11***201*34*43*23*3***3234*21*2**202*20

Field #39:
**3*21101*2122*1012****1000012*12*4*3*2**22111*2100
34*23*20123*3*3211*5**4210013*423*4*31224*3*112*211
1*334*2001*3*34*224*422*2101**4*422121113*4211234*3
223**322221212**22**2123*212333**2101*12*4*211*2***
*22**32**101134422*421*33*11*1234*101224*43*32135*4
*2134*222101*2**123*112*3221222*223211*3*33**101**3
2211*2100001122211*321222*101*2111**112334*5432223*
2*43210011100000012*22*1112121111222101*3***3**2122
2***21001*10112121224*53101*2123*3111223*333*33*11*
24*5*22121101*4*3*11****21213*4***12*3*212122221111
*23*4*2*210012**322223322*223*6*6312*31101*11*11110
123*4222*100123322*1011124*4*5***212210112112221*21
01*3*21211002*21*22211*11**4*5***21*2101*1112*234*1
012322*100013*21111*233334432*453212*101122*212**32
122*11111223*4210012*3**4**234*2*101232101*3333322*
*2*210001**3*3*100012*5**643**2211113**21324***2121
12111110133312110000124****22211122*4*33*4*3*433*21
11213*3122*10000111001*333210123*3*3*322**34322*43*
2*3*3*4*3*2100002*311222011101**3*344*22322**23**42
2*42213*532001112*3*22*102*20133423**22*213455*5**1
13*21123**2111*233423*2103*4233*3*3332123*2****3221
13*22*33*43*1112**2*211113*3***34*21*102*3335431111
2*312**44*42200122212111*3233544*3123423*21*2*101*1
2*2025**3*3*100000123*1224*33**4*201***211112111232
12322**442311112234**323*4*3**5*3112332100000001*3*
13**223*3*2001*3*****22**313334*301*11110000000114*
*4*410113*211324*6*5323*3101*23*312111*21011111102*
25*300012211*2*213*21*2110012*212*10024*312*11*2121
2**41113*21222111222333110001110222012**4*421112*10
3***22*4*53*21223*11**2*100000001*101*334**10012210
2*643*34***43*2**32122334210111011101112*532001*111
12**213*44*4*3223*32112***211*1000000002*4*2101111*
0122213*2235*20012**23*433*22210111111012*3*1011222
11012*4322**21011335*5*42213*3102*21*2212121223*2*1
*213*5**13*53222*3*3**4**224**103*312*4*20001**2211
12*3*5*313**5**44*22334*32**32102*3112**30001232111
12222*3213****4**4222*211123333222*2124*4110002*21*
1*1013*21*444334*4*3*4321112****1112*13*5*21003*532
222002*2113*32*224*43**3*11*45553212112**3*2102***1
1*211122102*3*322*34*6*41112*2***3*20012334*2123321
112*101*1011323*212**4*21111122334*311111*3*44*2000
1112211111112*42101222222*1123211*3*11*11122***3111
*201*10012*12**20000123*2222***111322111011235*21*1
*41122212*3214*300013**311*33322123*421001*22*21233
**112*3*43*102*20123***2012*2122*2****201334*3112**
2211*35**311122212**5*3111212*2*33345*201**4*311*32
11023*3**3122*22*46*41213*201133*22*212135*43*22231
*101*33333*2*3*23***212*3*31101*22*2102*3**33*32*3*
111222*11*3322123**311*3322*10111111002*324*312*23*
002*2112222*2101*3210123*222100112111121102*2011111
125*3001*113*2011100112*22*10123*2*11*2110234210000
2***41112212*31111101*32122313**2223433*101***10000
2*5*3*112*2212*22*1012*323*5*4*4212***2111344210011
11212112*5*1023*2110012**4***42*33*3432112**111101*
00000002**2102*42000012445***322**211*11*23322*3111
00000001221002**100001*2**333*1122101111111*12**100

Field #40:
*****4***5*******************
******6**********************
*******7***8******8***8******
5*************77*************
**8*********8****************
*****************************
47*********8*****************
*************8***************
*****************************
*8*********7*******8*****6**5
************56*********756***
*************6*****7********5
*******7*8**********7*7******
*******7*****8********7******
*****************************
**8*****************8********
*****8******************8****
*******8**************8******
****************8************
*************************8***
*****************************
5**66**8*****8***********8***
****5*****************8******
*****7******7****************
*************6***************
****8*8*****7*****7**********
*****************7****8***8**
**********8******************
**8**************************
******8**********************
**********8****8************5
****8***************7***8****
*******************7*********
*67*8************************
4******8*********************
***7*************************
***7*************************
*****************8********7**
************8*************7*5
5*******8********************
***********8*****************
**************8**************
**7**7******************8****
**7***7**********************
************8*****8******77**
******77*******8*************
*****************************
*****************************
*****************************
*************8*******8*8*****
**********8****7*************
****************7**********6*
************8*8************63
**7***8**7*********8*****7***
*7********6***8*********7****
******8***6********8*********
**********7****8*********8***
*6*****8*********************
4*7*********7*7**************
*************3***5*******5***

Field #41:
2**4*
3**6*
3**6*
*65**
***7*
*****
*****
*****
**8**
*****
*8***
*****
4*6**
*44*4
**23*
*645*
*****
5****
***74
4****
*5*74
24***
3*6**
***5*
***53
5*7**
*****
**77*
*****
*****
*****
**8**
****5
*****
*8***
*****
*8*7*
***5*
**65*
****4
*****
*****
*76**
***7*
*****

Field #42:
**5********************5********4*5*5*5*5*************434*43****3234*******4****4***2
****8**********6*7*********7***6*************7***8**********7***6*******8*6****7***5*
*77***56******55**6***77***5****7***********7************8***********8*****5*7*****63
*****7*6*8*8**4***7********66*8*******8*********************6**7********8*6*6********
*************55*******76****************7*8*77*7****66******55*6**********7**********
****67***7***4***77*****56**8**********7*******7*8**5**556**6**7*********************
***5***65****66*********5*****7*8****6***6**6********55*4********8***54*****7*8******
*44*7**6***************7******7***666*6**5456*7*******4*5*7**767*****445***7****7****
345********77*8*****7************6****7**6*****7***7*6*56*7*********7***45*******7***
*****66*********7655**65********6****************65**7********7*******644*67*******8*
5*****3************6**5*66***7***67*************7**7*********7*****7***5*************
****6456******8*8*****7***555**7*******8****************************6****************
*8**5**********************4****46********77***7*767*******8*8**55***67*8*7****7****4
*****7*6*****************7**7**54************7*6*******7********44********7*****6**6*
*******45*8*************7******5******8*******5**7****5*****55**6***66*8********7***4
******6*6*******************7**6***********8*6****7**7*7****55*******4****7**********
******4***67***7**********76****67****7******6*8********************7*6***6*7*8**67**
**7**656*5*****5*6*8****8****8*********556***7******7**********8*******6***5****6****
*7*******66**76*56*********8********7**4**7****8****6*****7*******8****7*65**6**7****
**********************8*7***********5*55****8****65**7**7**6**8***********5*66*****7*
****8*7****8*****7******7**6**8***656**5*45*******55***6****7*************6*******7**
******6**8***77**7********66*****6******434****7****7*6*******6***********5**********
*****5**************************5*****7**5*****7*7*****67*****55**********45*8*******
****5*7****8***8*******77*8*****54***7***********7********8****5**6*****755********7*
***66***7*********8*********8***5*7********8********************65*6*8*********7666**
*6****7**5************7*7******7****6*6***************7*****8*****6******8**7*******5
4*7***6*44**8********6***7*7*****7**536**8*************4557***7*7************6**7****
*****7**43***********7******7****7**5**********8*8*8**7*4******5**77**7******6***7***
5********35***8*********************7****66*************6***8*7********7**7*7********
*****7**55**8***************************7**7*7*7*********5******7*********6*****8****
******66********77*****76***8*****8*8********7*6*******646*****6*****8*****7*********
***8*****7**********8****7****8*8*******77*****7**67***4*******6*******************8*
**********6***********************8*8*8****77****6*****55*7*****7****657*8*******6***
4********7*********8***8*7**7*******************6***8***6**6******8**5**********7*7**
4***********77***********7*7**6****66*77*****666**********6***8*****7***8*8**7*******
******8************8***8*****44**7*5********7****8*****8*7******8*************7**7*8*
**77****7**7*****************33*7***66**7*8***********************7*****7*******7****
*********6*7***6445**7***7***44*******54******8****6***66*8*****64******7************
*******66******6*34*7****7****5***8****35***7*****56****6****7***34***6********767***
***8*76****7******5**********7**8***8*43****4****7********8**7*8*44**66*****7********
*8*********7****7**6***7**************44*754457******************6********65******7*4
*************6*6**7*****5***6****8*****5***4*********8********6*********7**5****6**5*
***8***7**55*54********45***657********7***6**6****8***65*6***66*8**767**7**7**56**7*
5****5*5**55**6******655*********7***7******45*67****6**43*57*****************7******
**8*5435************6*********7***7***6****7*5****65*56**44*****8***8**************6*
****5**5***8*******6*****8*8*7**7******6*****6*8***34****5**7************8****7***45*
*****7**7****7*7****56***********6*77*7******7****65**66*7**6***7******8***8*7***65**
*8************6***8*6**********76********8*************5***7****7****8***************
****7*********************8**********8****************6*******7*********8*****66**8*5
***7****************8*******76*********7*8*****8*******7***8***56***7******8*7**5****
*7*************7*7******8*****56******5******7******7*********6**46**6*********5*5***
*7*****66****8**6*********6***6*******55****6**44***7**8****7**55*5**7********7*45**5
****76*5****************75*56******6*5**7**7**6445**********7**6**7*************4****
******6**7*******7********5**7*****523************7******7************8****765546*7**
**7*7****7********6***8**5**********435*77*****65******7*7*7*7****************5***7**
*6**6**************67***6*5*****8*****4*****8***55*****7****4****7******************4
3***6**55**767**6*****65**66********8*54*67*******7*********65****6***7*66********8*4
4**7***34******66******6******7********44***8*********8*8*****6***6***7*5**7****7****
******7*6*7*******556**********7*8*****5************8********7***6******5***6*7*7*8**
***********67*7**6*5****7****8**********6**************8*********7*8****66*7**7******
****6**********6*7*****6*******54*6*****5****************8***********************8***
4***656*6*****5*****8**7****7**3336*****55***6**8***6******************8*66**7*******
3*8****56**56*66*************56*4***8****5**66******66***667****8********6***7****8**
4*********65********8**8**7*7***7*********7****8********7*********7********8*********
***8*8*8*****************7************7******7***8*8**************6****8*****7*7*****
*********7**8**7****7************7***6**8***6*******************6**6*****8**6**6*****
*8***7***7*****7**65*****7*******6****7****5****7**8***********55**7*******4**6******
******7************5*67*7*******5*********6*7**6******8***5*****5******7*7434*7******
*8**7*****6***7*****6*******8**66*********6****7*********656*8***5**7*6****44****7***
****4****4*4*4***5************************4********5***********43*4*4**4*5***4***4***

Field #43:
*5************5******5******5*******5********5********
***8*******************8******8**8**************8****5
**********8*8**************************77*************
***8**8***************8*****8**8*****8****************
*************8**********7********8*******7****8*****8*
*8*****************8****7*****6*****7***7*******7*7***
*********8*****8**************66*****7*********6***7**
*8********************************************7*******
***7************************7**8***8**7***************
*7**6*7****7**8*8*******8****6********7**8**8*********
**7*7*7***7*******************7***************7*****74
*************************7*8***********7**8*8*7**8****
*****8******************7****8**********7*************
**7******************8***********8**76**********7*****
***6**8*****7*************************4*******8*7*****
***7****8****7***7*********7*********655************8*
***********8*****7*7*****65*************67*77*8*******
**7************8***7******5**********7****************
**7*7**8*****7********6**7****77****7***8****8********
5****7***8**7********6*6******************************
**********************6****8*****8*******7**8***7*7***
5***77**********8*8*******************77*7*******6****
**************8*****************8*8*******************
*******************8******6***************************
****7********************66***8*****8******7*****767**
***7**8*********8****66**********67*****655***8*******
**********7**7*******6**********5*******6**7**********
**********7***57***********8***6*7*8**********656*****
5************5**********8******7***************5******
**7*******8**65*67*************************8********6*
**7*****8******6***8********7*8***7*****7*******7**6*3
*************8***7**********6*****7****6****8**6**6**4
**6*******6******6******8****7**********7*******66****
*66******66*8*8**6****************766********7********
****************6**************8*****6*******7**8*****
***8***8*********7*8**************6**7*************8**
**********************8******8*66*66******************
***************8**8*****8**7***6******8***8***********
***7***7**7*********8*******6***************8********4
**7***7****7***8*8**********7*8*8*7**8***********6***4
4******************8**7***8*******6**************55***
4***8*******55*7******6*7***8****7*******7*******5****
******6*****54*6*******6*******7****8***7*******6**77*
*8*8*7*7**8***6***********8***6***8************7******
***********************8****65**8*********77**********
****7******66****************5*******5***********7****
****6***8***4*6667***8****8**6****8*656***6***8*7***7*
***6*******7*6**********8****7***********6*5********6*
4*7*****7******8***********8**************45****7***7*
4********7***************8***7*7**********6*****7*****
*************7****************6*******************8***
*****6*******6***7*65667******************7***********
****55*8******7**6*4**************7**8*8**7**7*****8*5
****6****77*******6*7*****8*****7*6*********6**8******
*********************************6**7********6***7*7**
*****8*********7*7*****6*************7*8*8***6****6***
**************7**7***7*55******************75*********
************8********6*5*********************7*8******
*8*****************75***6*8***************************
*********************665*************7**8*7*********8*
******77****************7***********6*****7*8*7*******
**8*********************************7**********7******
*********8****76**77*****8*****8*8*****8*****8********
****************7****6*7*****************8**********8*
********8***8********54**7************77**************
********************6**66**7*************************4
*6****8***********76*******6*****8*77********8*****8*4
*45******8******************56*7*********8************
24***8*************65***66***6*7************8*****45*5
*6******************46**6************************645**
*******************7*************8***6****8***********
5*8**7*****8***8********************56*************8*5
****7*************7*******8**6*****7******************
*8*******7****7**7**8*******54*7******8***7******8****
***8***76****7***********8**6*6**8*********7**8*******
**********7******8**8**8******************************
**8********7**************8**767******7**8************
********8***********7******************7*******6****8*
*****8**********8**6****8****8*77***77***7****55*8****
*******8***********6********************7*****6*******
5**8******8*********6***************************8*77**
*********************7*****7**************************
25***********66**8******8*6****7******6******8*8******
24**7******8*6*************7****67**7*45**7***********
**33************5****5***5***********3*3**4***********

Field #44:
**2
3*3
34*
**3
**3
35*
*4*
*42
24*
2**
3**
*5*
3*3
*4*
13*
122
1*1
111
011
02*
14*
2**
*32
220
*20
*41
**2
24*
14*
2**
3*3
*42
*4*
2*3
35*
***
**3
221
000
000
000
110
*21
2*2
24*
2**
3**
*4*
243
2**
2*3

Field #45:
***
*7*
**4
4**
*7*
***
**5
***
47*
***
***
***
*7*
4**
**5
***
5**
***
***
***
**4
**3
**3
46*
***
*7*
**3
5*4
***
3*4
24*
3**
**5
***
4**
*43
34*
**4
***
36*
*5*
**3
**4
***
**4
**3
35*
3**
***
***
**4
**3
35*
*4*
14*
24*
**4
4**
4**
**3

Field #46:
1*1111011100001**11*1000000001*100001*11*21000000001*211*10000001**1000000000
1222*322*10111122122200000011211000022212*10000000012*11221000001221000000000
01*22**32212*100112*10000001*10000001*1011101110000011101*1001110000000000000
0222123*11*211001*211000000111001111221000001*1001110000111001*10000000000000
01*100122211111012210000000000001*11*1000001332001*10000122101110000111000000
01110112*1001*1012*1000000000000223221111001**10011100001**1111000001*1000000
000012*2110011212*331111100000001*2*112*100122100012210012211*101110111001110
00001*210011223*22*2*22*10000000113221*210000111001**211000011112*21100002*20
00001221001*2**2111212*210000011101*1111001111*1001222*111100001*22*100002*20
111001*111212332011101110000001*32211011101*2211000112111*1001121222100001110
1*1001111*1001*101*1000000000012**10001*1012*1001112*310111112*101*2211000000
1110000011100111122100011100011333100011100111001*23**100001*211012*2*1000111
01111110000111012*100001*10001*2*10000011100111012*222100001110000235331101*1
02*21*100001*101*21000011100022311011101*1112*100111000000000000001***2*10122
03*421211001111221000000000001*10001*101111*21100000000000000001111232211112*
02**212*1000001*100000000000011100122100001232100000000000000012*100011101*21
12323*31101110111000000000000000001*10000012**10000000012210001*320001*102220
2*102*21111*1000011101111110001110111001112*531000000001**100012*100123211*21
*2212111*221100002*201*11*10001*10000001*23**100000000012210000111001*2*112*1
222*10012*10000002*20111111111111001110223*3210000000000000000111000113221221
1*32100011211000011100000112*1000001*211*2221012210000000000001*1000001*11*21
12*32100001*21100000000112*2110000012*11112*201**21000000000002220000011112*1
012**10001223*2000000123*211000000001221002*31223*2100000000012*1000000000111
0023421001*12*20011101**21011111100001*100113*2012*10000000001*22110001110000
111*2*100111111112*101221001*11*1000011100002*2001111110000001222*10001*10000
*111211000111001*211000000011111100000000000111000001*101110001*2121101110000
11011100001*111211000000000000011100000000111000000011101*100011101*211111000
0012*100001122*21001121211000001*1112221001*1000000000001110000000112*11*1000
001*210000001*3*2101*2*2*1000001111*2**10011101121100000001121100000111111000
1222100000001122*211121211011100112122321011102*3*222321001*3*200000000000000
*2*10000112111122*1000000112*1001*10012*211*102*32*2***100113*200000111000000
121100001*2*22*11110000001*21100111112*3*1111011112344310111222000001*1000000
0000000011213*3211000000011100000001*21211000000001*3*2001*11*100011322000000
0000000111002*22*200001110000001110111000000000001334*2001111110001*3*2000011
01110001*2101112*311001*10000001*21001110112110001**21100000000111113*200001*
01*100012*10001222*10011111211012*1001*101*2*1000122100000000001*211111000011
011100001110112*2211000001*2*1001110011101122210000000000000000112*1000000000
1111110111001*22*1000011112321000000000000001*1001110001111111110111000111000
2*32*112*10122111100001*211*1000000000000001232101*10001*11*11*100000001*1000
2**2112*3101*21100000023*1111000000000000113*3*101110001111111121100001221000
1221002*200112*21101111*221100000000000001*3*3110000000000000001*100001*10000
0000112110001222*212*22123*20000000000001333110111000000000000012210001110000
00123*2110001*1112*22*101**20000000000001**10012*1000000000000001*10000000000
111**22*100011100111111012221211000111001221001*32100000000000001110001110000
*222211110000001110000001112*3*10001*210000000112*100000000000000000001*11110
2*10000111000012*21100001*12*31100012*210000000011101110000000111000001111*10
11111101*100012*23*2000011111101110012*21100000000012*111101222*1000000001110
0001*101110001*212*3111100000001*1000112*10000000001*211*101**211111001110000
0002220011100111012*11*1000111022200000111000000000122111212221001*1012*10000
0001*1002*200000001111221001*101*10000000000001110001*1001*10011111101*210000
000111002*2000001110001*10011101121100000000112*100011100111112*2110012211110
00000011322111001*2110111000000001*1000011101*211000000000001*223*10001*22*21
0000001*2*11*321223*100000000001121100001*1022200000000000001111*21000112*22*
0011102231113**11*21100000000001*100001121101*1001110000000000011100111012221
002*201*10002*3111111100000000011101222*1011211112*100000000011111112*1001*10
013*2011100011100001*100000011100001**21101*1001*2110000000002*21*11*22111121
01*21000000000000012210000001*21000122100011100112110111000002*21111111*2111*
0111000000000000002*2000011112*1000000001111110001*101*100000111000011212*222
1110000000000000002*201111*11221000000001*11*111112211110001110000001*11222*1
1*100000000000011111102*21111*10000000001111233*101*10000001*10001111111*1111
1110001110001111*101112*200011100011100000001**2101110000001121213*2000111000
1221112*11111*122201*11110000000001*10000000122101110000000112*2*3*2000000000
1**11*3221*11111*101121101110000001110000000000002*200000001*2121322000000000
1221112*11110001110001*101*10000000000000000000002*200000001110001*1000000000

Field #47:
*213*4*4*3*322*3***44**
*43**6*5*44**335******4
3**34**645**43**5**643*
*4323******53*5*33**221
3*44*6*6*7**43*21124*20
2*****24**5**5443223*31
135**533*33*******3*23*
24*6**5*3236****8*5334*
***6****54********3**6*
***5*7*****666***656***
4544**6*7*6***7******6*
**3*44**5*5*7******655*
24*44*55*6*5****5*4***3
02**3*4****6*7*542447*4
1344436*7*6**5**3*4****
*4**5***6**45*55*5*****
2********444***6**44**3
25*646*65*3*******42232
2**5*5*5**55****8**213*
*4*5*5*6**4***7***55*6*
3435*65**66**6***6*****
**3*********5**7*7**643
34*4545**7*54*6*****6*2
*34*5*434***54****6***4
23****5*56****6*8*657**
*45***7****6*6*********
4**44*****65**6*55455**
***4347*7***5**4*4*5*5*
****4****3435*6*6****52
*8**4*55421*3*5******4*
***5334**43344*5*756*52
***5*3*****4**23***4*4*
4***4*45*5**5432345*5*3
4***634*3335**3*33**5*3
******4*44*5*45*5***55*
*7*766*5****43**7**6***
*5******5****45****6*53
*55*6**44**7*5**55**32*
4**6*655*7*6**544*7*422
************66**6***5*2
5***7*7*6************6*
****6**44***54**6*44***
4*54***4*5**535*632136*
4*44*644*44***4***434**
**4***3*54*5*44********
234**55***5*44*667**7**
12*6**5***5**6******6*4
3*5***6**7*7******8**5*
**6***5*******6*****7**
4*5*5*34**55*55*6*8****
*5*44234*7*55**35****7*
*6**2*2*******54***8**2
3**542236******5*****52
3*6**223**6*****4*****2
4*7*6*5***44544334*644*
****7****53**44*34**24*
5*7*******44****4**6*5*
**5*******6*66*4*44**5*
*6*7*5456*****234*434*3
4****42**67*6434***12*2
***6**35*****3***653211
3*5*54*5***54*5*6***111
346**44***6*324**44322*
****6**5*5**53*544*32*3
*66**6*65*6***6**4*4*3*
4**65******45***65*5342
*****6**8**54*****5**4*
****6********6**7**5**4
4*54****7*7**4*5**66***
*4*44455***44435*****53
25**4*4***6*5**6****65*
*5***5****7************
3**7**57****66*7***8***
3***65***6**4***67***74
3*****566*65*5*********
*6*8*7******46****8****
3******7***5****8***7**
*5**66*6***34********64
*33*5***6*534**7544****
3433***6***4*****4445*4
***46*6**55**666****44*
4*5****65*5*6***67**5**
*23*5****3**4*******4**

Field #48:
************4********************4***********5******5*****************5*****5*********
************7******************65****************************************8******6*****
5*****77************7*****8**7**6**********************************8**8******8*66*****
****8**************6**********7****************************77*************************
*******************7********7*********************************************************
*********8*******************7******************************8********8**8**8****66****
*******************8*76**********8********7*****8********************************5****
**7********************6****8*******8****5**************7***********************7****5
*7****8**********7*****6**********6****8*66*******67***7**********8*******************
**************766******7*****7*8**55*8***********7**********8**************7**********
******8*77*****************8*7*****6****************************************7*********
*************************************7*******8********8*******************************
*****8*********8************8********6***7*******8********************************76**
**********8*************8********8****7***7*8**7***8**8*********8**8********8*******6*
***************************8************7*****7*************************************7*
***7*77****************8*8***8*********7**********8**************77************8******
**6*******8*******8**********************7***8*8**************************************
4**6********8***8*********77*************6****************************8***67*8********
*7*7*************************7************6**********************8*******7************
*******77************77**8****7*******7****7***************65*********************8***
**8*************77*****************7**7*8******************6*6*************8**********
*****77****************************6***********8**7*****8****7************************
**********7**8*****8**********8****7*******8*****7****************8*************8***8*
****8**8***6***************************8*****************8*****************77*****8***
***********7**8*77******8*****7***********8******************767**********************
**********************7*******7************************8***8*******77*********77***7**
****************76***7**********8******8******8**********8**************77********6**5
*77*********8*****7********************************8*8*******8***************8*****7**
*************************8*********************8***********************8**************
****8**7*******8*8***************************8************7********8**********77******
********7**8****************8*********8*77***************7****************************
*8**************7******7********************8****7************************8*****8*****
********8******6****7*6******7****8***************7*********6*********8***************
***************7****7**7*8***7*********8*******************6*7**77*******8*********8**
*7**********************************7****66***************6*********7********8********
**7****8*******8*************8*******7***5***********8****6******8***7*7*********8****
***********8*****6**********************7*****************7*7**8********57***8*******5
*8**7************55*************************7*******8**7*****5*********7***8****8*****
*****7************6*************77*8****8***7**7********7***7*7**767**********8*******
**********67**********************************7*******8******************************5
**8**8***7*****************8*********8*********************77*8*******************7***
*****************8*************8*********8****8**8***************7**8*************7**5
*************5**********44*******44**********************44*****4*****5***************

Field #49:
*100
1100
0000
0000
0000
0000
0000
1100
*211
12*1
1221
1*21
113*
112*
*111
1100
0000
0111
01*1
1221
1*10
1121
012*
01*2
0122
002*
013*
01*2
0111
1100
*100
2210
1*21
112*
0011

Field #50:
2***4**5*****4*4*5***5***334*33**4*33*4*323*****5*********3*4****33*
4***6*****6***4********66****5***7*6**6**4**8*****54556**7*5*****5**
****6****7*666*7**54**5*******56*****7***6*****6545*4**6****7*7**6**
245**6************4346*6***7**4***8*****6**7*6**4***7**7*8*****7*6**
24*7*6*********66**4***5**5**55*********6***55*5**6***************6*
*****5*7********6**5**5*5*544**56*77*644******45*43**7***8***5566**4
*7**45**6**7*8*****55*65*6**45*5******33***77*6**545*6*****755***6**
**56*5**6**5****6***5*******5**6*6**7*6*67**********6****7********5*
35****6**45*7**5*6*7***6*54*5*7**656*******8**8**********6******7*63
*6**8**56*6***5*5*****44*4324********8*656*******56*8**6**7*8*53****
******6******4*4***8**23**4*346**7*6***5**7***8*65****5*5*****4345**
*******6*77*5325*7***524***23**5**45**6*****7******655*3*6*645**4*6*
2456**7******32**6***5*4**645**66*6**6**6*6**45****5**554**5*5**6*6*
02**7*****6**5*43**7**4*5***********5***525*43*67***6****54**5**4*5*
24*****6**54*6*546*7**535***8*7*****44**4*3*22****65******4555*445*4
**56*633***55*********3**55***6**6*44*55*4434457***4*77**7****32****
***5**3357****8***6**434**45**6*5*45***6**3*******55*******7**334***
*8*6**4****8****8*55*32*7*5****4*5********33**7*53**667**76**6*3*45*
****7*65*6*********5*44****6**5*4***5****43345**424*********5**424*4
5*6*****44*7**5**6**4**6***7**313**543445*5**5**5*236*66***56**54***
**657***5*4**4335*435***55***43246**4*32******7**544**4**75*********
*********56*7*32**44****3*4*6*5*****6*5*6*7**********6*5***6*8*7**7*
***7**7********335***6*44443*****5***6**6**6***66*****5*555****7***3
*6*6***5*7***6*44****424***325**5447****7**4***4*****7**5**46*****6*
3*3***66*7*6*43***6644*6***413***4****8***535*66**8******45*5******3
*346*******534*556***5***6*5*56***6*****6*4*6***********54***5*****3
35******55**4**5******655*5*****7**6***7*56***77********4***66***7*2
*****7**34*6**5**7**8***5**55**6***6****************66*65******6**53
*8*8**55*6*6*33**5*******4**55**666***556*557**65***4****6*7**6*6***
*******6****2225*55*6**6455***6******55**44*****45*6*667*5*5*6***66*
****8******323*5*5**56*6***6***46*8*7*****4*6**6**3******425*7*****3
*76*****6*522***4**6******6***6*4******7*5*4*6**54546*55*54*****6*6*
***6*5*55*3*46**56**6**8***4*5**55***7**5*34*6**5***5*55****7***54**
****544**334***5****5****64546**4***6****44*6***7**6*******7**8**5**
******5**43***56*76*45***4******54*6***6**5*******6****8*********5*4
***6***5**5**6*****43***66*******55**54*7*5**8****6**6****7*****6*6*
4655***555**5***76**347*******8******45***56***5***6*445***6667*7***
****6*6***56*7****554***********8***6****5****555***4*2*35**********
5***7**6*5*******5***46**66*******6**567*65655***666*44345***77**8**
********44*7*7***5465*5**5*******5*56********5********4************4
*55*65**6*5**6***5***4**7***77*8*54******6*8**6**767*6****7**7**7**3
*44*6*6****7**5**5**43****7******5**766545***7*******5*****6**6*6*6*
**4****56****44*56**446***6*6***7*******4**6****8*55*55**6*6*6***6**
46*6*8**5*6*65*6***6*******55*****7**67**54*34****33*5***44**7*****4
***7*****24********7**7******6*7**7*6****5*3336*8*55*6**5*5****8*76*
*****643223**67*77***7**7**55***5****6*8**6*4********7*6*4***8******
******4323*66******7***6**7*5**5*6***5******7**55*76****6*45****7*7*
**8******6*******8**6***7****7*54***65**55*****55***4*****55*8***5**
****7******7********5*****55***5******6*22*557*****534************5*
**6**6***76**7*655435****6*35*6********43434****77**34*667***77**66*
224**6*******6*5**44**8***6*6**7***7***3***6*7*****7**3****6********
234***56*7**6***4*******7***********543456***5*******656***56*****7*
***6*7**6****45556*7****7*657***77***32***5546*656********7********4
4**5*******522******5*7***5***5******5*7***4****3*******8***66**66**
3*5*6**546*4245*7*756**5**4**656*6***5***65****6*46**6******4****5**
*45**654*3*4***4*******54345*****45**65***4*7***6*6*7*56*77*55**5**4
**5*****345*7*6*44*55***3*3**8*76*6****6*4*4***********5****5***434*
*5**66*43*****5*4322*5544*45*********6**322*5*7*5***6**6**55****31*3
36***6*54**6**55**445**3*5*4**76**755*6*53323**555*6*6**55*5****545*
*********5*545********5*3**44***5***5*6****435****6***5*5**7*8******
355*6*56*54**6********4124*54**45**5***6*****5******435**7*****8*8**
*2*3*34**4********6*7*4225***45*4*5*5***5*6***5**6*532*******7*****5
232334***536*755*6*5***3****64**54*6*6**44*56*54*44**3467*765****8**
*33*5****4*5***34**5**65**7***7**5****543***6*5*5*6*53*******667****
**6****8*43**65*4*6*7***5**45***7***7**4*7*****5*****545**8*******74
*****7***55***4*44*****7*55*545***6*4**6***7***7***7***45****656****
****5**7******54*5*******5****35**5234**6***7******6*7*5**66*4**446*
*8*66*6***56*6**5***67**7****53****34*6**6****7**6*6**3**6**46*53*4*
******5*65*5**6*6*53******67*5*56*6***4***5**6***43**6445**5***6*4*3
*****7*5**6****6**53445555****5**6***544**656***6*45***4***55****65*
********6****7******4*3**5*6**5*******4*7*****6*6**6*7*6***5***7****
***8*8**5**5**6*54***6*5**6*656*7*66**7*****756**7****4****5*55****4
3******6*5555*6*435****54*******5**6****655********8*54*556*6*6**7*2
13*5****3****3**3**34***23******33***5*4**224**5******212*********21

Field #51:
**32**4**224*3*323**11232212122*2234*****22**4*********2**5***3*****2****4**4*3****4333*3***3221
5*5*6*7*65***43**6*534***3*4*5*54****77**55*6***65***6434*****55*7*5445***34**44*5*****5*334**5*
***4********5*35***4***423*5*****7***********7**5*433**24*755*3***6**4*6*633*44*445667**3314****
*755*45****6*4*4**7*6643233*5*54***7556*65*****4**42245*6***5344*****5*5***434**5******5*4*4***4
****534*766**634*******4**423*336****5**5*4*7*656**5*3****6***4*7**65*4*45**5**5***7**65*5*646*3
******4********45**7666****4323***66*****433*********434435**6****5**33*22****6*6**5****44***6*4
***7*66****7**6**5******65***35****4***5*4*4344*6*4434*43*5**5****55*3123335**5*4**646***336****
**6*******4**6***556*66**34*5*****33**6424*6*335*434*5***4**44*8***3*311**23*5*445***4*6*43****5
**5*7*6**444*6**6***4**4*44*44**53114***23***6***6***7**45**43****544*334*34*65**5***44*5**46***
*7*5**435*4*5***5**45*654**43*45*3113*65*45************65***4*45***5***4*44******4*544**4*44***4
***5**32***5****544*5****7*4*33**5*34*6***5**8*7*8********7*43*45******4*4*****4233*4**533*4**6*
*64*6*44***6*8***4*4**6****634*65**6****65*****5***755*556**32**3****43335*65*5434*5***3*34*7*5*
**44***6***6******45*44**8***4***6***555**6**534*****423****334444**543*3***45******6*5545****41
*6**5******7***6***3*33*****55**5**75*2****5*43*4*****13*655*3**3*43***4*345***6546**6********41
*7*55*********54**5545*7*65*4**55****446**5*4**455**6333*5**6*535*5445*3222*****3*3*****6*****5*
***6***7**7*8*5*55********22*5*4*****5***7*6*55***6*4*4*5*****3*4****4432*346**4*456****45*655**
46****6***6***5**4***5***5334*45**55**57*****5**7**44*6*7*8*64446***6***544**5433******6*5*4**4*
**66*5*****5*55*6*433334*3**6*4***43*6***657*5*4***6*5*******3****6**35****65**33**76**7*7*43342
****55*6**5*5**4**433*23445***44**4*4****4***4123*****666*5*33*665*5544******6*4*6***5*****21*2*
5*7***56*5*5**44*5***44***4**53*4*54*5544*56*52225*******321224***5****45*67**5*5****44***411243
***5*****44**6*214*8**6*756***3354**5**34**4***4*4*******4113*4****7**43*4****7*6****54*6*3113**
**5*46*644****4203**********434***6**4**4*6*55*5*325**7***33**557****5*44*6*****5******5*5*33**5
*6*44**5**5****324*7***6*65422**7*7*6545*5***43*4323**5****5*5*******44**5**6**6*67*755**4**4***
3**5**6***445***4**5***55**3*345*******5**5***45**5*6*33**6**65*545*4*3***7*644*******3*44556*6*
2*5***7**6*4*46*5**5354***4*3*3*********545**5*******4334*4****55*313356******56***6*3323*****42
23*5****7***4*3*45*4*3*5*433435***53335*5**7*55*7***7**4*334******412****644******6*322*445**4*1
*34*7*****76*5433**44*44*22**2****32223*5*****4**6*****5*53*56*****44*5***446*6****55*55**343422
3*3***6********5*545**4*335*546**54**5*44*****66*6*65534***4**6*7****335******55*6*******5*4*5*2
*434**557**7*6***6***6*33***4****4*****6*55*******3**5*4454*6*5*5***65*6**7***4**65*4446*54****2
*4*433******4*4****43**23*65*5**45********435*55*544***5**33**43*5********5**55****433*5*5**5*42
13**3246*7*6*434**5233324**4*423*4*65*7****45*43**2*333**6*45*33*54**7544*446**5*65**3**4**4335*
134*3*3**6*5**34**4*3*34**55*53324**33**6*****5*422121345***4*33*5*5***3333***45**5*5324*6*43***
*4*5423*5**45*5***43*5****4*****12**54*45**6*5**53333*4**7*55*55**45***6**56*43***6**203*6*6***4
*5***3224*6*6*6*54*23**7**5356*5234***45**6*45*******6******6******5*8*******44*65***414*6*****3
*657**23*5*****34*545*7***4*2**4*5*5*6***6**4**66*******8*6****65**6***67*****5*5****5*6*6*6433*
*****43**5*44*4*3********5*22346***44*****435***4*5***6***5555*5*7*6*65***5*55**6****5***5**2222
356**43**433335344****7*6*5422***65*6*7***54****4233446*76***44*****5**343324***7****44*5*44*5*3
1**5**4434**5***4*545**5*****34**5****5******8**31*23******6**4***7**6543*12******4445*55*33****
36*44**3*5******5*6*55*4***7*43*5*****55**55****4434****6*5*6*5443*******323****6312*****5*336*4
***44*66*6***6*54*****44343***324*6****3*33*5444***5*6**523**5**2335**65*44*557**324*77**6*44**3
4***5****6**66*5*4456**5*435*42*34*44*43212*4*34*6**44***325**65*3*34*5*6***6*****3*******5****2
3***7**55*******55*4*******3*224*5*4433*33334**4*45**56**5*6****56*43*5*******56*7*545**6**56*52
3*****32***********5**55*644221***6***34***3*44*3*3******5****6****4*4*7****75*4****23**56**5**2
4***64435***656***6*45*43**4*2236***645****534*4434466*66*555*45***425********6*7**4*334*****55*
****6***5*7**3**7**4*6**34**5*22**8*5*******4**5**5***4****4*55****31***7***7*****655*45***7*4**
4********4**5*5*6*45****55**5*45*****6*6546*6***4*****536**4*****6*535***6***545************35*5
*6*5*7*7*56*645**44**7******65*******7**3*5**5*533****5*5*644*6*56***3***5***3*34*446**6**64*4**
**444***6******55**5*5*********544*6***55**545**3246***6****43*5***4344535*64444*334**56**3*4*5*
*6**5*5***7*67**3*6*45***6****6*235*543**45**3**4*4*********5*5***644**4*5**2***54***5***4224*42
3****445***6***333**4**65*5*6**22****23544**54445**566*5*6*6***6********3**644****7*7*6**412*44*
*34***4*******534*54*5**4*53*44435**44***6*6**3**44***444*5*****7**8*75434***4344*****6***23**4*
3434***7*7*8**5***4*4*323*5*44***5*54**7***6*5*6*44**5**6*7*756********4*235*5*33356**6**33*6*52
***44****6***7**755*543224***5**6***6***5***5*5**4**5*6*******4*7***7***423*4***5*4***6*424*6*4*
47**46*7**45*******5***4*5**6***5*6***423****5**6*645**7*655656**67*7*8*5*4*45*****555**22***4*2
***7****33*457*6*6*4*6*5*6**7*645*54543234666**7****4*****3*************6*65*6**7***3**413**6*42
47****54223****43*433*35*6*****3**4**4**4********65*56**8*55*8*765444555*******7***5*6*424**5*4*
***654*4*45****45*5*22*4*5**8**55*66*7**6**7*657*6*6******5*******43*4**6*6556*****54***3***54*3
*6**5*5*******6****43335*55*****5********5*5*5*******7***6**5*6*****4**6***4**5446**6**45***5**3
25*****55445*5****6**5**4**6*655***7*66*6*34**6*8****6*8*6*4445****5*5**45*6***34*****5*5*7*7**4
1****54**44*44*7**6****44**5*5**35**4**5**44**5****55*****44***66*55*435*32***4******5*3**7*****
135*44*6****5*5***5****54*5*5**412*6*7*6***5**545*44******4******5**44*3*325*534*66**5356****7*5
24*4*3*5**53**5**56**6***45*5**3013*****56**7**4*6*5*6446*5345****56**5534*5**24**3**4*****6*4**
***5234*7*43455*6***66*64**6*7*5323*6**6**6***5****6**44***21*35*5*******4**55*5*4445*5**65*4454
*8**32*****4***5**7****4*6********34*66****455*6***6*******32112*44*6*5*45***3**3*3**5*7**5*5***
****5*434*5**55****54424**656**654*5****665*4**6*6*6*645**6*322433*4*3335**5344323*6*6***6***6**
355*4*3134*44*5*7**6*423****4*6**55***55***4**5**32**5*56*7**5***213*33****53**114*6**66*6***6*3
*4*5545*5**22*5**6*****44***42******54*4*524*65*53345**********433345*6******4212***5***5*****53
*6********53224**5***6*4*35*5446*7*55*56*534***3**4**33335*6*5432*******7*65*3224***55**6*645***
**6*756****3*24**43445*5323****5**5*********4*445**5432223*423**3356*7*6**5*5*5**5***4*5***33***
35****5****424**6*33**5**33**65****5*******5313**45**3**4*55*3345*5**6**33**7***55***43*46**55*3
*3*7**6***44*6**6**4***6*4*6**5*5435****5***423*44**7*7*6****53*******44445****6**4*44*4*3****42
233**6**645****7***445**45**6**5*21**8*5447***34*5*******457***6*****53****6**7**4323**3134****3
*24**4**5***7*****6*3*34**54**5**313****5****53***45*45*65***6*6***6**45*8*5*****54*334433*6****
3*5*645*7*8**6**6**5*534***223*6*533456****7**33543*445****8*53**55*7*4****56*******54****5***42
*5****4******6*55*7****6**53334*****2**5****5*43**33*****6***6*533****66*75***646*******6*4*5421
3**55*56**7**7*5****54****6***5**7*54333*7*66**4*6*45*8*5*4*****34*66******4**4*3***666*4343*3*2
2*55*5*****5***6****435*****5*6*5***4*323*****45*6**3***3134*****5**6*****4345*333*5***34**33*4*
24****34*66*6***6*55**4****434**65**6**13**6*5*4*7*424*5313*5567**7****7**32**3*123*443*4*7*55*4
*5***4123***6*8**44**7*555*32*****7**4212**55*55***424**5*5*5*******44*6**55*43232*3*3323*******
*4***201*333*****3******2*3*23*******200123*****4**3**4***4*4*5*5*42112******21*2*222**113*44*5*

Field #52:
***************
********8******
***************
***************
***************
***************
**8************
***************
***************
***************
***************
***************
***************
************8**
***************
***************
***************
***************
****8**********
*8*************
***************
***************
***************
******8********
***************
***************
****8*****8****
*************8*
****8**********
***************
*8*************
***************
***************
********8*****5
***************
***************
***************
***************
*******8*******
***************
*******8*******
***************
***************
***************
***************
***************
***********8***
***************
**********8****
*************8*
***************
***************
***************
******8***8****
************8**
***************
***************
***************
************8**
***************
***************
***************
************8**
***************
***************
***************
***************
***************
***************
******8********
***************
***************
***************
***************
***************
***************
*********8*****
***************
***************
***************
***************
***************
********8******
***************
***************
***************
***************
***************
*****8*********
***************
***************

Field #53:
********5***********5**
**************8********
***********************
5**********************
**8*****8***********8**
5****8**********8******
***********************
**********5***5********

Field #54:
*2**3*3******3222**33*4****3*3*3**21**
234*425****7*4**45**4**5**56*42*6*4343
1*433*4***6**655**445**423***323**3**1
35**335***6*****54*3***4334544*5433453
***43**5***56*6**335*65***5**5***43***
*8*33*6*666**34*6*5**6******6******35*
***45*5******54*6*******7****6*77*634*
4*4***436*8****5****7555**66*5******4*
*446**44****66*7**8***3**6**45*7*7*55*
*4***6****8**6******7*55*6***5*7**4**2
36***4*5*********65*5**4**345*****6431
***633232446**8**5*4*5*54432**5*6***21
*7**23*322*5*****6*424**3**444534**6*3
4**6*5**4*5***7*5**43*556***3***34*4**
****4***4*6**5**656**5*****5*3323*4322
**76*54323***54*****5**645*422103**210
*****5*312****44**44*7**23*42*103*6*31
35***4**324*6*5*5333****23**43203*7**1
*44*445**24*53**4*3*56*524*5**113***53
**533**65*3*5*5*435**4*3*3*54434*5*5**
3***45***554**42*2**5*44222**3***425**
13***3*5****4*211223*3**10123*4**21**3

Field #55:
3******5**434**4****44***********4******5****34**5*434*****5***5***22****5****************44*
**7***********5********6***7***6*6********7*6***********8**********44*8****************8*****
5**7*********55********436**7*5*4*********7**7*************8*******6*****************7*******
*************6********54*6****54*6***7**7*******8*8*8****************8***76***********6******
*******7***************6****8**6**56*6*5****************8****8**8**********7**8**67**7****6**
***8**7**66*****8**8*8*************6**56****7****7********************7*********7******755*53
46********6**8*******************7*********7**7***7*********8*66****7**5*****8***********5*6*
**66**********************8*76****4*****8****5*******66**76***5****7**65*6*****8*******8*6***
****6**8***65*****767*********67*6557*****7**55******6*****6*6**8*******6*5***************5**
**8*7******5*7*************************8*6****5**8*****7***7*6****7*7*****33****7*8******45*5
*******77**7***8**7*******7****7**8*******7**7*****7*8*7*8***6****7*6*7**6446**5*****7**33***
5*****************5*7*****7****7*******7********8*7***********7******6********66******6545***
*********77*****745*7************8****7*****7*************8*******7*********8******7********5
4*****8***********4*****7**7***************6******7**********7*****6***8*********65*****7*8**
*6*********7***7*44******6**7***************7**7***6**********7*****67***66**7****6****5*****
**7**8*8**6*****43*5*****6***********8*********7***6********7*************4**7*********54**7*
**********7***8*6*56*****6*6*******6****************7*8******7***8*8***8*7*7****8******5*5**4
35********************7***46***7***557***8*****76************************************7**56***
*55****7*77**8*****8*7***7******6*6****8****8****6****8**8*******8************8**8****5******
***6**7****************7*****8*7**7**8************6************************7**********55***7*
**7*****76*********6**6****************556*8******7***7****8****************7**6*7*****6*7**4
**********7*******56**5*********8****55*4************6***8*****66********45****65*********6**
*******8****656**6***55**7********8*65**7************7*********6********423**7*****767*8**7**
5*7*77*******4***6*8*5**7**8***8************8***7**********8*******8***7*44**6*7************5
**7*****6*6*5**8*7****7************8*****8******5*7*8************7*********7**6**************
******8*536*66*******************8****8********7*5***********7*8*7*7*****8*************8**8**
*7******5*******7**************8***67*******8*****7****8****7*******7*7*******7*7************
4**8**8**7*77***5*****************7***********7***************7*7*****7*****8**6***8*8*8*66**
***************55**7****7**8******************7**********8*8**7*7********7****************6**
***8*7**8**8*8*6**6***8*7*******8****8****8*****767****7******************6*************8****
*****6*************6*************************6*******7**6****************5****8******7*******
*6***7**8**7***7****6***************8**67*8*66*******5***5*************8*55*********7*****7*4
3*6*********56*6*67**7*****7***767****6*************65***54**7******8*****6*7**7***********6*
4**7*8**7***5***4********76***********6*********8*8***7**6*54****8******7***7**6*767*********
********4***4*43*4****44************5**4***5***************3*4**********4*5****4******44**5**

Field #56:
01*21012334*3101*11**4***311112**2**4*22*2012*101*223*32210001111111*2*2*323**210001233*4*4*3**
133*112******1122114**5**6*32*22234*4*34*301*21012*2**4**32123*22*3223232**3*4*32112***4***3*5*
*3*322*46***323*3123*34****4*43222*2224**201111111134*34**2*2**45*5*22*44432233**11*4423*5443*2
3*32*323**4211**4*4*433*4334**4**32201**3100001*3211*212*443323***4*34****212*544222*11233**222
2*333*35*5211244*3***2*3322*5**434*2135420111024**11110223**2224*4434****5*23***3*33333*4*5332*
12*2*3***6*21*2*22232213**425**33**32***312*113**4221101*345*4*32*4**5**43*33**34**5**4*5*4*4*4
02342225***5323231112324**4*3*4*4*7*34**4*3211**43*2*10112**3**333**4*5*3222*3212****33*434*5**
01**2113*6***32*3*43***4*5*232325***22*4*3*22245*31211000122334*2*5554*22*12232222333234*3*23*3
02333*44*446*3*34***5**42*433*44**433444222*2*3**421011100002*4232****443222*4**21101*4**532222
01*13***43**4433*5*33**335**3****411****112334*54**212*210113*4*234655***33*4**32*3223**6**33*2
02222***3*4*4**22*322233***54345*4236*5211*3*3**2333*22*102*43*4*4***4***5**334333**22*6****4*3
12*223433233*642124*212*5***2*24**3***20124*322333*21111102**214*6**33*5**4311**3*4*224**65*33*
*34*21*23*33***311**43*4*543213***54*4323*4*5222**42122111223223*4*3112344*1135*312233***5*423*
23**322*5**225**3224**56*6*3114*6**32*2**23***4*6**11**11*102*4*3222101*3*322**21002**46*7*5*42
2*34*335**3224***324********21**55*432322224**4*4*32243222213*5*202*20113*43*4442102*33****5*4*
*323*3***422**4**5**4556*7**323**4**5*3112*222213332*4*32*23*4*3313*321112**34***323323**434*42
24*3122322*23333**544**4*4*5*32324*****22*3311002**23**4*4*3*43*3*44*3*10234*4*5*4**2*34443*22*
2**2000001123*4334**3**52224*4*435*65432*5*3*2223*324*43*31323*24*4**31113*44*3213*432*3***3111
*43211110001****23*323**102*33******4*224**523**3322**322212*3112*3332013***3*32222*2223***3110
*42*34*2000123323*432345434*2235*6***33*3***24*7*4*335*33*33*3111111*112**54423**2222*224543*21
*4*4***3111122113*3**3*****222*214**43*33233*5***4*22**3**5*44*21111122*432**12*44*2224*4**43*1
4*5*34*32*34**22*22223****433*3202*32*3*21013**422123*4323***4*32*2123*4*1134333*4*31*5**4*4*42
***32323*3***5*321012445*32**3*213222233*2003*411222*3*21246*323*23*3**53212**2*34*444**4324*6*
*523*3*32335*54*3211***432134423*4*11*12*3124*313**4332*11**211*212*323**11*3222*33***433*23***
*424*634*43*4**3**22454**313**23**32222223*2**33**5**2122233202332221134422221124*34*43*424*432
2**4***4***33*434*21**34*4*3*55*43*23*32*32434*4*43**201*12*213**3*112**2*11*22*3*22*22*3*5*311
24*3355*34*2112*322124*32*333***4345***323*3*324*4332102345*42***4211*3221112*434344443233**33*
*5321**4222311124*3102*322*23*6*5****54*23*412*23**21002****4*454*211111122333**3******33*43*4*
***114**12*5*312***1013*3212*34*5*54*23*43*422224*6*2112**44*5*3*4*32222*3***34*435*55**4*3124*
354202*423****13*632013**1023*225*43222*4*4**43*4**22*113334*6*635*5**4*33**5*323*423*423*311*2
2**10235*4344323*4*211*32212*211***3*112*24****45*4211112*4**4***4*5**6*2123*5*23**34*3134*2222
2*3112****11*11*4*6*211101*3211246*53323434***4**3*21001*4**5334*545***210012**43**3**43**4*32*
12222*56*31111224***4110012*102*4**3**4***5*6443234*311223**4*233***3321000013**43324*4**44**21
23*2*5**3101111*235*4*322121102*4*4333***5**4**223***11*2233*3*2*55310111000125*6*313*3222*3321
**323***3111*22122*4*4**3*211012322*2224*44*3333**4332223*3444345**3212*43323*4***6*532001122*1
4*213*532*345*322*3*3*33*34*3122*223*20224*433*23*313*32*3****2***5**34*****4*435*****212222*32
*311*3*234*****3*222321113**5*3*4*44*201*3*4**32324*6**444333234**43**3*4455*34*45*5322*2**422*
*311122*2**656*42212*22112*5**423***22133424*54*4*3***5***10002*6*42234322**5*6*4**4222234**211
3*10012235*5**5*32*34*4*223*33*236*422*2**22**4**233424*6310014*6**313**33*5****54*4**33*24*311
*21001*11***44***322***22*433222***33*324*5334*4211*212**10002**5**4*3**4*5*445*4*24*5**422*33*
1101233333333*334*21344233**4*22465*4*414***12*31123*235421112**44*313334*5*21*5*424*43**2223**
1102**4**212*2114*301*3*2*33**21***23*4*5**4212*11*323***11*11222*3201*24*41112**4*5*42323*34**
*114**4*32*21101**2023*2212243212332335**44*11222233*2232112210134*3345*5*41001223*5*3*103*6**4
111**3211222112232212*21001*2*10001*2**533*223*21*2*43101111*112**5*****4**22222333*333324***6*
1123422112*22*4*313*311000112222222134*3*4333**22343**201*11112*5*6*54*44554**4***223*4**4*5**3
*22*2*3*24*44*5*5*4*2000111123*3**224*555**4**421**45*323210013*43**2112****5**44322*3**5*3335*
2*3232*22**5**42**5332101*12**3*323********4*5*1134**34**10001*33*4321245*6*423*23*42345*3*34**
113*3223333***213**3**102345*543214**5****444*2212*543**31112333*22*33***35*31222***23**434***3
002**21**234542225*422112****3**21**5444334**222*33**222101*2**21124**3322**21*234544***6*4*432
0124*3233*3**3*3*4*32333*56*323*213*5**224**543*3*33221212223331123**32222344322**3**34***3123*
01*323*2325*54*43*33****4**332222112**33***5***445*313*4*3*32*212**4222**22***225*43322342112**
2433*22*2*5**45*423*6*7*4234**32*1012223*54*4**3***4*4**45**212*24*411*322*4434*5*32*11*2112*43
***3211122**6****23*5*5*202****32201111*3*3333235*54*334**43201124**2111012*22***4*32212*23*5*2
3*5*21110134**6*4*33*3*2103*6533*213*21123*3*213**4*433*533*21113***321212233*565*34*31112***4*
335*32*2112*5*3133*32433102**3*313*4*32223*423*4*4*3**3*4*32*22*4*43*3*2*3*4*4***33***3322355*2
**6*43*44*32*2101*33*2**212223*202*423**2*22*22*454443424*434*32*3224*5423*5*545*33*43***21**42
3***4*3***222200224*43344*1001110124*33331111223****3*2*34**4*312*22****434*5**223*22234*213*3*
35*5*323*311*2111*3**11**2211111002**22*200113*5444*3133*3*44*20113*546***5*5*322*432*122312132
**23*312221124*212443223222*22*1002*313*3001*5***221101*233*2221003*4*3*6*5*6321*3**4221*2*322*
332333*33*223**311**21*112*4*3110134323*20012**64*32212223*322*1113*5444*55***22124*4*22333**43
*11**22**3*2**4*113*21111*23*20001***2*2100013**22**2*11*3*21*211*22***3***333*1002*312*2*223**

Field #57:
*4********44*******4***4*33***5****4*5**
3**8*7*******767*8*6***7**5********7****
4*****45***********7*8***5***********7*5
***6**55****67*8*7******6*6**7*45***7***
4*6*7****7*7******6**77**6****533*6*****
*5******7****6****6*********8***546*****
*7****7*****66*****45*******************
*******7***********45******8****8**7****
5**8*****8********6*****8*********7*****
**************8**7********8*7***********
********67**8***********6***6***7*****7*
*******7*********6**8***66***6***56**6**
*8**6****7*7*****65*********6**7*5**6***
***55*****6********7**5*6*7**6**6***6***
***6***7*****767*****655*6***5******6***
********6*******************6*6******7*5
***6***6******77****7*545**7***7********
***6455***8*7*****8**44*55***7***67**8**
5****3**7****55*******4***4***7*7*******
***7*66**7****45****76*7*545******7****4
***7***********5*7********4********55**4
5********8******6***8***65**********45**
*****8*****8*8***********5**67*****5**7*
***************7********6**6******7*7***
5*8*8*********6****8***7**7*************
*********8**8**6*8**********7*******8***
*77*8**********6***646*****7************
*******8********4**5*6***********8***8**
***67**********4456***********56********
466******66***54********8****64**66*****
****8****6****5**67************55**7****
***************56****8***7******5****7**
5*8****7*7**8*7****7****7***7****7**7***
****8*6**5******7**7*7******6**8********
*6*****54*5****7*****6*7***7*******8****
*66*****45*67******7**6******7*********4
*******7************6***8*****5*****8*7*
***8*****66**7**8***6*8****7*5*7********
*******8**6*6*****7*6*******35******77**
************7******6***8***65***********
4******8******8**8**************7**6*8**
4**********8************7*7****6**45****
****8***7******8**8****6***7****66*6***5
*77*****7****7**********7***************
**************5*****8*************7*7***
*76******7***6*7*******8***********6****
***6*****6***6*****8*****8**************
5*6**7***6*8**7******6*****8**8**8**8***
***65****7**********55******************
*****56***********8*6****7***8*8*8******
**8***6**7*8*************6*7*******7*7*5
********7*****6***65**7*6***66***7*6*7**
***********8*66****445**7*****56**5*****
*********6**********5**********6**5**7**
*8******66*************8**8**6***65**5*3
***********56********7*******55****6*632
**8****7**6*5******8**6******3**77*7***3
4******7***4****8****6******435*********
2***5*****4*4*********34***32*3*********

Field #58:
2**5****5***************5************44**5*****5***4**********5***5*5********4****************
4****************************7***7****************7**8*****8************8***7****8***********4
*****************8*****8*8***6**7**8*****************************************************8***4
***8***************8********6************8*********7*7***7**********8*************8***********
**********8**************8*7************************4***7**8************7****************7****
*****8*********8***7*********8********8***8*********66************8*****7*********8******6****
*8*******77*8*****7*****************8*******************************7*****8**8**8*********6***
***8************8***************8*******7**8***************8******8**7*************7*****7***5
****************************************7*******************************************6*********
******66*****8**************8****8**8****************8*****7*******7***********7**8**56*7***7*
*****5**7********************************8***7**8**********7*8*****7************7*****6**7*7**
5***7*7**********8*********8******************6*****************8**********7*7******7*********
***********************************************7***********************8****6*****76******8***
**7**8***********8***************7*8*****8*******8************************************56******
***6*****************8**8******76******8***8***8***8**********8**********************7*6******
****6*******8*************************************************************7*******************
***7*****8*******7****************8***8********8***************************7********8**8*7****
*************8***7*8********************8***77*****7*8**************************8********7***5
*7***********************8***7*********************7****************8******8*********8********
4**7*****8*8*8********7******7*****8*****8*7*****7****************8***7******************7****
**7**8***************6**8**************8***6*8*8**7**********8*******7**7******8*****7****66**
********8*8***6*****6*************77*******7**************6**************6*********76*******6*
****7*8*******65*****7*8**76******************8***77******55**************66*****7***********3
****7***8*******67**********67******7*8********************6************7***7****6****7**8**7*
******8****8**************8*****7***7********8*8*8**8***********7*7*****4*7****8**6**6********
5************8******************6***********************45***8***6***7*555***7*****5**5*******
*********8***********8*********7******************8***7434*****8******6*******67**66**66******
****5**5*********5****************5*5*****434***********2**********************************5**

Field #59:
3*5**3****33*4****33*****3****5****3*3*23**213**33***4*33****11*4*4**33***5**
*****657**4**7**7*5***7655*7****6**65*5*6**53**6**4*5***6**53234**5***5*8***4
47*******5*6****6**7******6**765*5****6******56**655*6*****44*4**7*555******3
******7**64*****5****4345*******6*6****6****7********6*6556***6*****3****5*5*
*8**54*****6*644*6**4313*7****7****555**7**********76***3****7**756*44*6444*3
***55*7*8*6**3*44**5*4*5*******6****3*5********667*****4*6********5*34*5**5*4
454********6555**645**3**66*7**7**65*45*6*****6****76*443******7***5*6*5**6**
**56****67*********4*556**5**7*****5*5**657**5***7***6*5*6***55****5***66**53
*******6*****6*76*5*6****7******7**6*7******6*6*6**8*****6*744****44*7*****5*
*8*6****67**55***35********6*77**6*7****8*65***6*****7***5***4***5*44******6*
***535*****5**6*54***66***55*****5***7****6**7*****6**5**66*6*56*53**6******4
***5*457*524***4**6***4**7**6****44**5*55***5*****65*56*****6**5**556***8****
35**6****313***55*6**7*6***6**8**55*66*55***54******5****8**6**7******7*****4
3*7****7*43*6***5**6****444******************46**8***446***6*****55****7**65*
*****7**6**4*****7**7***53*5*6****7****6***65******7*44*****556**43*******5**
4***5******557********7***4*6*6****45*54*44**7*55***6*****54**5**5*6*77***6**
4*76*666**6*********7*6**55***7****33**5434****34********4*46**6**5********6*
********6*5*77*65*5**5****6******55*56****3***6*5*******654****6**6****7***7*
*67***6**44*****5334*6**8******544*******555***4**66*6*****56**7*7***7**5****
4***645**5*46*****24*5****8***7*5*******6***6**556**34******6********6*65**7*
****5**5**5*5****5*5*425**********66*8***5*6**7****65*6**6****7*****6****7*7*
4**5**6*6*5*6**66*6**424***7**6***5****65*6******7*****65*5*44*******5*******
*434***4**65**6******4**7***56*6*6*****5****67*76***7****5*534****755*6**657*
35*56*7*5****4****655*5****6****4***643****7******65***76****5**6***5**5*4***
********54*53346**6**6*6666*****65***23466*********4******6**6**43***65*34*64
46**6*7**44*43**6*****************6*6*4***6****7*756**77*5*4*5**435****5*54**
**445*7**4****6*6***********7**755**4*5***6****7*********54423***4**766****64
*5*4****55*6**7**6***********5***4*3325***6********7****4***335**6******6****
25**46*7**34*****6******755*45***6432*5***5*********6**445*6**6***5*67**6566*
2**7*6***6*446***7*8******545**6****44****45*7*****7**6*3**6****7*33********3
3******6*5*4**46********7*****45****4****6*6*6***7****5*534***8**434**66*8*7*
*57**75*35*546*6**7**6**5***533***533*56*7****6*4****54*4*345*****4****6*****
3******44**4*****7**6*7*66**43*7*6*224*5*******3436**4*4*5*5*6***7***7******5
3**7***3**45*7******6*******3****5*33**6****665*4*5**54*4*****6*****5**7*****
*7**7*64445***5****6**6****645**5*23****55*6***5***5*5**55**8**6**43*4**7**7*
********4***646*8***6*54*6***5*5*335****6*5*****5**43**7**6***7**522245*****3
***7*5*5****5******5**5*3*5*6**645*********66**55*65*6*****67*****43*3***7**2
46**4436*544***54*56***5546**5*******77*8****6**3****5*67******7****5*5***332
**6**4***44*66*445**********7*55*6*********7**3234*54*5*********4*7*7*656432*
**7**6*75*****4*****6**6**7****324*****8**7**5312*5*33**6**6**5445********4*3
*****7***4****56**55*6*55*6*644*24***8******7**34*6*33*66**655*4****7**8**6*2
*6******556**7***7*5**6**5**5*444***************4*5*45********4*****6******32
4*56***6************7***7****4***6656***8**8****43*5******7***56*****567**54*
**4**8**7*6*54456*6***7*****34******4*7*******6*45**7*8****5*4*****65*****4**
456*******33*21**5*6*7*****533**8***54***756*6*5********45*6456**8*6**7**6*54
******5**534*445**6*********4*6***75**66***5*6*7**8****633***********6****5**
***6*545*5**5***5****66******5******6***565**5***********44****77***6***55***
***65**5**6**3335*66*6*****7*7*******7*7***5*436***8*****4*5*********544*6***
********6*6*5312***5****665*****7**8******7*44*4*********44*55*545****35***6*
5*8*76***4***5*557**7**6***6*56**7****6*5****4*44**8**4445**5*6*44*7*6****66*
******545*6***********7*****33*****8*6*455555*6*56***423****6*****6***5*8****
5**6**6*5*5******6*6****6*7*55*7*8****5****4*******8*43**7***4456***755******
**6*5****5*66***6*6*6*8*54*****6***645****7***8******6**6**433*3*******56*764
***24***7****5**5***4****5****7****5*6*****************5**644*6*7*******4****
**645*8***66*55*65*555**7**65***654**********66*8*8***6*6************67*65*7*
***********6*5****6***6****6*666**457***7*8***4*****64***6*7*7******6*****5**
5***55*7******667***75**7********7******7***755***7**447**5***6****5**45**5*5
**65*54***************66**6***************8****56*6**5****6**4****6*6544*34**
**5****6*******45***6*****44*5**7****6**6***6***5**4*6****6*42246*7*****544**
4*7**7**5**77*424*76*66**7*5456*7*7*65*45***45*7**654***55**4113******7****6*
4***6**4*5****53*******6**********6***6*5*544********666*5***32***7****67***4
**7*5*6545*6****6******7*8*8**55***5*****4*4*****556*****5****46**5**********
***56*****6*6***6*45*********54*565*5*8*66*7****7*4****66*6*64***55**546*8*7*
*******77****56**545***6*7*65**5***33*********7***6***6***5*6*67**6*53*5****3
*8***********5*******656*6**5*5**6*2236****76*6****6***6656*********6*6***76*
****7**7******456***6*****66**44*4112*6*77***3*****7********6*8*55******8****
*7***45****7*55**7***7*8******34*4114******7556********7***45***43*7******6**
*7**65**6***6******8*********5*5**33************56******6*6*5*8*6*5**8***6*64
*******56*8***65*6*****655**56*6***4**8******6532********5**6*****7****8*6***
25****7*******4*5*7**6**5*55***6*6*55***67*76**334***7****55**66****7*****7*5
14*7*****6****55*****33***3*****35*5***5********5*56**45*5**5**4*8**6*7******
*5**6***6*55*5****8*6446*545***7*5**46*6567*646****6*6*44*324*66***6***7***8*
**4*4**4**3*3*4**********3**4*****33*3******3*3**5****3**2102*******34*******

Field #60:
*2112*2***324**333**23**1112*2*****2*21113******2*2*3*333*2*3*222*2**3*2*4*4**33*4*2001*******
4*33*4334*3***6***322**421*21224**543*22*4**45*53223*4***434*4*2*334*5223***5*3**6*5211235***3
**5**4*2113455**5211244*123421125**3*5*324*324*5*323*34**4*4*4233*13**423**6*3224****32213*532
45**33*2013**3**2013*3*322***11*4**53**21*222**6**2*323*45*53*22*434****334**4323***6**4*212*1
**65432212**5344322**534*44*3224*5*4*4333323*7**43212*23*4*3*22*3**5*4333*346***33*5****210233
******23*34*5*4**3*44**4**3233*5*413*22**3*4***6*2101112*423112234**3313*44***6*4434*5421112**
245*533**33**5**44*33**4454*3**4*422112*33*446**4*32211112*2222*13*6*3*4*3****33***32*2113*45*
12*22*34*22*5**53*22*445***4*3234**32121124*3**5*4**4*421113**2112*5*54*435**313***322*22***5*
*32223*321235***211112***43*2213****4*3222**45*64*45****4324*5332213*4**4*4*4213*43*112*345**3
23*22*3*223**5643110024*422333*5*65*6*6**2222****5*4*******5*4***2135*424*42*22*32211012*2*33*
2*4*3223*4**5***3*1013*4*11**6*6**43****410136*53**435444***4*5**33***214*4334*33*200113342111
*4*4*213*5*6*334*4212**42125***6**4*56**3212***44555*3*334**43*543**6432**4**3*22*3224*4**1011
3*34*21*23**2213*4*24*5*211****4**42**44*2*4566******43**334*22**34*3**334*3222333*2****44434*
*4*32232212333*33*34**55*435**445*3123*2244*****545*32*333*333334*2123*33*31013**21234434*****
24*32*2*3222**3*34*4*6*****3*5*2**2112222**6*5443*3322223*54**3*31211124**2002**52002*44***5*3
*433*223**2*43324**53**45*544*323332*11*24**44*2*4*2*12*5***324*412*311**31003***2123****54421
2**22223*333*22*3***55422**4**201*3*212344*4**344*44233**5*4223**34**322211123**42*3*45554**31
12223*3*432*4*33545****124**533234*4323***2334*2***3*2*33*22*2*5**4***21223*5*6*422*4*3***5*3*
1111**54**33*33***434*434*5*4*4**3*4**5*4212*5333**413343334443*335***21**5***4**444*24*64*342
2*325*6**43*33*34**3333***424*6*4335***21113***223*212***4****2222***4224**33223****322*4*4*2*
2*3*5***5*33*32224*4**3455*22**43*2***4222*2345*32233*5**6*7*412*44543*12*3101123443*1225*5232
2222**54*34*5*22*535*43**4*324**3233443*2*223*4**32**5*44**6*202**3**422111001*23*21111*4**32*
*22234*43*3*5*33***3*22**413*4334*32*3*43212**55*5*7**4*45**321233*5*4*21000124*5*411123*7*4*2
3*4*22*3*2225*43*4221224*423**33**3*23*4*214*6**3*****53**45*21*113*4*5*32233*3*5**11*24***532
*3**21232112***2232212*23**34*4**321234*34*5**3223**6*3*554**322313*33***2***543*54212*4*65**2
3433222*212*5*312**4*4333*32*4*643233**43***4311123*3133***6*32*5*4223*5235****32**2223*3**6*4
**12*3*23*32*2102***4**4*42225***4***5*3*444*112*122201*6*5**33***5*23*313**5**4334*4*44545***
3312*3112*3221124443*5*6**34*4*6**5*5*4333*3212*433*4334**4332*56**45*43*4*6434**22**5****4*74
*1123321112*112***2234*6*6***44*5*424*3*3*3*102**2*****3*44*322**45****423***33**4344****44***
123*3**2112233*4423*4*5***4*4*4*312*3243*33221334346*5334*4**21222***6**345***33*3**24***34**4
23**54*44*32**5*224**4***43122*442212*2*23*44*4*2*2**32*4*44*212224**434***56*32233322*44*5*6*
**5**34***5*5**23**6*5445*32234***11222235*****23345*33*412*223**24*42*457*5**22*32*34433*5**3
23*432**6*4*44322*5***4*5*3**2**4211*333*****7432**4*34*412233**43**324****6*423*4*5****43*44*
122*113*3123*4*212*5*4***322334431023***544****3*5*412***22*3**6*3455*5*55**32*44*4***6*5*4*32
*33332211124*5*4245*4334*4211*3**212*34**2136**425*4224*33*5*6**33*****4*35*423**5*543*3**54*2
2**2**3213**55*3****4*333**2345**32*2124*324***43***2*4445**5**4*45*545*32**3*23*6**222345**4*
23324**3*3****444*43*5**4555***33*33211*33******3*4333*****5**432**45*5*444321223**6*32*2***63
2*213*5*5435***3*3233**5*****43344*3*334*44*55444432*34*44*434*2135****4***1123*34*5*5*3236***
*33*323***33*43*23*3*34*6*5*433***45**2***45*4*3***22*22233*13*301**766*7*521**4*213*5*312**63
23*3*3445*3*321223*5334**2213**6***5*43333***6*535321111*3*422*2013********223*5321223*33*6**1
1*222***3232*212*22**3**53112*4**7**43*2224**4*5*5*3221224**32110124566*544*334**11*224*4*5*31
122223333*3323*3112344***3*22355*6**5*6*3*34332****5**33*55**10002*4***43*22**4*43433*3*55*431
12*3*311*4**23*4222*3*5*33*33***4***5***33*3*113*44****5***4320114**35*5*2114*644***2123****3*
*546**1225*54*5**4*34*63323*5*7*445*433224*53311112*44**4543*212*4*313**42002****6*41002*6*45*
*****412*4*3**4**4*33***4*43***4*2*3*2113**6**21113332333**423*32*3202***42113*54**201133*33**
*555*203*4123333454*3343**5*56*413354*22*****6*12*4**22*45**23*312*1013****2113*333201*3*34*53
3*5*3213*2124*21***22*223*5**6*302***23*6**7**212*5*32*3**4*44*212210013454*213*53*2134*4*4*5*
2***33*4211***313*3223*333*4***412**324*7*6**53133*222334333**322*101123*4*4*44***33*3**43*3**
3454*3**22445*213433*32**21224**233311*****6**3*4*333*4*4*34**22*4201*3***44***5*6*22*323*3233
**4*33223***3333***3*21222221124*3*1013*6**7*44**5*3**5*5**5*524**20113*5**46*44**2223335*312*
4**5*2114*65*4**4322221123**3113*5331124*6***54**6*434*35**6*5*4**201133433***33*322*2****33*3
*33**53*4**3**5*52212*23**5**34*5**3*23**5*7***5**33*44*3*5**4*322113*3**224*5*2233*3434433**4
2223***23*32346***3*334***555***4*5*33**65**5**546*43**222*333221212**44*21*4*211**3*4*43*24**
1*12454332101***5*434**665***544445*23****5*34*5***6*65422123*43*3*2223*4224*42023333****334**
3443**4**10014*6434**4****56*5*4***423*56*6445**34*******102****4*31124**12***213*44*6544*4**3
****45**411112***3**43334*4**5*4*6*5*23*4******3224*44454323**644*313**4435***21*******12*4*31
4**5*5**201*1135*4333*3233*4*31213**424*544444322*3221*3**3*44**223*3*4*3****5323*6*5443323110
2*44**321022312*44*35*4**3343211235*4*5**2*33*22*33*233*334*44*421*232313**53**2325*31**3*3332
13*32321113*4*44**4***4343**2*22**4*43**554**3*22*34*4*323*4**4*22211*2235*3244*3*3*3235*4****
14*423*21*3*6**6*7*4323*3*3222*2223*23*6***6543344*4**43*4*56*412*2234*3**44*3*4*343*23**45*52
*3**3**21133*******2014*41111211012335*5*6****3***45***22*4***3123*2**23*6**4*4*3*3*3*4*6*3*20
2335*421002*44**544212**4101*11123*4***423***6*55*4**532345**6*33*3332124**33*3234*4323**33110
*32**300013*33443*2*24***211222*3***443*113*4**4*4*55*32***6**5**43*2113**522111*4*4*3233*2232
**23*20001*4*4**3232*5**4*101*22*5*6*2343123433*34*4***3354**6***6*6*32***4*32122*34*5*2223***
331122100113*4*33*212**54432344324**33***33**3433*23*643*3*44**8******33323**3*233*33**31*3443
*2234*31111223223*3123*4***2****12*44*654**45***43334**214*32****756*5*211123*4*3*5*45*312*3*3
23****3*11*22*23*43*2223*5334*63223*3***234*4*5*4**2**4213*21235***4*422*111324*43***5*52213**
*23*4221112*22*3**212*1112*12**11*2123*311*3*2213*3223*11*210002*43*3*11111*2*22*2233****10122

Field #61:
000000011102*2013*2012**100000012221223*1000012222*2*2*1112*100001*10012**100000
11100001*213*301**301*3210000001**2*3**2100001**2*2323111*2221000111001*55311221
1*1000012*23*2013*2011100012221222213*31000112333112*2001111*10000000012***22**1
22100001223*310011100000001**3*2100022200001*22*1002*20000011100000001123*54*321
*2100001*12*20000000001221123*4*20001*10000124*31001221001110000000112*112**2100
2*100012211221000001111**111224*3110111000002**200002*3102*200000001*43201221000
1221001*1001*2110001*112222*11*22*10000001223*3100002**102*2000000012**100001110
12*10011100112*11122210002*311122211221123**211000012432011100000122222100001*21
*2110000000112122*2*111102*20012*101**33**4320000001*2*11221111012**2100000123*1
111110000001*222*33211*10112111*210123**322*1000111112112**11*101*33*1000002*322
001*111100012*2*33*102220001*22110000122101111111*1000002*422221232322001112*32*
001111*1111022312*2101*100012*1000012211110001*11110000012*11*11*2*2*1001*2212*2
000001111*212*1122111211111011100001**12*200011100000011111111111212110012*21222
00000000112*2222*101*2101*10111012222223*31000011111101*1000111000000000013*22*2
00000112111111*211012*2122201*101**1001*3*100001*11*101110001*1001110011102*22*2
111001*2*1012322110012*11*1011101222111121100001111110000011211002*2001*10111111
1*1001132201**11*1000111123210000001*2100011100000001110001*100014*3001110000000
11100001*10122111100000001**100011112*11111*111100001*10001110112**2000001110111
000000011100000000001221023310001*211111*11222*2110012210001111*2221111001*212*2
000000011111100000001**101*1000012*211011101*322*10001*10001*22210001*11133*23*2
00011101*12*200000001221011100000112*10000012*1111000111011212*111101112*3*4*321
0112*112323*2000000000000011100112122221111111100000011102*311111*210003*42*3*10
01*2111*2*21111111100000001*1001*2*33*3*11*10000001223*202**100012*10002*2112110
02220022312111*12*20000000111002232**3*212231100001**5*2013320000122100123321000
01*2112*201*22212*31101121101111*233321112*2*1000013**21001*1011101*11111***1000
0123*12*20112*10223*101*3*311*222*2*21001*221211000244311011101*101222*223321000
001*2111211011112*2111223**112*11122*100111001*10001**2*100000111001*224*2000000
112231113*421001*21001*112211221122211000000011100012221101111110001122**2111000
*11*3*12****10011100133200001*101**100000001121100000000001*11*1000001*3322*1000
1112*223*432100000001**211112110122100111012*2*21212111110111111000001111*321000
1101122*3311000000001223*21*10111000001*101*2213*3*2*23*200011101110111012*22321
*21001*3*2*1122100000002*211101*1000112221122102*4222*4*20001*101*211*100112***1
2*10011213232**1011100011100012210001*22*101*1012*1123*21011211012*2333100123321
1111110001*3*53201*10000000112*1000012*3220111001122*211012*2122222*2**1001*1111
1112*1000114*4*1011211000012*21100001222*2100000002*431101*22*2**1112332001123*2
*11*21011102*3110001*100001*320012211*112*100000002**2*101111122210001*100112**2
11111001*1011101110111001133*1124**2211133200000002332110011100000000111001*2332
0000000111000112*10000001*3*311***4*1002**100000001*1000012*100000000000012322*1
11011101110002*421111000113*201343211013*32111110011100002*420011100000001*3*211
*201*211*10002**101*223210111012*100001*212*32*10000000002**1001*1000111124*4200
*2012*122311012210112***1011101*32000011113*3*210000000001332001110123*11*3**200
33101122*2*1000000001232102*2013*200000013*3211000011100001*10000001**322123*200
**10001*2211000011100000124*2002*20000001**200000001*100001111110002332*32111100
22111222100000001*1000123**21001122210001221001110022211100112*21101*123**100000
0012*2*1000000001110001**321112111**10001110001*1001*11*2223*212*211111*32100000
001*2211000000000000012433122*2*222210001*21112321011113*4**33223*20001110122100
0122111100111011100002*4*3*2*223*2000011323*11*2*1001234**432**12*200000001**100
13*201*2101*113*310113*4*3121102*200001*2*32111211001***33*112222211232100122100
1**3012*101222***322*212110000011100001122*21001221013*311110001*101***311011211
13*201221001*2356**322000000000111112110012*2102**21111100000001110124*3*101*3*2
011101*11112221***32*21100000012*22*2*210012*103*42*11110111001110000123210113*2
011102332*11*113*31123*10000001*4*3122*212121102*21112*201*1112*1000001*10000111
01*211**3211221222113*31000001223*200113*3*10001110002*201111*211122101111111110
013*2123*1112*11*22*4*31000112*111100113*3221000000002231100112123**200001*12*20
003*3002343*333212*3*3*10001*211001222*2111*1000000001*2*100002*3***211112212*31
113*3112***32**21223332100011100012**21100111000000001121101223*434211*22*21323*
*22*32*345*21222*11*2*221111111101*3211111221000000000111001**422*100112*23*3*21
*2223*3*2*221101222133*2*11*11*10111001*22**10000011101*10014**222211001112*4220
111*21212112*2001*211*221111111100000012*2221000001*112210002*43*11*100001222*10
001122210113*31112*23320000000000001121211000001111111*10001223*3233200001*11110
00001**212*212*11222**10011100000001*2*100000001*10001110113*33*21**100001110000
00112222*21101112*22331123*1000011111223221100011101110112*3**322223210111111000
001*1001221000003*31*101**2100001*10012**2*100000001*101*2234*32*112*101*11*2100
122210002*2000002*21110133311111111112*32211000000011101222*22*2223*31133213*200
*3*210002*200011211000012*2*11*10001*21101110000111000112*2111111*3*312**102*421
*43*20001110001*10011101*22222110001110002*310001*11111*2110000022312*2221123**1
*33*2001110111222012*1122101*1000000000002**32111111*111100000112*101110001*2221
3*211112*101*11*101*211*2111110111000000013**2*2111221011100001*2110000000111000
*21001*211011111101110234*111113*200000111133312*22*1123*21000111000000000111000
11011211001110001110002**211*11**3001112*201*1012*3211**3*22210000000000001*1000
1111*321112*10001*10013*31011124*2001*12*201110012*10122223**1000011211000111000
1*112**11*212110111001*21001122*32101123431011100112110001*32100001*2*1000011100
1110122111102*21110002221111*3*22*10123***101*101111*10002220000001121100002*200
0000000001112*33*20012*12*212*3221113**3321011212*11111111*10000000000000114*410
0000011101*112*4*2001*212*20112*1012**531211001*2110112*111100000111001111*3**10
000001*11221012*2211111011101122211*4**2*2*1001110012*222100011101*1002*21122210
111111111*10001111*1011100001*11*1123322121100111001*322*10112*10111002*20000000
*23*200011100000011101*1000011222102*2000011101*210113*31102*3110000001232101110
12**212210000111111001111110002*3113*310001*2122*10013*20002*21110000001**101*10
012211**100001*11*1000012*10013**11*3*1122212*1111001*210012211*2100000122102220
111112221000122111100001*21113*421112112**21211000001221012*1023*100000000001*10
1*11*10000001*10000000011101*3*200000002*32*1000000001*101*2101*2100000000001110

Field #62:
000001*10000000000000000000000000000000000000000000000000000000001*10000000000
000001110000000111000000000000000000000001121100000000000000000001110000000000
0000000000000002*2000000000000000000000001*2*100000000000000000000000000000000
0000001110000002*2000000000000000000000001121100000000000000000000000000000000
0000001*1000000111000000000000000000000000000000000000000000000000000000000011
00000011100000000000000000000000000000000000000000000000000000000000000000001*
000000000000000000000000000000000000000000000000000000000000000000000000000011

Field #63:
**21012222*22*22***3****2*3*4*3211**11**3****2*22*11*4********2*2
23*212**2*3*445*5*56*654424**5**32332124*445543*43213**6****5223*
012*23*32234****33***3**4*45*6***34*3213*32***34**213**5466*3112*
11323*4311*5***424*6334*5*3***344****4*55*4343*4*5*13**5***43*221
3*4*23**112**433*4*5*23*41224322*45*6*****4*3214*4123*5**5**32*21
***213*63223223*34*7*43*21122*12*22**6*7644**223*202*45*423*323*2
*52213***4*313**22****3222*3*54322344*****456*5*3214*4**3112*13*3
*312*335*6*4*4*421245*32*446****32**35*655******32*3*434*102334*3
*53*3*34*4*33*5*1123*3*33********4443***4***54*5*31212*22334**4*3
***332**23345**312**3334*55*54434**2*4***35*3224*20124443****45*3
*54*233322*****314*64*3***423*214*531223213*31*33312*****56*33**2
4*43*3*23*5*4444*4***34*7*4*335*4**31000013*3212**23*6*54**213*41
***22*5*4*3123**34*533*4**533***66**111102*6*3224*33*434*43113*20
243334**31213**6*434*424*5**55*****533*313****4*322*22**4*312*210
01*3**44211*3***5**5**23*45***5*44**3**5*325***4*22123434*5*22332
0235*4*3*333445**4*5*5*34*4*5*4212455**6*313*7*43*312**34**444***
13**322*5**4**333435*33*5*6443*223***44**31*4**22**12*5**55****52
*4**3013****6*31*3**334*4****313**6*53*5*324*532354213*54**45**30
14**4102*654**3224*65**33345*314*5**4*23*21***21***203**223*34*20
14***4233**3332*12****55*21*22*3*45*532212234*2136*302*433445*420
*4*****3*433*112234554***222322212***4*201*333212**31335*******42
*5454323*22*4223*3**3*44322*3*3111355**3113**3*33*32*3***53446***
*3**2002222*4*3**45*535*21*46*5*434**33*323*45*4*3222*46*411*4*53
246*4223*1235*4344**3***324***5*****6322**224**312*1234***113*5*1
1****2**212**22*2**322323*4*44*44*****113432**5322222**442103**21
12443344214*4112444211112*4323*324*554312**335**3*12*54*21213*421
002*32**22**2012**3*12*224*3*212*212**3*3434*4**5223**212*3*334*2
123*5*5*45*4224*65*223*21**5432333235*43*3*5*44**21*321024*55**4*
*2*3**32***21*****211*21123***2**2**3*22*32**22**21110001******31

Field #64:
*34*434*5*4***112*****4**
2*********6*6432*5*65**32
24***6***5**4**545*5*5331
3*56*536*66*55****6**4*4*
**6**5*3****5***7***34**4
5*****345*7*6*8**56423***
*****5*3**5*6***6***44*5*
25***534*4*5***6******442
14****2*344*****7***8**5*
3***6334*5**6*7**********
**7**33****45**67**7*7**5
***5*6****53********5****
**55*******34*8***64****4
**4**65****55*****5*7*8*4
4*56**45******55**5******
*5*****5***644*23*447****
**7****6***5*433224***764
4*****6**6*5*6**22**8****
2*7***5*6*44***43*5******
23**6*43***34544*56**55*4
*4334*34*75*3**4****65*6*
**44*6*5***5*445*********
*******6****6*4***66545*5
****8*6**7*****545***23**
4******56****6*6*5**5*233
3**77*6***6656***7**3222*
*6****7*75*********533*42
2**8******56*****6**5**5*
24****8*8**4*7***54*****3
*335******6*6**7**45***6*
3*13**755*5*****54**56*7*
*433****23*5546**46**5***
**4*6*5435**4*5*5****7*63
**7**5*4*****3**6555****1
3*****4****5345****35*642
13*6*6*5*532*2**8*6*6**3*
122*5**43*12244***6***4*2
*333**5*4332*3*7**5**5532
**3*4*43**4*34***65*4***2
3*54544*4**6*557***3446*3
23*****445********7*3**6*
2*7*8*7**4*6********34***
3********535*76*7**424***
*6*6*7****4****6***44**6*
4**43**7**7**6***75****63
**5*45*6*****65****5*****
223**3**4*5****4*5*324*5*

Field #65:
***5****21122*4*4*3112*4**3***43**201*3222****5*5*4***4**22*23*********311*213*32*212*2*3**3*
*****6**54*5*6**5**12*5**65*****5*4123**3*6*******4**6**6*44*5*******7**3333*3**323*32435**42
343323**********43445**4***46**34**44*7*42**6*6**545*6**5*5**6*655*54**5**3*33433*334*5**334*
*4332334456*6*7*43****554533**522*******3235*5*6*3**5**5*4***6**4*5*545*6*433*3*45*3****432**
*****3*22**45*6**6*7*6***4*24**434**6*66*32**6**544*5**424**5****3****4**6*4*4*5***34**6*4*53
4*544*5*33*3***6***7*7****334****45*55***5*4*6****33*54*35*6*655455654*5****34*4**434**6*6*6*
*5*33*6*43456*7*********655**57*7**6***6**554*****33**44***7***4*****435***53*45432**5**5****
3**3*5**4**********656*5****4********5*56****5*6**44**4*********54434**5*6**55***33344**6*7**
4*433**4*5**76******4**56*6446***77*544*****6*35***4**33***7****4*224*6**66****7**5*4*34**5*3
**43*65434****5**66**33****3*********4**65***34***65*4223*5**7*4*3*3***5****6***4****223*5*31
***6****3*4*7*545**43224**44*54455***6***3454*4*****44*2335***34233*666*6**4*45556**312*45*30
*****7*7*544**6**44*32*24*44*54*3*45*4*434**45*6*655**45**5*65*5*34*****6*6545*****6324**4*41
4**6*5*****4*****45*4*213*5*****645*55332**6***5**4**4****5**6***5**6*7*5******6*7***4**65*5*
*55*56****54***66***43323*6**6*********4*6**46*66*7*42245*55***8**4*55**43*56*6*4**8*6****4**
**5****7**5*544****7*5**33***445*5*6*7**5**6*5******4212*5**4****544****423*4*5*45****4443*4*
34***8*6*4**5*4456*****5*35*7*4*222*4***7**5**45**5**4*44**534*8**3**66**33*55*5*4*6*54*44331
*225****445*7*5**5***6*645*****321235*8***66**33*6445**4****35***44**6***6*5****5*35**6****42
2313*6*6**5***5*6***45******554*12*5**********43***5***44**6*****33****6****56***5*5*****7***
*2*435*6***5*65*6**4*5*77*53*4*533***7*7*******55*****7*44**67*65*44**55*66**5****5**545*5**4
243**4**4*45***5**554*****423****46**5*5*6**66***46*****6*6*****5*4*56**6**5*5*5***5*54*5*44*
*3*556*5323**6**54***5**8*6*55**6***44*414***4*533**7*****7**556**65*******54*544*34*****6*42
3*6*****12*435***35*55********4*6*7*32*424*6*43*23*4**556***53**********8**4****5323*7*****4*
4******424*43***54**6******65544**5*544**6*65*423*4445*2**8*5*4**645******6*446***24*6**56*41
**645*54*3**4****3*******6*5***3*45****4*******24**4**556****456*4*34445*6**43***6*5**443**52
**6*44**334*657*534*67**5*4***5434***6344****743***6*******75****65*4*22*6**4**6**5**6*3*6***
4***4**6*24*****4*44***7*4*6*7**3****5*3*5*****3355**********4******5*334**6*5*56*6***4*3**7*
*544*6**4*4*5456*4**6****42****43****6*424***643*4**6**7*8**434***55*44**5**4*4****454*234*5*
**24**43*23*33***544**7**31235*435****43*45*6**54***44*5****22*6*6*3**5*6*54*34*5*5*4*421*45*
*64***4344445*****4*65***43324**3**8**5*5**5*****4443*35*7*524*5**4444**6*5*44*4423*5**112**4
***6**5**********6****6*6****4*54*****5**6*4*65533*3*44**6*5*4*44*5**444***5**4**3335*42236**
*7**4**56**8***7*6*8**7*6*7*56**545566*6**443**3*425*6****6**44*43****4*5***534***3**43*3****
*5*656**6*****6**7******4**5******4****5***4*644*4*6***65***6*5*5*7*8*6*646*6*55**54**423*6*5
25***********5*****7***545**6*77***5***56*6****336***6*4*46**5**6*****7***3*****5*5*7**4446**
*3**********65**7*6*****4**4******5*5*6***4*7*64***645*534****55**7******4456*7*64***********
134*56*55*****7*6*5*5*55**32234***33*6***422****6***3***5*****4**5****6*32***5****457*7******
23*33**32**55****5*5423**53221235423*****20135***6*4*56*****655**436**6322466***532***5*43443
**43*6*546*43*5**6***45**3**4*34**45****52223*45**445**5***6***443*3****32*****4*334**43223*3
5*5*6******6*544**46****544**5**********4*4**5*34*5***45*7**345*5*434****45*6*432**323*2*3***
**5***7********334*4***6**23**46**5457*7*5**4**54**4433**6*412*****33*6*7**4*5*214*3123324*7*
*6*566***54***43*334***5*432445***54*****5*445***55*33*65**424*6*6**424****53**435*42*2*24*6*
**6****5*336*5*44*4*5**54*4*3***5*******6*43**56*6**5****5**2**54*7**23*6***455*****5343*4*5*
*****64322***55**5**56**5*6*54*555666**5**6*6*5******6*6*55556*4****54*5*655***6******4*56*63
4*****4*336*7****5*5***5**6*6*6******5*45****3**66****5*3******5467*5**7***3*6**4***55*******
2*66*6**5*****6**534**54**7**********323***6444**4*65**5555445*3****7*****323*6545*6*4**76553
35**5**5**7*524***4*6**23*****6*6666544*6**5**3324**35*****23*323*5****6*5323****5**4*5****2*
***7***446**424*6*6**543335*76*6********6*7**6*325*6*3**7*6*3*312355***54**4*6***5**64*565332
*5***643****6**5*4****5**22*******56**6*6****5*5****4334***555*22***5*4**56***7*65****5***34*
123*4**345*****6*4346****4357**6532**55**7*523**45**4*45*******55*7*32345*********6***5*66***
0022324*3*5*****3*11**7**5****6**435**5****4134*33*56****7***7*****423*4*****7**66****54***52
233*214*42*6***3211134***7**64*****5**7****6*4*5*44***5**5**5****7*4*4*6****7**6*******4***52
***33*4*544***4333223*55****5*55**5**********6*6*5***54434**44****4*45**5******5*6*76645*8***
**43*23****6655****3**6*5565***223*57****56**6*5*6***4**34*64*45*34**4**646*545*44*****5*****
35*43235*8******5334****4***6*53222*****6*3**4*54**53*5*3****5*4345*5*6***6*53**5*67****6****
3***3*4*********202*545*5355**5**336*****333433**5*323*5434*6**5****44**6*****34*****66**6*6*
***56**7***76*64313**33*3*4****4*4***5*5*43*4*556*6*34***233***7**55*4*5*6*66534**754**44**42
344**********4**3*46*5*434****5424*632245**5********4***6*5*7****64**535**6****6****455*444*1
3*4457****7*5*4*32***5*4*4**65**34**212****6*8**56*54*7*6*****7****5**4******6*****7***5**322
***5***7***6*443336*5*4*45*6**54**33*35*7*6****5*5**33***6**8**7***323**55*644**6*******6*42*
46***7**7****4**3***434**4**6**444234***6**5*545*6*7*56**6*******6432334*55**544*4*67***4**31
**665*****6*4*56*6*4*4*534*6**6**3*5*****5*313**5*******5***65**6**5**23*******3345***6344*42
*****556**5343****543***24*7***645******5*4324**6**6**64*56*3*6**7****43**55*54*2***6*5*4*4**
3*****4**4**3*5*****56*43********5****65*5**3***5*5*5**54**332********4*45*33*4333335*6*6*33*
3556**5*64434*45*******32*6**7*5**45***3*5*55*76*44*33***34*4456****8*54*5*54**3*313**5**2122
***5*54***5*44*5*767*8*5434***44343*453324**4****4*43235544*****346****4*4***434*4*4*55*5222*
47*7*6*7*****3*4**********46***3*3*4*4*32*444**6*55**11****656*522*****4335*7*34*414**4*5*5*4
************42246*65**55*5***6*54*4*3***32*4*54*4***422457***5*6*45**44*4*6****6*423**33*****
4*6*****446*423***5*533*45**5*5**5*4325*422***225***43*3*****6***5**313*5*********3*4324*55**
*3*4454422**6**6*7***45**6*5*4**5***324**4444212*****5*34*76**6**6*4202*45**7555**44*32**44**
3434*5*3*46****5***********65*7*6443**5*****3223*6*7**224***44****5*4233*5****4*422**4*5*5***
**3****44***6545**666**7*7********445**6***6**3*56*6*534***43*4**6****5*5**77*7*41235*5*5***4
**33**44****5**5*5***7**4***7***7****44**7*5*34****6*5****5*3246*5******7********34*4**6**54*
*533555*****5**4*34****6*45*7****546*43**7*4113**6**4**5445*54***4335********8*75***55****33*
**3*********5444234*7*6**34***6**5*5*5*6***3234*6*65*554*3******7*324****7*******6***3*6*6*32
*44*6*6*44**4**4*3***4**5*4***56*7*6*5**7*42***5****3***35*656*****5******6*544*6**75435**6*3
*32*54*33244*56**45*65**53*455******34****335*7**7*433434**4**6**7***6**6**5*213******3******
*324**5*2*3*4***4*4***5*4*44**544***55**53*3*****5*33*22**6*56***6***4445**6*535**644*34****4
*31****454*4*45544*6**535*6****225******212*5*534*55**34***4***43**44*3**5*5*******22334*6*7*
*434**6***4*34***6*6*5**4***5432*4*6**6421125*412****5*4***55*4235423*645*6*6667**65*3**45***
**3*6*6*43*44*******44**66*65*434*5*5**3*333***345**6*4*5**3**33***44***4************55**5*8*
*54*6**5444**46*755*3*5*********5**34**53***5*5***44**53*555444**7***5*7*5*5*5556*66**4**6***
*4*4*******432****4223*6*6*7**7*6*64*4*5*6**54*6544*5*3*3****3****5*44***5333*4**5**6*45**5**
3*56*656543*1124***102*5*55****5****344***5*5****4**533335*75*6*65*54*45**3*33****7**4*4**322
3****6***43321136*63234*5******4***53**665*4***6**6**4*3*6***5***4***6*335*54*5*****43*555432
3*6********2*34*****4**5**55**435***34****5*5*5*55****45***6**6**43****43****5*66***422******
4*546***54444***7**5****4*34**54***43*5****6*5*5**4**6**45*44**6*314*7**6*534****56**23444*5*
***3***44*4**5*5**5*6*5334*4******54*34*45****5**645*7*7*544*5*5*325*5****434*6*7**544**22343
**6*5544***5*535*55*7*43*6*54**8*6**44*434****4****5********46*633***43555***56***5**5*43*4**
4**5**3**534**2**5*****4***6*5***4**5**5**5**443556**6*5**54*****35**44**4*5*****44***54*4**4
4***6*545*35*645**67**34*****66*4234**5**4*55*2*3****534445*5*6*4*4*5***6*34445*54*56***45**3
**76**3**5*****6*****523*6*6****323*34*5344**543*457*5**4***65*334*45*6**23**22**5**6****5**3
4****446*7**76***6***4*44*4*6*422**212*3*4*****435****4**46****53**4**43213**424**7***7***5*4
3***43********7*6*6**64**46**432344324333******5****63346*5******7*545*3224**6*44*****6*534**
3***34***6**7***6**5***45****5**3**4***33**5*5**7****43***6**7******3**5**6****5*7*54**4*34*5
*4543**535*5**64**45**43****7**66***5**5*433224***8****5***5**35**55*6*4*****6*4***43333*5***
13**56*42**43**235*5*6*34**********6*66**54*313*6*****6*6*44*534*54***333**54*455***4*322**63
13******46*545433**6**23*6*****66*6**********24*43**7**6**44*5**4**666*43433*5***5*6***446**1
1*333333*******2***4*312**34****3*4*5***44**32**213**4****3**4**33*******2*22***4*3**5*****31

Field #66:
01*3**2001*34*3*3**4*5*31
2445**31123***525**6****2
****443*11*5**4*5***45*5*
**53*3*42224**43**643*3*2
3*3234**23*434*24**3*2211
112*2*33*4*3*3213*5*33210
222132223*234*325*634**20
**102*33*532**5*****4**30
*4114**4***44**444**66*30
*202**65*6*5*44*113****20
2224****34**34*4322233210
2*5***43*334*4*4**3322110
3***54222*23*32*44***3*20
*6*7*5*2234*3233*33435*41
3******21**44*4*4*23*5**1
*4*45*5223**3*5*53*4*5*52
12223*3*1122214*5*6*44**2
001*32212122213*6****323*
1122*2101*2**23*5*6**2011
3*322*22222333*3*3*332211
***322*2*112*32224443*3*3
*5**2113221*4*211****33**
123*2012*223*4*113*6*4222
1121112*33*33*320124**100
2*1002*44*6*32*2111*43200
*21013*3****2124*3224*200
11001*346*53322***44**311
0011323***31**325****44*2
124*5*33**434*424*7*43**3
3*****4244**44**4**33*44*
****6*4*3*5*6**6*643*5*42
3*424*54*34****4***23***2
22325*6**32***5333223*65*
1*4******3235*3*1112*3**2
13***55**43*334212*424453
14**5*455**34**213*3*3***
*4**32***443***22*5545*42
3*4333455*3*44333*****310
3*32**4**35*32*5*66*5*211
2*34***433**33*****32111*
23*4*7*42*433*5*6**211233
*44*4**5*43*23*56*521*3**
3**3*55**4*223*****112*32
2*322**33*211*4**42101110

Field #67:
12211*101*11111110001*2*2222*21100000123210112**1000001**31012*3210000
1**112222333*22*210011223**213*2000112***101*22210000024**112*4**10011
243201*3*4**3*23*4211112*43213*42122*334210111011112211*5433*4*553101*
*3*21213*4*32112***11*12*33*33**4*2*22*111101111*11**233**3**32***2121
3*33*211121100025*4111112*3*4*4**23221111*112*1111123*2*5*433124*55*31
*44*3*1011211001**2011102354*233423*21123321*43101111122*34*201*4***3*
4**232212*3*322223211*101***422*4*4*54*3**222**311*2100123**20113*4232
**311*11*23*4**101*2221014***23**23****544*224**222*10001*33211121101*
2332211111113*310235*20002*43*44322345**2*33*223*12221111111*22*100011
12**10111111122102***211111112**11*22*32223*3212222*32*101233*21211000
1*44311*11*102*203*6332*111101222222*21001*22*11*24**21102**32101*2100
112**211111102*213*4*2*322*101111*111101121111112*3*310013*5*10012*221
0024*311000112111*3*3312*32201*111100012*1000001223220112*4*3222233*3*
112*34*32222*1013343*10123*101110111002*42011101*23*311*33*33*2**4*35*
1*22*3**3**22322**2*21112*21011112*1003**211*10112***1113*5*4244**3*3*
11122323*3212**22221212*322002*22*42103*6*111100012321124*4*3*3*322121
1101*10111114*5200001*322*1002*33*3*334**22111110000113**22233*2100000
*2222212112*5**2121223*22210012*2122***3212*21*100002*4*4211*211001221
3*3*22*2*12**643*4*3*213*200001221013431113*322222114*522*232312122**2
2*33*3121124***22**42102*3222111*1001*322*223*11**11***112*2*2*2*3*6*2
1112*211101*4*31124*200113**3*22231123**2111*211221135420112121325**21
0001111*10123210124*211102*34*31*2*22*321002221110012**100011112*4*310
000000111001*1001**211*112212*21122*32311112*11*1112*3210012*11*3*2100
0001221000012210133202221*10111000112*3*22*3111112*31211012*3221211000
0002**1000112*2223*101*1111000001110113*33*2000002*312*322*23*31100000
2212*311111*22*2**443333210000001*2221112*321000012*12**3*212*3*100111
**222212*111111223****5**1011111223**101222*10000012223*422011322001*1
*43*11*222101110025*****5312*32*11*44323*21121111101*2213*20112*100222
2*2122211*101*2112**4334**23*3*21112**2**2002*32*1012*113*201*211001*2
11101*21211012*23*531002*4*433221002443333112**212111122*210122100134*
1110112*21000112***10012334**11*2112**11*2*1133212*2111*321001*1002**2
2*111112*11110014*41001*2*3*42112*12*322221101*11*22*2212*221211002*31
*211*101111*10113*3111223243*2222122323*2000122111223*3222*2*211222110
110112110011101*323*12*22*4*22**101*2*4*20002*20001*22**11234*21**1000
111001*1000000113*4212*22**21122101233*211223*3111221122101*4*32442000
1*101221000111002**21122334210000002*31212**212*22*1000000113*43**1000
23311*101112*312234*433*4*3*10123334*311*2221012*2111110000012**431000
2**211101*23*3*2*12****3**42312*****3*111100000111012*1000011334*10111
4**31000112*332321234322222*2*334*544331100011211001*4421013*3*21101*1
**6*10000013*21*102*2012222233*123*3**2*10001*3*21234***101**311011211
4**321122213*322102*201**3*11*211*24*421100135*32*3**4431013321111*221
*443*12**2*212*101343224*43322322223*2011101***212*322*10123*11*223*2*
3*3*322*3211011101***3*212**12**11*21112*22334320111022212**21223*2121
3*53*1111111000002454*22122212*31111001*33**22*1000001*11*44212*311000
3*5*531112*1000001**2111*1000222000011212*34*3110122222112*2*24*300000
3*7***12*311000002331001110001*100012*101113*41101**2*11121323**200122
2***4212*311001111*10000011212221001*4321102*3*101234322*323*4333211**
1232100112*1002*3211001112*3*11*11133**4*21233210001**23**2***21**1122
011100011211002**111112*23*3233223*3*4*4*44*4*200001222*4323**32332100
02*20001*2211012211*22*4*2112**11**323223***4*2000000012*211222*11*210
13*201123*3*101121223*3*21002*3223212*202*422110011111112*100123222*10
2*2101*12*42101*2*11*23232333211*2113*411110000002*43*10112222*2*33210
*210123222*100123211223*4****20224*22**10011111103***211111**2233**211
11123*2*11111111*1002*4*4*6**323*4*31332001*22*225*52213*212211*2344*1
001**23231112*2232102*3123*533**34*201*22233*323***412*3*200012211**21
0012211*3*11*22*2*10111013*3*334*211012*2**312*334*3*322110001*1013320
00012233*2112233422110001*3322*21111101135*4123*33232*1000112232223*10
1111**2*22222*3**11*1001333*1111001*10113**4*22**4*32221212*2*3*2**210
1*22322111**33*321122101**2232100012222*4*65*2123**3*11*3*4232*3322100
124*20001344*2121112*1013321**100112*2*23***3200122211113*3*123*100000
01**30001**21101*11*21001*12331012*212111233*11221001110113332*3312221
013*201133310112112221233222*2112*4310000001111**1001*10001**34*3*2**1
1233323*3*1001*2111*22***11*4*22*3**2112221001243200111001233*4*523221
*2**3**4*2211113*2112*4*4323*5*5445*32*3**2001*2*100001111*1113*3*1011
1224*5*3111*1125*4112232*2*22*****3*22*33*2012332222101*1122224331101*
0013*311001222***5*21*23342213*54321111122201*3*22**2111112*2***101121
112*22111111*334*5*3112**3*21212*22322111*1012*33*33*11111*34442101*10
1*3322*22*113*3213*311355*22*21112***4*233200112*321122*1123**21102220
12*3*312*2102**1012*11***3112*11124***32**1000023*1002*3101*322*323*31
0113*3132311244200222124*3112233*33*5*2122211112*21003*421322013**3**1
110123*3*3*21**3212*212333*22*2***323332212*22*3220113**3*2*2112*43332
*1112*3*24*425**3*313*3**213*3224*33*4**2*212*22*113*33*31212*113*32*1
111*213222*4*5*44*314*532102*31113*4**4342212211222**321111112212*3*32
0011102*2125*5*23*42***1011212*224*3222*3*11*2102*433*1012*112*11122*1
2211112*201**3112*3*332101*10113**310012*2112*212**112222*222*22110233
**22*111212232101121111212110002**300001121223*1233102*3*211*323*201**
*42*22111*101*10001111*3*11111124*30001111*3*3111*1002*4210223*5*30122
*32211*111102220112*123*333*11*12*20112*1125*5223320012*1002*32**20000
12*2111100113*311*2111*22**3223221101*32112****3**3110122113*335420011
123*1000012*3**11221022214*42*2*222123*101*445*54*5*3212*12*54***1112*
1*32212111*2222101*212*102*3*3313**22*32012*12*4*4***2*3323***54312*31
12*22*2*122200000113*31102232*103*7*43*101221113*323234*4*335*3*212*31
0123*22122*100001113*30001*122202****31101*10001121101**5*21*333*112*2
002*42012*2101111*13*41212111*101345*2122211011101*10123*21112*211134*
113**312*22122*11112*3*2*100122101*2222**21101*11222110234210122113**2
1*23*3*3221*2*3312121223321001*101223*3233*101122*22*101***1001*11**31
11111212*11122*2*2*1001*2*100111001*3*201*210001*22*210123210011112210

Field #68:
1112**4*2002*321100112121113*3*1011101*2*1001110001*111101110123*2100112*2**22**2111*
*11*4*4*2002**4*2111*3*4*22**31101*2122321001*10001111*211*102**4*1112*3223*22*33*211
2232423221014**22*112*4**22*43210113*32*222111100011123*221103*5*321*22*101111112*321
1*4*3*12*2002*31111012*321223**10014**223**10001111*22*4*10003*42*1122223210122112*3*
23**4344*200112110000111001*3432001**423*5321111*222*33*211112*334312*21**201**20113*
2*532***3200001*100000001122*2*2101233*4*4*22*222*112*32212*3444***23*214*4123*310011
3**22244*1122111100000001*11122*10002*4*4*4*43*1222012*23*32****5*32*3223*4*223*21100
2*4*101*211**100000000001110001110002*32*23*3*211*100112**213*5*311112*2*3*22*212*100

Field #69:
232101111*221100001*11122***32101**32*1000122100112*
***212*112*3*211101122*2*344**3224**2110002**2112*32
3**21*431124*21*11111*33211*5**2*2232100002*4*11*44*
133323**212*211111*1123*1012*4433211*211112243224**3
01*2*34*21*32000011101*210123*2*2*2212*12*32**11**5*
01233*21112*332100000122101*212233*101223**3331123*2
001*21100012***10000001*10111001*211001*2222*1000111

Field #70:
**********5*****************4*****5**322**********44*******4334**44**3*3***3
5*8*77*8***********8*8*7***7****8*****4*5******6*******667**********7*6*67**
**********6*7****7******56***8****8**4**66*****55*****7********7**6*********
**7****7**65***64****7**5**8********644*********4***7*****7**76**5*4567***8*
5**7***7*****6**56****45**************446*7*****66***6**7**6*****545********
**********6*45******76*5****8******66*5**6***7*****66****66**7**5****7***7*5
*6***8*6*6*6*5*********5**********5**6*****6*7*76*6*********5**66***6**76***
13*****65****4********6*7**67****7*7***7**56*****5**7*8****5*6*******6****63
1356********5446*8*66*6***6***8********6*7*****7*6*4*****7*43**8*8****5*7*5*
2***67***6*6**5*****6**6**7*8***7*****6*****766***544*6***55*7*******6*5***3
*67******65******77*****5*******6******7*7**********535*********67*8**5**75*
*******7******66****64435**7***7**5*******7*8*********6*6445***4*****5*****3
***7**7***667*6***7**33*5*6******545****6*******77*8*****33*7*435***7*7*8**3
466******6********5*4**5***7*8****3****56*****8*******77*6****43**********6*
****5**7**7*77*8**5456**6******644*56*6***6*6****7**7*******8*6*****7*7*76**
***446*7*********6******7**7***5*34**6**8*43*45***7*6************8*6**7*****
**54*****6*******6**6*7***6**7**44********55*44******5567*****8*****6*****8*
**4**7**7*6**8**6**6*4***6***7**5************6***56**5******7*****55****5***
455***5****7***5***4*45*7******6****7******8****64**6**7*7*6***8*7*6*8*545*4
***7*65********56*655*5*******6***76*****6********5*6*6***4************6**5*
5******5******7********66*6****6*********6567*****64**6***66*7******8******4
****7*65**8**************45***6**8******************54**8*****67************
*66*5***6****66*7*****7*6**7***5***8**7**7***7****8*6*7***6******7*****7****
*3**33**4**5**3*4*44*4***4*****33****4**4*****4**********4*34****4*****4****

Field #71:
012*2212110011101*11***11111*211001*1001*2*1000012**22*10000000002*2112*101**11222**12*200
12*3*2*2*2122*10111123211*2224*322321012221100001*322*211110000002*33*421012211**22223*200
*212132423*2*2100122211023*22***3**1012*10000000122111102*200111013*4**10001222221001*3321
121102*3*322122211**2*322*3*22445*3102*31000001112*312112*2002*2002*32210001**322100112**1
01*102*33*2001**212223**2121101**21002*31101111*23*3*2*2211113*31223210011113*3**101111221
011101223*20013*200002*31111012321000123*101*1112*22122*1001*333*2*2*1002*2011344323*10000
0011112*212122322122232201*101*10111001*210112122210001110012*2*222322113*30001**2**210111
122*12*3101*2**11*3**3*10111012211*21011100001*3*100000011102242201*33*34*20123434331001*1
*2*212*20122222223*33*221100012*112*11110000012*210000002*201*2*2123**4**3101**3*2*1011222
1322011102*20001*3322111*10001*3312111*100000012210111013*312122*12*6*43*200123*331101*11*
12*1112234*211112*4*20123211233*2*10022200001222*101*212*44*1001123*5*4222110134*211011111
1*321*2***222*2233**201*2*22**32211001*221101**3210123*22**2100012*34*4*22*212**22*1111111
12*122434211*22**222101122*223*10000023*2*21124*20001*22232100001*3*334*22*22*4322111*22*1
02332*3*111223343200011213220111000012*223*2003*52101112*20012211233*3*322123*32*100112*32
01**33*211*12**2*10123*2*2*1000000001*3212*2013***100003*3001**212*32*22*113*32*21112122*1
0123*21223212*321101**32121111100011223*222101*442211113*310123*12*22333332**311112*2*1222
12121212**20222000013*2011112*21112*11*34*20123*212*11*23*20001123321**2**23*20113*32111*1
*2*101*23*201*32100122101*12*4*11*21113*4*201*213*4222323*2001111**3332222111101*3*2112221
24320111111012**2001*1001123*3111110002*311133202**33*2*211112*2244**1000001110123322*3*20
1**112210000013*20012211111*3200001111232101**11233**3211001*213*3*321001112*2002*3*224*20
12211**10000001110001*23*213*311001*11*2*1012211*223*20000022203*52100001*12*2002*3223*321
12212331011111100000113**213*3*101332112110000012*2211000001*214**100000111111013321*4*21*
3**21*1001*12*200000002*323*321102**21100000000123*21011100112*4*410011111100001**112*2111
***2222001113*301221001233**200002*32*1001221112*23*201*11110125*41012*11*2211123321111000
*5321*1000003*301**20001**3210000112221002**23*3112*311222*1001***334*3112*2*11*12*2011111
12*1111011113*2013*20112221000000002*21112*4*4*20012*211*222101233****201222111112*212*22*
012210012*11*432121102*2011100122102*21*12343*3200012*22122*1011223332101*21111102232*22*2
111*1001*2112**3*10002*201*2212**312232211**33*1111012*101*2212*2*100122212*11*211*2*21111
*2222002231224*311000222023*2*34**33*2*101222*322*10011213232*21211001**4221223*2222110000
*21*1002*3*3*223210001*212*333*223**22221000223*32211001*2*2*2101111134***212*213*20012210
22211002*32*432**1011212*212*2221123211*21102*43*22*2123342311002*22*4*4*32*32314*4102**10
1*1000012233**332101*1011101111*1001*1113*202**22*322*3**2*111102*22**2322112*2*3**202*310
112221113*4*43*11233211233210011100122213*31333112*112*322111*1011112211*111212123*2012210
012**32*3*5*21111***202****2000000013*4*322*2*21223211110012321011100012211*21222212111*10
01*4*3*344*32211236*313*44*311000012***3*233323*2*3*1000001**1112*10001*10113*4**211*11110
01132312**22*3*11*4*32*42113*310112*442223**23*322*210000123323*3121112210114*5*4*11121100
1213*20122113*42113*33**2003**112*33*1001*33*3*21221011101*11*4*212*11*1002*4*54421001*100
*3*3*20000002**22122*23*3112*311*4*31100122212111*1001*1012222*211*21111002*33***111111100
*31211000000123*2*1111112*11111223*2000112*1000011211111001*222101110011101123*5321*211221
1211000000112121211000012211222*22121101*3220000001*322221112*211001111*10012*22*112*12**1
01*32100013*3*2221011101*101**23*201*10112*101221012**3**100112*1001*2222122*3322101112*31
122**10013**312**112*10111012323*2012221111102**2111334*31000122100223*11*3*3*2*2100012210
*11221001**42112211*2101110001*322112*3*100002*43*112*22211111*10112*22333*22122*10112*111
110000001222*11221111001*1001234*32*22*22110012*3221*212*32*111113*3111**32100011212*3211*
000000000112122**201110111001*2**3*332212*2111112*122203*5*210001**300124*20000112*44*2121
0000011212*101*4*201*21100112122222*2*103*43*2002222*202**22110025*421213*211212*33**22*10
000001*2*2110112110224*2001*2110001121102**3*2112*12*2012211*1001***3*3*2122*4*323*3222210
12110234210111001122*4*300124*20000122101222222*2111110000022211225*53*3201*3**31*3212*221
*2*112**2001*1001*3*33*31002**200012**1111123*21100112110002*32*102*3*4*212223*223*22*3*2*
12123*5*42122200224*323*1002*421001*5421*23**3200001*3*31013**211011213*21*212221*3*322121
0001**43**11*1001*212*32200112*22122**1112**4*10111114**211*321000000122123*11*23343*21111
0012322*431122101110112*2110012*2*124420012221112*1113*4*1111000000001*213*4212*2**212*22*
001*2123*2112*10011100112*1111112111**2221000002*322*2233210000011100223*3**10112232112*21
11224*22*32*333101*101122211*1012211222**1111113*32*322*2*3211222*1002*312221000123*212221
*11*3*2112*22**2122101*3*2121212**111112211*11*212*22*2122**21**311125*3000001111**33*11*1
11112110011224*21*10134*22*102*32211*1001122221101111110013*323*3122***2000001*2233*211111
000001110001*32122201**3233203*3000111002*21*211000000112122*1112*2*333222321234*111100000
110001*101122*101*2123*32**223*2012210013*2223*10000001*2*1122101121102*4***12**2101110011
*100011101*11110223*112*223*2*3202**1001*323*4221111111121101*100000003**33323*31012*1013*
23221211012210001*211122101133*102*3100112*3*3*11*22*211000011100000002*3101*432001*3201**
1**3*3*2001*1011211001*211001*211221000124443321223*22*3210000011100113220023**21123*21122
24*313*31011212*11121212*21011213*200001****2*101*32234**2100002*2001*2*1001*34*21*22*2111
2*21012*10001*2111*2*1012*10001*3*2000123443212244*11**44*321002*20122212223223*311112*11*
*33110112221111012221100233100234210001*22*1001***222322*3**21011101*2112**3*12*2111022211
2*2*11122**221212*3210002**2222**21012444*3211223211*1022446*311000112*12**4343211*212*100
112111*2*33*2*2*22**20002*43**224*201****4*32*1000133201*2***3*3210001122322***20113*31100
0000011211112233223*201134*323212*20124445*6*310012**1011224332**1111001*21224*31002*20011
00000000000112*3*222201*2**422*12220001*2****21111*332100113*212322*101222*1012*100111001*
000111000001*323*21*102344**2*211*10112123*4212*32211*1001*4*3002*31213*322211223110011222
0001*10111012*111112223**222211123211*100111014*5*2121222324*2002*201*3*3*11*11*3*2122*2*2
00011112*32111100001*2**31011102*4*23220001122***23*202**2*212122321112243211223*23*4*322*
0000012*3**10000000112221001*102**3*2*10123*3*43323*202*432212*2*2*32212**3111*2112*5*3111
000123*3332211111000000000011212222121223**23*201*2110123*11*223233**2*23*3*12331012*3*210
1122**32*212*22*10000111012211*32100001**321111011100002*311112*21*33321113221**1012333*21
2*2*4*2112*212*2101233*211**123**11110122100000001110002*201112*32122*10112*1234211*2*212*
*221211001111232101***4*224321*4321*21000000000001*111111101*113*201*2112*2111*3*211222111
1100000000112*2*2113*5*43*3*1123*233*1011100000001122*1000012212*3111101*2100113*31001*111
01110001123*3133*10113*3*4*3101*3*2*3201*11110011101*21000112*222*100012321111123*2101122*
01*10002*3**301*2112221324*200123233*102221*2112*2233200001*22*11110001*3*11*22*22*21113*3
01221002*33*4221101**211*2110001*11*3202*323*11*4*3**1000011111101221123*2112*21223*22*4*3
123*21122234**1111124*21111221012222*102*4*21112*23*31000000000001**12*3110011101*34*424*2
1**3*11*11**3212*2002*20001**2111*1111012*4321111233200000000000123212*200000011212**5*211
1233211111222112*2001121212223*21110011124**3*1001**2100000001111*2111222110001*1124**2100
001*100000001*111100001*2*1002*2000001*11**4*2100123*100000001*1112*101*2*10001111*2221000

Field #72:
2**32*2****4*23**5**322*******4**34**4**4*
*7**4356****22*****7**556*5***6*4****6***3
****4******423466********456***445***7**5*
3***65*44*55*5***6**6***6*******5**8***7*4
36****3234*******5*6*5***6****7***********
*****65*5**8***656**6*555**6**6*6*6****8**
5************76*******5**7*544**535*******
***8*7**55******6*****6*****4*6**5******8*
*8***7**33**6***55*****6**8*7**7****8*8***
********54*6*6***4*7**7***********6*******
****7*8***6**6*76*5*****7*8*8****56*55****
4*8*7***8****6****5****6******6*6***44*6**
4*****8***8**4***7*7****7**6*34*6**6**55**
**55********5457******7***7*435**6**6***43
5*33******7*6****8*****7****6***7****5654*
**54**545*6***************5*******8*7****4
****7*54*5****8******6**7556***7******67**
**********5**********44******55***77*6****
**8***7**66*7****66**55*7*7*6*6******5*7**
****8**5****6*7**6*******5**6*****8*55**6*
*5*****55***7**6***6557***6*7********4***4
235*7***5*****7*****3*****6*******5*56*8**
3*6*6**4**7*********656**6****8**643*****5
*****65444********7****55**8*******34**6**
*8*7****5*56*****5**7***4*****7***5*4446**
****6*****5*****54**6*744**8**7**66**4****
*****5*7***6*****545****56************7*74
****6*6***6********4**6****8*77*7*8*8*****
***5*******7*****645*65*********7*********
4*6*7***7*********4****7***6567***7**7*6**
4*7****6**7**66***7******8*6*****5****6*7*
********45***4**6*****6*******8*66********
*****7*6*5**56*65*****55*8**********7**7**
5*7***5***54*****556**5**********7***7*6**
**6****4***56****4**44******7*****56***4**
5**6**534*****8*66*65*56****5****5**7*645*
****5*6*45************4****4*46*7*5*****6*
***56****6***6***8*8**646*545*5***55******
**6********76*56********5*6****6***6******
***6*6*7*7*****5***8****5***8***56***8****
****5*3**4***76**7***8*66*****8*5**5***66*
35***345545*****4*********5******6556**5**
3*7*53****5****544**767**656**7********6**
****5*6****7****5*7************7**8***7***
4***6**7*6****6********65***55************
*67**6***55**6*6***7****56*7*45******77***
*****7****6***5*****7*8*******6*8********4
*65***********7*6*********6*********7****4
**54556****8****54****66*4*567****7*7**6**
****3**6*****56**447*7**454*******6***43*4
***6*6*6***75*5**4*****7***5*****7****534*
**7**6*5*****5***656******45**7*********5*
*****6*56*7*6*******6***76*6**6*546*****7*
*77***5****4***6**7**46******6**43****7***
****7**6*7*55*5*4*4*54***6**5****6****5*6*
4*7*7***5***5*435455**5**44*55********434*
*3*****4*****22*******33*22**3*44****4*2*2

Field #73:
****4***4******4****5******2**4*1
****5****6**67**6*********534**43
****646**7*7*****56*****8**33*6**
******6***********5*********55***
4**8*****7***7****6***8**********
4********7*75**8*6******7***7****
****8**7*****6****66****7****7**5
*******5******6*****56***********
***8***66******6*8***5*7***8**6**
*****8*****67*7****8**6******6*6*
4*******8*7******8************6**
*45*********7**********76*******4
*55**8****76**657***8****45*6**6*
**************5***7******44*66**4
**6*****8*8****46**5******4******
46*66********76*6**66****54**7***
*****6**6**8**************556**6*
**8*7**5*5***546*7*****65*****6*3
3******64*6**54**6*8*8*6*67****4*
25*******5******6***********766*4
3***8*****56*77**6***56***8******
******8*7*6*******7*7*6*****7*7**
***5****4****5*5**********5**3***

Field #74:
001*2*100112*10111001**20000001*12*21*2*1001*100
0023421001*21102*20124*20011101112*2223110123210
001**20001110113*201*211002*310001111*10001*2*21
0013*200000001*322122211124**10000001110112233*1
0001110011111212*11*11*12**42212110001112*21*211
011100001*11*101111111112**201*2*10001*23*211100
01*100001111110000000111122212121100012*21211000
0122100000000000000112*10013*21221112121102*2000
112*1111111000111001*211001**21**11*2*10013*2000
1*2111*23*20001*10011100001221133211211001*21000
1110012*3*2000112110000000000001*100000001110000
00001233322110012*101110112110122100000000000000
11001**3*21*1001*2102*201*3*213*3100000000000111
*1012323*212210111002*20113*21***2011100011101*1
1101*1011101*2101111221000111124*423*20001*10111
1112221100012*112*11*100000111012**3*20001110000
*22*22*100112122*22221000012*1001222121101110000
13*5*211112*211*321*1011101*3200001111*101*22210
02**21012*22*112*111102*2012*100001*11110223**20
12221112*32211011111102*211211000022200012*34*20
*20002*312*10000013*433211*10000001*11111*3*2110
*30013*20111000001*****101110000002221*111222100
*2012*21011100000123332222100000012*22111222*111
2201*21002*2000001110002**10000001*4*1001**2111*
*101110002*2000112*11112*3100000012*210124320011
1100011102220001*2111*111211011100111001*2*21000
000001*101*100011100111112*211*100000002232*3210
110001110111000000000112*22*111100000001*112**10
*111211000000000111012*2111110000000000111012210
112*3*10001110112*211*21000000000000000000000011
113*4220012*101*22*2211111000000000001110000001*
1*212*2111*21022212*1112*1000000000001*111100011
1121212*1111001*101111*212110001110001111*100000
001*3221100000111000012211*10001*100000011100000
0123**10000000000111112*111222111100011222111100
01*333100000000002*21*212112**10112111*2**11*100
0112*1011100000002*211101*12*4211*2*112332111111
00122101*211000112221000111223*11121101*1000001*
112*101233*10112*11*10000001*2110000001222110122
1*21101*2*2101*2111110011101110000000001*2*212*1
111000112121112210001111*2100000000000011212*211
00000000001*101*10001*112*1000000000000000011100

Field #75:
12*3**1
*424*42
*4*22*1
*322333
111*3**
2333*4*
***4232
35**21*
1*5*311
113*211
111123*
*2112**
3*11*43
*22345*
112****
002*653
0024**2
013**5*
13**5*2
2**4*32
*42323*
*413*53
*5*5***
**4**6*
*66**41
*****31
233322*
0123221
13***20
1**6*30
2345*30
2*3**30
*23**20
2233321
2*2*11*
*332211
*44*200
4***211
**6322*
5*5*24*
***4*4*
*54*34*
4*43*21
**4*542
*56****
2****63
24*5*5*
2*333**
*54*332
***4*20
2323*31
11224*2
1*3*4*4
23*24**
*3112*3
*322211
35**321
***6**2
****43*
345*311
*12*211
111233*
0012**3
001*5*3
11224*2
*21*211
*434310
*3***21
123543*
001**31
1123*20
2*32110
2**2121
1222*3*
000113*
0122122
23**12*
**5533*
23***42
136**4*
2***5*2
2***411
124*200
0011100

Field #76:
**332
*4***

Field #77:
110123333*3*3**2*10012*11**323*2001**21012*3*33210113**22**22*21001121111100011
*201*****4*34*4312122*33233**4*201244*212*4*5***211*4**43*44*5*4222*3*32*10112*
*3124*645*55*5*211*3*5*2*2233*3202*4*44*424*5*65*3324**4*44**4***3*55*4*3223*31
34*13*4*3*****4*2235**3212*234*102*5**3*3*334*3***2*224*5**3224*44***3*44*2**20
**333*42335*533*32**6*311323**421223*32122*4*5444321102*5*42113*33*5322**222210
35*4*33*23*4*112*23*4*22*3*34**12*223322223****2*1000012*33*34*54*5*31345432100
3***33*4*5*5221223334322*424*6433*21**3**23*6*531100111123*4*****6**6*3*****311
**433*3*3***34*22**3**1112*3***3*222324*5*324**101111*102*33*445******43434*3*2
*311*2212233***55*6*544211134**3111*213*412*443112*111214*42211*5**6*32*223222*
22112210000124****4*4***1001*4320123*12*2023**212*53102*5*4*10113*5*42212**3132
2*323*11110001233222*332100112*113*43221101*45*22***213*4*422000113*3*2124*4*2*
3*4**543*322110001122321122213332***2*332223*4*314*53*21212*2101233222*23*5*442
3*54****4**2*22123*22**12**3*4**223222***2*225*303**32210012*101***22222***4**1
2*4*5*544*433*3*4**44*312*33**321000124555321**302**32*223232201233*2*223334*53
12*4*3*2*34*436*5*4**2101111333222112*4****124*20135*533***4*3110012322*212*3**
023*33133*4*4***3233221100001*2**2*23*4*5*422*22222****324*5*4*22222*1224*5333*
13*5*102*55*323211*101*2233222444322*343423*3221**446**20114*534**2*333*4***222
1***5312***3222223333333****33**2*1112**2*334*3345**4*420002*5**32212**4*45*33*
24****2224*33**2**3***2*4*54**4321100233223**5**3***32*100013**5210013*33*424**
*33454*3333*4*3334*4*321224*55*3211001*223*4**4*45*5332101224**4*10002233*3*3**
*32*3*3***43*332*322221001***4**3*100224**4443435**4**3122**4**4321002*4*332443
*33*3246**4*5*4*3*112*2101233*4*312111*3*5**2*2****43*3*2*6*533*3*3212**4*22**1
24*311****43***34332*4*312111121112*11133*32212234*3234344***444*4**1234*4*4321
*4*32344423*445*3**324*5*4*1000123*21001*32111122324*3**2*******24*422*214**100
*633**3*323*32**423*23*4**210012**3210024*22*21**4*4*54324*54*6422*21*2213*4321
***445*4**22*45*2135*3245431113*533*3211**44*225*6*54**114*312**32223233*312**1
24*3**23*3112**211***21***2*11**3*22**1123**211***3**3211**2013**11*2*2**201221

Field #78:
13***34*311*2111*2*3*5*44*4222*11**3****
2**65****3223*432324********4*4235*6444*
*6*5***7*4*24***32*35*****76**5*3****222
*6*4****5*6*5*6**313***6*****6**4446*43*
**444*66*****4*6*424**43*5****33*4*6**5*
4**4*4***7*656**3**4**43345*63112*****6*
*6**55*6**5****44545**4**4***3101246*5**
**6***23**6***54***3*6*55*****31224**532
3*5*75446*5***4**6332***3*45**4*3*****31
124*******6566*7*4*224*54223*5*46*7***5*
24*66*45*********64*24**3*24*53***5**7**
*****423*6**7**7***4*3*5*3*5**34*34****3
3*67*5*434**7**6**4*345*554**4*4333**642
13****5**44***4**5313******3223**3*65**2
13*56**6**344445**324****643224*44***45*
1*44**5**6*3*3**6*5**5**5**2**5*43*545**
24**55*7**4*4*6**5***55*53346*6**212****
*4***5***56*65****66**4**43***7*53224*7*
14**4**65***********444****6****5**23**3
24*544*4******7*7**7*3*444**4****6*23**4
**4**44*5*645*5**6***43*445556****335***
*44*5**55*5*43*44****23********6433***5*
12*35****4***444*45*423*7***77*6*23**443
134*4**43*6*7***43*34*54*********44*54**
*2**433335*******544****346*656***6*4***
233*44*5****6445****6*7532**3**4****45*5
*334*****66*6*45****6****54334545*65*5**
*5**55*5**5******56*6******32***6*6***6*
*6***5344**555*66*5*5******5*56*****44**
**34***2*6**3*3****5*45*5**5*6***6*434**
*43344222**5*446*7**23*54434***43*34**6*
3*4**2012324*5***4*433***2*33332224**4**
*5***412*335*7**322*2*55322*222*33**444*
2****5*43******5312232**3334*4*4**66*5*4
2345*6**2345*54**23*3346***5**5*7*******
*12*6**522*334*44*4**3***6**6*5****6666*
223****6*534**43*4*7*54*5*5**4*6555****4
*23********5***435***5*5*5*534***4***8**
4*56***645*6*6*3**55**5**6*6*34*7******3
*****7*3*23**5455**45*6*5****43***8*7653
3556**23345*6****45**4**56*7*5*5********
3**4*434*****6*64*4*54*6***7**5*6*6*76**
**6*32****54*6**445*4*4*******5**44***6*
4*5*335***444**4***55*44667*644**5*6*6**
2*54*4**55***4455****55******5*6**5***54
12**3**32**422***4*5*******5***4*4***4**

Field #79:
**5**************32*****************
********5**5*****3*4***********5****

Field #80:
************223*3*4**23*313*******44**33*322****4*33***3**34**423**3*****4***23****
*8*7****7**6*4**53**6*5*5*5*6**77******5**4*6**7**4****534******6*6*667***6*44***52
****5****6**4****555***5***46******67***6**6******445***45*7******6********55****30
****645**6**33******5***444***7***6******7***8*7*5*3*46*****7****7*****546****7**31
5*****445**53246*656*7*5*35*53*****6*66********6*32*34***8****6******6*21*****7*43*
***7**5**5**3*3**5*****43***546**65***4*4457****4445*5*******6*67***6*5446******44*
465**7**7*66*45***6*44*44********6***7*322*****5*****6*8***54*******6*******65***6*
***5**********6****3113**5****55***8***44*7**76*5*654****743*346*6**4****8**5*7****
**6*56*8*7******67*5223**557**32*6****6*********53**445****4332**6444567****4*****5
35***4****6*6**6*****3*66*****335*7*6**566**8****34**4*67**6**35***5*****7*64445***
2**7*4446**5*6*6****44****8**53*****545***7***8*54*6*5*******44********7*6***4*55*4
*6**5*5*5***6***7**65*556****6*7*77**4******7***5***55*56*655*4**7******4****6***6*
*5*7****6*****7*******6**445*********4**55***556******44**5**45**7****54*66**5*6***
35*****6****75**55******64*45*56****65443*6**6****7*8*4****5**5*******34***55*34*74
**66***5*7****65*46*******4**45**54****3*5*******7****434**435**5**7*5*5***4**44***
4***6544**55****5******7*44*4****435*756*6*6*7*6***666*446*54**546**45**4546***5*7*
*7****5*6**55**7**657***5*3245****5*******56**4*6*7************6*****4*5*3******6**
*********7***7****5***8**43*3**********66****44*6*******5*7*7********43*6*44*67***4
**6**756**********5*******324*66******6**46**33**7*8***433**6***8****43***323****6*
*66****5**65*6****656*5*65*24*6***77**6*53***34*******53*35**55****7**4455*33*67*5*
*****64***5*34*******455**4*4***7*****6*5*6*6*5*******5*55***5*7****5*5**6*6*5***42
*657**3456**44**55**5****44*34*5******7**6**6*6**7**8*6****76*****656**7*****7*75*2
*5***7*3****5***33*5*35*43*534*55*7********7**6***5****6********76***************5*
*7*****33****7*7*54*445*55***4**5**7***7*****7***5*5*8*6*****7*************7***7*7*
****6*543457*******3*********545*****65***45****6*56****6**6*5****5*7*8***6***6****
*66*65***4******6*546*77**6***4**77***4*5323*55*6*****7**6*53*5**334*******56**6***
*5*****65*****644*4******66***5*****76*4*34*6*55**45**7*7**4*35*521**8**7***5***56*
**56666**6666**4*4*45556*****45**7*****43********544*******435***225***6****5****5*
46***********44**44*5**5**8*5*5***6****54*7**7**7***46***645*****43**53****66*****3
*****7**6***43*65*5***7*****44****7******5**6******64****5***7**7**5*336******7*65*
*67***55*56*55***3*******7*6*6**6*****7***7**6***6***6*7*6*7*5****7*55*****55*6*5**
4******6**4****6345*******6****6*6*****45****5*7*66**7*6*6*6*65**********7*44**5***
****7****5*46**5*3**6*6******65**7**7**44*77*54*********3**5***7*66*8**6*5**4*7**6*
*6***45*5*34**6**4346*54*6***6*******6**4*****6***7****534*55****5****66*6545****31
3*4445*4*5*5***7*43***5*3*6*****544***65*5**7****7**5***45*6**6*5**8********5***531
4*54***65***7****5*****444*****4*236****35*6***8***5435******6*6*7*****77****6***4*
*****7**********6***7***5***754444***755*4**6*******3*46*7***7*****77******75*****4
**7***5*5********56*7*********4***7****6*55**6*6*7**55****45****8*****6******5*****
4**544*33456*****6****8**6**7*7******8***5****55*6*6******43*55***5*55*5***65*45**5
4***45*42**6*************424****7*8*****6**7****4**5**556*6*44*7*4324**55***6*44***
**8*****45****5*5********535*8*7*******5**6**6*45*55*7*5****6****22*6**6**7***5****
****6*8**5***6545566*7*8************66*54*6*7*5*5*5******6******413*******6****7***
4**54*****7*********6*****7***7***7**5**55*****4**6*8**55*6*8***535*8***54***8***53
*5*6*5*7******7*6*7****7*6**8*6**5***4*****65**433****53**6***********65*545****6*3
36***44**67****3*5***65**6****6*7*7*5346*8**555*23444**56**45*7**5457*5****33***6**
****43**5*****534****5***5**76******5*3********33**324*****45*6**33****7*6*446*6***
***5*235*6****6*6*55*6**6*5****7*****5*7**6**5*34***34*6445***6*64**7****64*****6*3
***4122**4********43**5**45****6**6**5****53334*6*7**4**12***5****6*5*8****445***42
4**313*5334********3334***4*644**6*7*55*8*6*22*****7*53335**54*****55***7*6*34*7*4*
2**54***33*7*****645*34**54**24*6****5******55*7******32****3*6*6****7***6**3***5*4
35*******4***546*6***3****445*4**56*6**6*7*****6**76***45*5345**556********445**7**
**6***6*6*6**32****7556***6**3*5*4**5*66*7***8**6***56**6*43***5***56**8**65**6***5
**6*635*7*7*6*345***********444*4*544******8***6****5******5**65*65**5*********5***
*7**4*4******5*4*56*******75*2**54**23*666****6******7*7***5****5**5*66*7*7***66***
****54*5******5***5*7**8****4544**54445***4****6***5***7***55*8**656****6*5*******4
5**6**4*5**6***6***6******65***45*6*****6444***6**5447*****4*************34*7***7*4
****6*43*6*65**5*****646*7**5**5****766*4**457**6**4******6*56**8**8*7*6*44*7*76***
*6**5*45*5***6*55**8*6*4***56*6********35*6*****7***67*8***5**7*******46**6******6*
*55*54***55**6**6******44*6***6*7***6*55**6*55**************6*******64********755*3
**5*6***7**5**5***5****33**67**5****65****7*43*66******5****7*****6**34*****7***5*3
*6********55*6*5*4456*55*7****6********8*****32**7*53444345******6*6*34*7****6***5*
**5*******4**7*523***4******7**44*667******6*436***434**33*556***7**55**5**76****5*
*7*7**7***45****23**65**8*6**5*445****7*7*65*4***65****5**5**5*8*******7*7*****6*53
*****6***53**7654*5***6***65*44*****6*6*7***6*6*7**6*75*5*6**6*****7*6*****8***54**
**7*6*****44*****55***7*****45***8**55****6***5****6***45*6**7*****6*55*********5**
4**5**8****56******5****6555*******7******45**657***5**5***5********6**7****6**6***
2*5***********7***55*76*5**5*7***7****76*5*5*******66**7**7*5*6***7******8**45**56*
345*6**8**65*6*****5***4**7***7*6***7***5*6**7**66**********53*35**5*******64***6**
***6*7****6*6****7**6*6*6********556***6****5***4**5********6*534*6*7*66*****56***5
*7*****7********7****5**6*****8**3***53*****56*6*5456****5******5*5****6*****5**7**
*6**7**7*65********7**6**4******644**424***5***6*6******334**77**56*7*****67**45***
2****4***3*34**5***4***32224******23**12**33***4***5*5*311*4********4****4***4*3***

Field #81:
3****4**4****44*4****4*4*3*******5*433**22*31012*3*4*2**323**5*43*2***5****3*
***64**6***7****6**7*6*7*5356*********5*23**322*46**3224**4******455*****434*
47**224****6*8*7****4****5*4*******644*424*6**44****3234*6*544**4***7*8*533*4
***5334**43******6*55*****4**66*****35*5*4**55**54444***5***234335*******4***
***5***553224456*53**5****544**5**66****5*54**5**43**5*6***43**33***6**7*5***
***5*54***311*4**5*7*534***4*5*434*****5***46*65***656*7*64*45**5*65*6*7*66**
*7*43*34***124**6*****334***45*32*6*66*56*6*****56*******6*5**6*6*5**7******3
**33*23*7*644****55****3*66*3**23**5**6***5***7*4***65******44***4******53432
*6*3223********6*4*6**43***444435***4***7*5444**656**55*7*8*44***535****424*3
3**43*56***8**66*54***336**6**4****5435**5**33*****7***5****6*****34**8*5****
*6*5*************5***44******5**5*5**23*5****34456*****6**********6******6*53
3**7**53457**6*8*7**7*5**6*635*5435*5*545***6*3*4***44**5**66*66******66**4*3
*5****313***45********5*45*6*5**5**45****6*6**64***534545**3***5*5*67*6**54**
*55***54***6*6**67***5*5*5***7******3*56**6*****5**5****5*434***233******5*53
3**5*****64****6***645**4********55543*5*****8**324***8**6*22**532*445*53***3
*5*4445***34**5****5**544**65**643***44****7***6324*8******535**2*4*45*424***
3*4*2*446*44**44***6*6**44*4*7**4*35**5****7*6***3****6435***5*5435*****34*63
*4*345**5*6***44*54**6**5*34*****534**6**7***656*4346**214*76***4**6*7**3***3
*545***5****76**44*7**7*7*44**7****3***6**45****5*34***43*****76****5**5545**
3*****45*********5********5****5**555**6*7*45*7**5******6*76*********66***344
*57*65*4******5***557***8*6***34*6***56*****4*7**6*6**6*****5*7**666****533**
3***3**65545*546**4*******6**645*7*53****7*34*****5*6*64557*65**6***5***43*7*
2*6445****33*4****55*655***5*******43345**434*6*5**4****3*******7**66****3***
23**5******314*****5**4*4446*77**55**33*5**4**4235*435*6*6***77*******7*545**
2*5********435*77***34**31******54**7**45***5*42*5*54*6***6*******56***6**4**
*34*656*7*6********324**535*66*6**7***6**5435*5*5*******65*****666*5*6***34**
2*33**5*6*7**65***544*****6**5*6****64****43**5**6*66**7**5*754*****45*6423**
24*45**5*****5*344****6******5**34**5*445***656*7***5****44***236**6**5**34**
*4**4**4******443*46*7*6*7**5*53336**5*23*7*******65***7*33**433****6**43**6*
4*66*5344655*5***55****6**655*4*3****6*55**6**557*5*****4*4455**67***5*535**2
*****6*3***325*8*******6*****6*34****6*****7*64****4*6655*5*********55***4*42
*******43554*5***7*446**6*77***45***7**********6*6554****4***7****6*4***5*34*
4****7*42***4*****434***6****75***7***6*7*7556**5****56**436*6*66*546**4*4*4*
3****6**33545*644*3****6***6***543****55****4***6****4**53*5**5**5****5435*63
*55**6**43**4**44456*6**6*55****235666*****6***5****34**5*6***5**6*7*4**4****
**55**6*6**54********44*6**6***44*******7*6**634*8*522**6****34*6***334*6*8*4
3***45******34*7*66**34**6****6*4******6***5**45****3245**7*633*5*523*55****3
3566*5**66654*3***4*6*5***6*6**4*6**8***55*45*******5*4**5****546*424*******4
*****7*5*****556*55**4*****6*43*5*******4*4*5**7*****5**6*6*6*****5**66**55**
234****44*66******5**45**5***333**7*766*43*4***6***7*7***5**33**7*6****65*233
1135***45**3*45****554**55455*4*55*****55*4*6*5**75******7*4236**5**8****433*
2*4***5***44233***6***56***4***4**6*******55**43***6545****33*****5*******5**
4**6**54*5*4*4*56*7*75***6*4**66**6*6***76****4345***35***5*6***44*6*8*6****4
***6***23*4**7*4******55*4346******5*6******7*6**44*6****54****424*7***66*65*
5***7*412*45***55******54*4*********3****6*6******45***7*5*556*53*********6**
******3112*3**7**555*****4******56*5447*6*6***55*5*****6*5**4****546**65*****
4**7*6*322334***6**457***5356*64*4**4***7***6*34*65**7**6*44*****4*5**4*6***4
3*5**6**2*3*44**6*7******5*3***34*7*5*7***7*544****44*****45***544**434*5***2
4*44*7*6434*4*55*****76***5*6*6*5***54**7**4***6**6*56**55***55*5*655*54*4*42
**45*****5*45*5***55***4*6**7*6*7**6**55**44****45*****54***44**********5423*
*6*****5***5**5*533*44333*****5***6****6*6*33**43***644**6*6*6*7****8*8***44*
*7*8*6334*5**6*44*54*23*56***44*7**44****7*42444*6***44**7*6***4*7**********2
******21*35*7**4****44******44*6***546*8***5*4**6**8***5****43345**********52
******3234****4*5***4***66655***************5**********66*6*213***77*6**6**4*
5*7*423*4***65424***4355******8*7*66*656*8**6****6**7*****5334*******6545*55*
***3324*5*54***33**44*3****6****7*5***4****4**7**55**5*6***4***67*76****4*5**
**6*4**6*4*45***3333**65**6*6******544***7434**6*5**6*5*7*6**55*****7**7*5***
4**4*****43**5**44*45***65***556*7**45*****34***5**6**4***5*5*5*755*******5**
4*7*6*434*335*55***5******4*6**4*7*****55***4***7**6*54445*45*7***34**655*45*
*****4324*54**4**6**5****444**54****5**54**65*******5**4*5**4****64*4**5*44**
*5**5**4*****66*55*6*44422**4*3*6*7556***5***6**8***5***5***55*7***555***5**4
246*66*7********5***44*312233222********66****5***535****67*5**5******7***66*
1********7*6*****55*5**6*422*1136***756****5544**44*5**6*****544*6*55********
1234***5**23*****3*3*******2111***5***3*5*32**2222**4**33***4**22*22*34**434*

Field #82:
*222****5*32****4***3*32112*2**21*2*33**2222**21***4*5*4*2*11*3*****4*****32*
3*4*5*6***5*5*7**57*53**33*335*32344**655**34*4346*6****3321124**6*5**7*7*6*4
4**34*5444**33**5***4*33**44*6*31**6*******43*4**4**7*534*4211*34*55***4*****
***55**3*43224*65*55*5445**4***324***43446*5*4*43*4***42****33233***6*4*4434*
******55**224****44******5*44**32*7*5222*3**44*444445*5*545**2*2*56**323*3233
**446*6**32*****5**57***4*4*34*22***5*4*335*4*4****4*4**6*4455333**7*423**3**
*421****4345***4*34***5334*44*42125**5**44**525*****3*5***3****34*****3*56*6*
2*2347*64***6*54333*44*33***3**3214**6*6****4*5****423*65335***3**646*43***6*
34*3*****6**5*4**4*313**4*5445**2*4*7***6*44*5**7**313***11***434*4*4*45*7*5*
**35***65***54*5*6*302**42*3**55434***7**444*5***6*22*6*54457*43*5*4*6****45*
*44***5**443**4*5**4346*5445*4***5*6*6**7***4*34**334**3******5***46******5**
13**55*55*446*53**6*********3236***6**4*****322334*3**6435*55**5*6****8*54***
13*43**5*******235**6**7*8**423****6*545*7*432*4*32*4***13*54*56*6**5***33*63
*223*4*6*6567*632**33**6*****2**66**5**5**6*5*4**423455424***6***4*4335*33**1
122*344**4******4322355***6*444**5**6**5******44*4*2***4*5*****6455*44*5*4442
24*33**54*56**6**324***7**43*3*44**7**44***5*44*4*3324**5**8*7*4*******7*5**2
***22***44**34*6*5***7***54*46*43****6*324343*4*54*32333*****5*44*56******55*
**544566**5434*6**56*6*75**3***3*456*5*313*5*34**6*5**125**6*64*33*4*66***5**
45*********4**5***6**4***64434234*5**422*5***33*****5432**33***43*34**6*7**6*
**4***7*45*6***6****433****3*113****5*333***64*45*55**3*543224*4*4*34***7*6**
*445***335*6**5****5*3235*5*422*****33**335***33*45**55*4**2024*5*5*34*****5*
2*2***43***6*54**744**23*56*5*546*7534**33*6643*5***5**33**423**4**32*6***4*3
2234*53*5**5**44***435*6****7***4****5*6*3****34**635**423**3**556*534**4345*
1*23**213**44**434*5*6***7*****6*5434***434**6*5**4*3***34556*6******4*433***
35*55543333*35**333****54***8**6**213*6**34*5***6*4346*7******6*7**76*32**56*
*********3445**5**324**44*8***7**54*44*43**5*45**5*4******7*7**4******2123**2
*6*544566*****66**4135*5****7****4**4**434**45*66***55*****5***545*4333212342
*44*43*****7******5*4***655**4555*7*645**446*********35*8*6**7**4*3213**43*3*
4*5***656*7****66*7**7****4332**3*****5**4***6*767*644****5***44**54*4****3*3
***6****3****7**6******55*4*2344447****335*744*****4**4554*6*5*35****6566543*
*6**543345*54*****7**5*33*44*3**3****6333****44*7**4234**44**43*5*66*******43
3*5**213**23*6**6**64434*23**655*5***6*4**7**4*5***523***4**6*34***6****534**
*33**43**522*5**44***3**423*****4*34****7*5*4*5**5***4*6*55**33**6******412*4
*3123**5**3325*54*444*4*5*324***63213*7***4344**32245*4*5**544*423**66***334*
*4233434***3*3*4**53*233**43346***2224***44**6*53322**54**6**5*53345**5**5**3
*3***4*5455*443*6***322*45***4***5*3*5*644*****4***34**5**5*5*****4**55***56*
344**7***3***3*4****31*5*6*7**6**65*4***3***7**54643*4*5*55*65667**54**345***
**45****56*745*55*7*533****4*5******646*534*6**5***32336**5*********54434***4
3**4***5*****3*5**5***44**333*44446***4**234**5**64*12***5**8**6*6****2****6*
234*6**54**6443**66****54322*4*34*5**34*64**43*5**3334***44****423*6*43456**4
1*34***4*5*5**34****8****44*5*4****5312***7*3114*54**5*644*55*4*223*22*3**7**
222****325**7*43**7***6******5*6*6**31224***2002**6*6***3**4*3434*32234*5****
*325*6322******45**5**4445*54**6*44*4*4345*322224***6**34*6*34**3*33*4**43*6*
*6*5*6*34**7***4**55*6*4*54*35**33*34*****532**22*5*5*524**6*5*4324***5*335*4
***5***4****6*6*6**4**5****6*6*7*434*6**6***46*422225*4*4*****5*23****423****
3**44**5446**6***45*6**6**********3**6**4356***4*213**65*45****34**6*53*35*52
1344*6**4*5*****5*5**44**544455***45**5*44***7*312*5*****23*7655**33*5*44**31
13**5**6**6*6**6*4**44*55*21*4*5544**6*4***6**43134**544333******4234**4**55*
*4*5****6*5*44*5*4334**5**324**5**5***35*6*34**4*3**5*34*3*4545555*5**54*5***
2*5*655**44*45*54*21**6***32****5*7*645**5322***45*6*5***54*3*2*******6*55**3
24****35*4*4***4**434*5***33**524***5***6**2347**5*6*6*7*5**54445**6******442
2**5*5*4*546*54*65**43*4*44*7*523****6*5**6*4***6**5**3**4*6***2*56*546**7*5*
3*323*4*3****33***6**5343*4*****35*65**54*5*5*75**6*5334544**6334***4*5******
*2114*5345*6*44*5*5****3*5*556643**5****44*45***55***22***3***23***7*6**77**4
2323**5**3*44**3435*44*54**4****455**55**3*5****3****33*4335*5*5************3
1**5***54323**6*4**2124**446***5***45*43323**54445**6*3344*6*53***6*6***7***3
355**66**32*56**5*5422**54****45**33**4*214*54*5**6**44*******24*7*5*56**5*5*
***56****4*4****54***234**55*43**423*34*42***5****6*6**5*56*6324***5*3**5*4*2
3*5*****6*55*6*6**66544*5**34*5444*3112**44*5*****5**34*32***32****64433*4*31
23*45*5*4***35*7********5433****3**43334*5*6*556645*534*5445**445*****4435*41
2*5*434333*54*****5545***3*35**6*65****22****5****4**3*****324**4457*****4*3*
3*4**4**124**4*6*4*2*24*5*23**5****4**422467**4**7*66*6656*524***2***6*6*5342
*223*6*522**544*4323323*3123**65*53234*34****546*********5***6**424**53*4**5*
33223**5*45**4***22*3*43211*5***3*213*6******4****8*54**6*******424***33*7***
**3*45*6*6**5**643*23**4*2224*74435*6***656**55*****3134****77***3**7*32***7*
334*4**6***44***4*4224**22*23***4*****6*5**33**5*56*302*6*5******66*5*325**5*
2*44*6**6**44*55***33*433334*56*5**8**65**42233*45**414**333*5*6****423*4**53
3**3**6*4*4**3*4*55**44*3**4*4**43********53*222****4*3*6*444423*5534*44*44**
*4234**43233444*5*6*5**5*5*314**3235****6***5*11234*4344******223*2*4*4**44**
*313*6*5*32*2**5****54**4*2224*44*23*5334*5**2101133*4**6***534*4344*44*5**7*
13*5**4***2123*4*6**4*54*334**44**33*313*44331002*4*6***5***42**3**3*5*44****
13*4**533222222323*44*4*44*****5**45*31***4*32223*5***6*44**3*5554434***44664
3*323**2222**33*3433*24*6****7*5*5***3357*7**3**446*744*34*544****3*4***5****
**313554**455**4***5444******5*43*6*53******6*54******224***2****6*23*7**7**3
3*22****56***5*33******44434*423*5**4*5**555***555434321***533****3223*****31
3444***5****5*4345***534*20224*44***546*54**67****322*234***21234*33*43445331
****5534**534*3***44*33**422*5*5**55*****5*****65**2*4*5*5**4211124***11*3*5*
3****3*33*32*346**444*3*5**23**6*5*4*8****5**6**334434***33**4*201***54324***
35**33*4445*54***5***343*4323**5*424***77*54*5443*3**34*4346*6*3235*7***34***
**42123*******544*654*2*33*34**412*334*****44**3*4*655*44*****33**5****6**553
**4112*5***66**13***3133*44**6*5333*236**54**4*424******4**445*435*****6***3*
***22*34*5**5*313***433*3**44*****313****45*5324*436***4*4312**4*4**76*5**5*4
4*6*44*3235**4312**6***4324*324***412*7*6****22**4*4*5323*213**524****34*45**
2*5*6**43*4*5**2355**7**335*5223***445***5545*5544*44*323*43*5*5*45**43*43***
125***6**6*6*544***6*6*6******336*********4*5****34*5**2*3**4*6***5**44**35*4
24**5**6******3****5**5**7**6*4******7655*6*7***42**6*6423345***5**6*5**54**3
***434*5*667*54**533***6*6*44*657**6****22****7*4346****43*4***545*5**5*3***3
**6*22*43*****446*3336**5**55*****6*44*5446***4**3***67***4****5**24**534333*
**5*3234*5****4****3*5**6******766**434*****532345*65*****55*54**645**5**2011
5*645*5**55**54**424*7*6***6*********4**8*64*222**4**6*56*4**34******6***3122
********5**6*4*44423****56*55*6*556***6***6*4*4*54*6**43**4322**55***6***44**
4**55**6*45**534***34*7*5**3**55*5**65******54***43***4*55*21345*44*6**54***4
3*54*4**33***5**66*44*6*6*5434*******3*6*7**4*****55645*5**31**5**55**6*236*3
*5**4445*4455*****4**3**6**4*34*66**4324*5**4467******5*6**425*6*******533**3
*6**5**4**4**334**432235***5*33*4**43*24*6555****545***4***5*5*5*656*7***4*4*
**55**44*4**532346*2124***7*6*33*44*43*3******6544*34*45*6*4**4*4**5*6**6*332
*6**433*323*4**2***42***6*****44*43*5*434******4**3*34*4*313333*44*4*5**6*43*
3**6*34*3133*43346**3465*6*****4*5*5**4*34******55422**53434*4322*233*6**5**3
2***3**22*2*3*11**322***3**44**32**4*4*3*224*5*4***113*3*******11111*3***4**2

Field #83:
00000124*21*22*2111102**31100001**32**32**213**3*3*3*2**11*1111001*101*222*1000001*10
011102***312*23*33*202**4*2232113*4*6**2222*4*33*43*333211123*201222122*2*21000112110
01*223*5*202233*4**20123*23***10224**3210012*21112*33*100123**311*11*11121222101*1000
013*4*332202*4*44*310001224**5211*332211012321001333*32013**33*111233211102**10111122
002*4*32*212*4**211001222*3**5*112*211*101**10002**33*101**43321013**33*102*3100123**
013443*22*111222101222**2123**32223*1222023310114*42*2101222**1001**4**3101110112**5*
12***21111211011101**4321001333*2*2122*112*3222*5*43320000023310123224*30011101*224*3
1*443100012*112*2123**1112111*2122211*211*3**2*3**4**1011101*1001*1003*4122*2111102*3
112*100112*222*22*112323*3*1111001*11221112233223*443201*1122111211113*4*3*3*1111134*
11322113*4332*21222012*3*5320000012323*310012*2123*3*113321*212*1113*44*4*22111*33**2
2*3*22*3*3**42202*201*333**32210012**4**2122*22*23*4333**1123*2112*5**5*31101133**421
3*43*334223*3*114*41323*23*3**2222*44*322*2*32323*33**4*3101*21002**5**210002*3*4*211
*22*33**10112111**3*3*212334343**33*211122324*4*322*4*32210111012333*32223212*312111*
2212*222100011223222*2102**3*4*55*311001*23*4**5*1112111*2222111**212211***1222000011
*101110000001*2*100111002*33*4*3**2000012*3*33**2100000112**2*113*201*113*311*1000000

Field #84:
*2**42113**224*4*324*33***22**5*4*4*44**5*3*4*5***4**5*422**4*****4*3
235***44**54***5*5****5*5*45*****6********55****54*******455*****4***
3*6*******4***5*4******554*********77***64****6*44*7****5***567*435*4
****645*7*55*55*645**8****5*****8********55**55*4***6**6*654****42**3
**6*5*54**5***5***35***644*45*6***54*555***6*5**4444**5****45***4*4*3
444*4***5**56*6**6*6*7*6*433*5*56*323*4*7**6*6*5*4*555*6****6*76*555*
**5444*5*5*5**7**7***7****5*6***4*53*4*****6**5*6*****4**************
5****44*4*4********6****8******55***6*6*555***5*****64*5***6*7*8*7*53
***6*5**43*6*7***65*5******8*7**5******5*5**8*54656*6*6*7*55*7****33*
*53*5**7*44***545**56********5*5*******5******4***6*******6*****5*44*
*333******5*7*4*5******444445*45****7**66***7*656******7*****6*545**3
2*3*55*7**5*6*54*****6323*22**5****6******6*6****67*8**4**5556*5****3
335**33**44*6*4**54***22**34**4*5*6**5457*43**********43343*****6***4
**5*7*45*55**4*4*4445*45*7*6*65444***32***33**********54*4*6***4*****
*5*****4****6*332***55***********6**42*6**44***7***7*****7*6**644***4
3*5****55****4*323******7*54***8****323***6****4***7***8***6****35**3
*46*76*4**7655**1247*8*5**535******7*22*7***7*5557***8***65**7*54***4
4*****4*4*****5333*****56***5*7*7****433*****3*****7******4**6**3****
**7*7*6343546*5*3**6**7***53**5*5*7***4*556*433****5***7*56*6**5345**
3**6****4*5*5**6*7*55*****546*424**4**6*4**6*325***56***5****5*5*4*7*
36*****7****6******5***8******32*4446**46****4*5**6*****6***54**5****
***55****76**5435***6******534*44*5***4****646**6**5**54**7*5*7**6***
**6*45*****6**213****46****413**6***4346***5***5**7*65*444**6****6*63
*4**5*****6**7*44*6*55**8**4*46****533******6644******3**556*****6**3
3555***77*7******4*5*******33*******3**6*******46*8**656*********6***
****4*******8****43****8*6444***7666*6*556*6**5*************7*66*6***
***65556********65*7*****6***5********6***46*66**77*7**6**7**6**5****
5******5*76*56*********7***65*6****8*****7**********7*6*7**6****5*6**
******6****45****7***65**8*5***7******6******6*7******5***6****6*6*7*
*****5****5*******6***4*****4******7**55*66*7*5****655*444***7*7*****
4*7**55**6*6****8*6***66**6434**65**7**4*5****6*6***5**54*7**6****7*5
4*7***4*6***556****57******5*56**34***44*7*65**35*8*********7*****6**
****6*55**5**4**7*7****6*********44***54****235*5***666556****7***6**
*65*43***534*7**5****745*8**7656**5*****46*522**7**7****4***5**45**64
*4*54*45**44****44*****5*******6*6**6*43*5**34********7*5*6555*34****
25***33*6***6***33*667*7**8**7***6**42223**6**7**7667**6*6****5*5***3
3**6*34*7***7**6*44**********5*6*4**33*34***6***************6**5***63
**7*5*5***8*****5**7****66**6*6*4445*6**4***6*54**65*6*56***66**6****
4****5*********6******8**4**6***5**4***54***7*325**43*34*********6**4
*456**6**8******5444*****544***5***546**44****54****333***67***7**5*4
23**45*******8**4*3246****3*555*6***5***5*5*******65*4*6*7******655**
*3445****7*****65*4*5***8*53**6*6*8******46**6*7***5*6*6****55*****64
3*4***66**7**7***56********56***4*****556****44**6**5**5**76*44*5****
*5****6*******6*****8**556*****645*7654***7*65***55*7*66*****4*433**3
4********6*66**6******6*4**8*7***5*****6*6*****6*4**********55**32432
**7*****7*4**7*7*******4*****4**6***66**6****7*635****7******5**5*4*2
**7***6***66*****756**7*7*6*445*6*7*4********6***6*66*7*656*6***7**4*
4****5*5******7****4******54*4***5**44*******5*7***3*****4***67***6*3
*7***524*76*6*5**7*44***6*5**6****44*557*8*64*4***53457*6**********6*
******45***6*6*7**5*34**43**6*****44********55*7**4*3****46*****8****
5******************4*334*45*7**766**7**8**********55*6**44***8****7**
**7**7*******56*8**54*23*4******************7**8*7***6*6*6*7****7*6*5
4*5*6***66*634******4*33*546**8*7**56*6**8***6*****7**6*****5*7**6***
3*65**8*5**5*5***765*5*43**6*****66*5*66***6*5*5556******7*5*5******5
3*******6***5**7****5**4*6*****7****5*****54*44*5****7*6*7*54***755**
*6******6*6*7**6**66**6*6***7***67*6*6*8***545********46***4******56*
**6******45*****56****6******4******5****7******56***6****5*46*******
5**5**8***5****6****6**6*7*64546*****67***6***55*5**7****7*4*4*5334*4
***54***54***7**57*7*6*5*5*4***4*56********6*5*5**6********436*53344*
****34**34*65**6******4*6*5*5*5*43*******5**56**6*6*6*6**654********3
46**34*6*4*6***5*****56****6*56**45****7555******6**645*5***44***7*7*
**45*5**45***655**655***7*********4**7*****6***********5*56*535*7****
*5*4*5**4***5***6**4**54**7***7**55**6******7****766**7**3****4*****4
*43*5*66*5*45***7**6**55*6***6****4***6*************5***545***56**54*
4*54*****44*6*6*****6****6**6**7*66***7***77*77*66*5*4*5**6**6****33*
****7**644****33*55**7***5**6**7****************4**6333*6***5**5*6*53
******5**6***52112*5****66*7*****5***5*******7*54****35*6***44455****
****66*7***6**31223*4***********54455446*6**7**4*6**6***6**7*4****56*
4**6*****5*45*5*3*4344****7***75**5***5**55****53**5**66******6*644**
*7**55**544*5**56*6**546*6******7*******6**667*5*56*44********7**5***
*****56*6**5***********5**5**6****7**6***4******6***55***56*7******63
**76********6**77**7*7*5*56**435*5**6*5*33345***********5*4*6*******3
5***6*67**65*******5**5*5****54*4*45**6321*24***56*****7*33*5**7**5**
*****5****5***8*6*6*55***5******54*5****334*5**6*4**6****5446***53344
5*8***6**6******54***6*534***654**5**77**3***7**45**54********6**21**
****7*7***6*****6******42*565**324*******44*****4***5*7*76****66*436*
***7******7**77***8*7***54***6*425******7*447***66**6*****4*6****4***
********7*******7****56***5**4*4*****76***5**********446*545*45*54**4
***7***6**7**77*5*7*6**444*44546*546***655***767*7**54*6*6***44*4*7*4
****6**6**6*****43**5**54*54*****32******5*******6***5******4**24****
*6***7**6**6*7644*6*55******35*54*56******6*6*7**7****5****643334****
*55*****6*6*****5*7*6**8*6*544*44*****8****5*5*******55******23**5*52
**5*****5**5****6********44***5**7*6****55*5*6**555***6***7*7*6*55*52
**6*****5446****7*****7655***6*****66**54*24**44*5*66***6*6******6***
**6******2********************7*66****7**224**22*****6*55*5*6*******4
**6**6*7556***8*****7*8***55*****4*56***323**5336*55**5**6*44*67***6*
24**55***********754****8*44***6*64*5**434****5***44***4****33******4
25***4*56***8******56*7***6**645***6**54****7***6**4*4223**4*35***8**
***65*5*4*************5*******4**7****5**65**5*66**6443234544*5******
*7*6***45***756*7**8*65**7**6*6**6****6**4*556**********3***6**56*654
*4******3*****3**4*****4**33*3****34***33*3*****5******33*******3*3**

Field #85:
*201221011100011101111*101*2*10001*10
*201**212*10001*101*12220112110001110
2211223*42111122201111*10000000000000
1*10002**101*11*111101110123221100000
111000134311112221*1000001***2*100011
00000001**10001*11110000013432110002*
000000012210112110000112111*21011102*
0000000011101*21100001*2*112*102*3111
011100001*10112*1000011211011102**100
01*1011111100011100000000000111123210
011101*2100000000001121100001*1001*21
0000012*100000000001*2*112211110123*2
0011101111110000000112112**100001*22*
001*100001*21000000012212*31000011111
00111000012*111100112**22110000000000
00000011101111*1002*334*3210000000111
0000001*10000111002*22*4**100000112*1
1100112221011100001113*4221111001*321
*2001*11*212*100000002*20112*10012*10
*311211112*211000000011101*2110112121
*32*1000011100000001121101110001*101*
23*21011100111001222*3*10000000222011
*321001*1001*2111**22*2100000001*2100
3*200011100112*223211110000000012*100
2*20000000000112*21111100000000011100
111011100001110123*11*111100000000000
00001*100112*1001*211111*100000000000
1110111012*21111211000011100001110000
1*1011101*32101*100000000000012*11110
12211*21323*101111110111000001*211*21
02*2234*2*21100002*201*101122321012*2
02*32**22110122102*2011112*2**211012*
012*222100001**1012210001*23332*10022
0011100111001221001*10001222*1111001*
01110001*10000000011100123*2110011111
01*100011100000000000001**2111112*100
01110000000011211000000133201*11*2100
0000011100001*2*100000001*10111111000
000002*200002231111100012210001110000
110002*200112*1112*10001*100001*10011
*1111111001*2111*2110001110000122102*
221*2110001111121101110000011101*102*
*2112*10111001*11222*2100012*10122111
*20011101*1012222**22*10001*21012*100
1100012221112*11*321111000111112*2100
000001**2101*32122101110000001*212221
00001233*1012*112*102*200000122101**1
00001*1111113221*2102*2000001*1001221
00002220001*2*11110011100000222000011
00001*21001132312110000000002*200001*
000012*100001*2*3*11110000013*2000011
0111012210112233*212*2000001*21000000
02*2002*201*11*22212*2000001110000011
02*2002*202222332*111100001110000001*
01110011101*11**31101110001*210000011
000000000012223*20002*212222*10000000
000000011112*22210002*21**12220000000
00000001*33*23*2000011124421*21001110
110000012**212*200000001**112*1001*10
*100111012210222000000012321111001110
11002*20000002*20111000001*1000000000
00002*42100002*201*100000111122100000
000012**210001110111000001111**421111
01110123*10011111100000113*324***11*1
01*1012321001*11*2100001*3**12*421111
011112**100022212*1000011222111100000
01111*4320002*20122100000000000000000
12*1112*21102*3111*100000000011111100
*21100123*10124*22220001110112*11*100
12121101*21112**31*10001*211*21111100
01*2*1122101*23*211100012*11110011100
0112111*1001111110001110111000001*210
000000111000000000112*211012211122*10
0000000111001110001*323*101**11*11110
00011101*1001*1000112*222112211121100
0001*2111100111000001111*10000112*100
00012*1000000000000000023310001*21111
221011100000001110001111**1001221001*
**1000111000112*10013*22342112*100011
3421001*10001*211001**21*2*22*2100122
*2*100111111122111112211122*3220001**
1211001222*101*11*10000000112*1000122
0111001**3220111111000000000111112110
01*1001222*100001221012321000001*2*10
01110000011100001**101***101110112110
0001110122211000122212232213*20000000
0012*101**2*21111101*21001*3*20000111
001*210122213*21*1012*1001121100001*1
0011100111003*31110011111100001121222
00011213*3102*3110000001*100001*3*11*
0001*2*3**10112*1000000111000023*4321
0001121222211011101121100011101*3**10
00000000002*2000112*2*10001*101122210
00111112112*31101*2121100022200001110
112*11*2*1112*1011211011101*100001*10
1*33221211012210001*211*1011111102220
13*3*1000002*4210012*111211002*201*10
03*411000002***1000112111*1002*202331
02*2000000012321000001*11110011101**1

Field #86:
**2
4*3
*5*
*6*
**3
3*2
122
13*
*4*
3*3
*4*
3*2
*42
*4*
35*
**2
453
***
**3
*63
***

Field #87:
**4*4*******3***44******
*6***67**755*7*****7****
*7*********6********7*8*
****65*******7*6********
****5*7****7*6*547******
****6*****5**5*4***7****
*7*6*****65**646***6**6*
**5***8****6********6*52
4**5******7****8****6**2
3*6*7**7*************55*
*6*****6*67***********5*
*****7**6***6*8***77**7*
*7****6***745***********
3*****7*****6**********4
*6****************77***4
4**********67*8*********
***8*7*56*6*********7***
******55**6*******8**6**
***********57********6**
*8*8******6**********7*5
******7*66**************
**8****6***8*65*5*******
****7****7****3245******
**8**5*66*****54**7**7*5
*****54***55********5***
***8**5***33**55***7*56*
*******6**55**55*7***5**
*8*****7*********6****5*
***************7*7***55*
**6***8*7***8*7*******6*
**43*****66*****8*******
**546******6**8***7****5
******7*7**7*****7******
47*****4*******7***766*4
*******55******6******6*
*8*****6******5*********
***7*7*******56***8*6***
*7**6***8***7***8***657*
*7********7*************
*********6**8******8*77*
*67*****7***************
4***8*8****6**7*********
**7******76*65******8***
*6*****6******6**7****8*
**6***7*7***8**66*******
**6*****************77*5
*7******7*******66******
********7*8***76**7*7***
**8*8*8*****8*******6***
5*****************7*7**5
****7**7*****7**8*6*****
*****6*5**7***6****7****
5*7***46*7*****5*8******
***7*6******7*55********
*8****7******5**7*******
****8*******5*********7*
*********5**45**65***7**
********5446*5***56*****
***7*****5****7*****66*4
****6************66**5*3
***6***8*******7**6*7**4
**7******5**76**6*******
******7*656***7*6**8*8**
**8***7*********7*******
5********67*76*********3
*****8**6*****6*******52
***8****6*****7********2
*****7***7**5*****8***7*
***7**4****6446*********
***6*6557****5**8*66****
***7***************6****
*7*****7666************4
**67*******556**645***5*
************4****45*8*52
*****7666*7**6*8*******3
*********5***7******66**
******66*7*7*****7***3**
****8**6***6*77***6*5554
*********75********6****
***********7************
***************8*8*8**7*
5*******7**7***********3
****7*53****5****7**6**3
**8*6*425*76*6***7**556*
****6*5*6****7*****6****
5****6*********76***7***
***6******8******45*****
*8*55********77*7*56****
***5********************
**6**6*66*7*7**7***8****
4**7*65**5**7**7********
4*******6**********7****
*****7**7***8*8*****7**5
***8**7*****************
********8*****7***8*****
*****7******7**7********
4*77**7******6*******7**
2********5*5*4**5*****4*

Field #88:
*************************5***********
*************************************
******8***8**********************8*8*
**************************8***8******
****6********************************
5**66*****7*********8**********7*****
**********7********************6*****
******************************4******

Field #89:
*4**4****4*3*3*5***********4**
4****7**7**423*****76***56**6*
**********6*3347*8***6*6*6***3
****7***76***3********4*****7*
5*6*6*7****744*6*8*7**65******
**44***7*****435***6****457***
46*4******7**5**6*7***644***6*
***66**8***6*6**5***7**5***6*2
************5**6*7*7********42
*8*8****8****65***********8*4*
*****7*********5*****76*****41
*6****5567*645*45**7***557**42
4*7*7*4****5*545**6****6***7**
****7*54***7*******7*****8****
4*6****55*******8*****8*******
*44*56***7***6***********8***5
**444*******66*77****55*******
*5***7***8**********53*566***5
3*6****7****7*******6*6***66**
*4**7**7****6***************4*
35***7*******7***7***7***66442
**46***66*7*******6***566***3*
*54**7*4**6*8****6***6****644*
4**7*7*535****66**5*7**7***4*4
*******5*6**65**655***6****5**
**8****6****6******7*5**7*66**
3***7*5***7**********656******
356**55***7***77*********7****
***5***6*********77*66**7*****
**7*6*7*****8********5******7*
****6****8****56**66*7******7*
*56**6******654****6**********
2*4*6**7**64***7*****65**8***4
236**7*7**5*6*****6***56*****4
3**********6******54******56**
******6**8***77*8**446*555*4**
47***5*5***7*******3**5*4**554
*****536**7*******6556***54***
***7*5********7***********56**
**5**7*76666*6******8*********
5*55********6**********8****74
***4**********6****66*****8***
***54****6**65*57***5*********
****56***534**6******5*******4
*7********33********66**7****3
4***7******56*8********6***8*3
***6***8*8*************6*****4
***5****************555*******
4*7*7****77**8*8*7*6*5********
3*****67*********5*4***7*****5
3**7*6*****55****6456***6**8**
4***5******55*6********6******
*****34*******33*******4***5*3

Field #90:
1**4***21101*1000112*2*2**22110
24**4*44*312331113*4332234*2*10
*33332*3**23**22*4**2*212*23220
*21*1113332**53*34*3323*2111*21
34432001*223*3*3*2112*4232222*2
****32112*11232211124*4*3**223*
24*5**1011223*22112**23*3344*21
023*3221213**4*2*34*311112**210
01*2101*3*5*4*223**4310002*3100
121111213**233323*5**1111111000
*2001*1012222**3*4*3212*2011100
*31112333211*323*311003*301*100
23*101****3321133200013*2022211
*2122345*4**101**10001*3322*11*
1101**2*3322212221000124**21111
00012222*1001*100000001**310000

Field #91:
23*3*11234**3*310000
**3*222****65**31111
222122*444***4**33*2
11213*5*2245555**3*3
3*4*4**43*3****3233*
***23**5*4*45*3102*3
3*4223*5*424*31002*2
222*1224*32**4211111
*33443*333*5**3*2110
*3****4*4*45*6*32*21
245*6*65**4**5*434*2
2**35****5*423*4**4*
*45*4*6*44*21234**63
23**65*44*434*3*4***
*24****5**4***5223*3
112*5*4**45*6**32343
0011324332**65**3***
11013*3*114***5*5353
*201**42202*546*4*3*
*434544*21333***523*
2*****5*32**334**222
23457**23*43*224*42*
*33***412*444*12*4*2
2**56*3013***3112*32
13**4*3014*6*200123*
13334*411**5221223*3
*2*24**435**21*2**3*
244*4****4**32232343
1**34*544*6*53*101**
13*33*43*3****32123*
133*33**34466*32*332
*2*33*45*4***33*4**2
234*312**5*643*3*5*3
1*5*5223*32**32224*2
12****1234333*101*21
01344323***122313231
123*22*4*5432*4*5*3*
1**32*4*44**44****42
24*2113**4*5**6*644*
*3222235*54*66**5**2
3*22**2***3******531
2*33*544*445**6***21
334*4**33*3***4233*1
**4*4443*3*56*312332
**523**5444**44*3**1
**4*34****3***4*3221
**54*34*4234**423221
*5**5*54433*433*5**3
*33*4******3*12*****

Field #92:
1***22*102*4*1002*3***4*3*3*23*3***11*3*3210113*33*4*2*12*322*21001*4***21*
24544*3214**32113*436**23*44*4*3343112*5**334*4**3**44212**2*3*11233**6*311
1**3**21*3*32*12*33*4*5433*4*5321*10023**4****533223**32232324221**3434*310
1234*43333211124*44*42***33*3**1111002*533246*5*21114**2*322*4*2123*2*33*10
001*22**4*21223**6**313*43*23331111013*3*223***33*213*422**32**3001123*4221
0122235**23*4**6****32322*211*212*212*4434**3323*5*23*3224*434*3232102**32*
12*23**3212**5**5*544**32210112*44*12*4**4*41002**4*33*3*22**313***2234*4*3
2*5*5*322345*34*412**5*3*2221013**2124*534*2012334*4*23*3125*302*534**214*3
4*6**332****312*31346*5422**2213*3101**6*31101**23*4213*301**41323*3*4213*3
***33*4*545*42212*3*****3334*3*5331224***30123333*4*213*3224*4*4*42224*23*3
4*5213**3*23**1123*4*55**3*224***4*4*335*423**32*3*33*33*3*22*5***323**33*2
3**203*42112*322*21334*33*211*46*5*5*22*4**4**4*4423*33*4*2223*****3**6*311
2**313*31122322*2101**443210113**43*323*54*3234**2*323*3*322*2356*5*45**200
234*23*21*4*4*21111223***310124*5*44*34*5*4223*42334*43424*3111**4*22**5311
2*312*2234***21001*3234***202**33*3**4**4*4*2**313**3**3*6*410134*4323**3*1
2*323212**6*4101234**4*6**312**32134*43322*34432*4*64446****2101*3**2245*32
334**224**4*3222**4*7***44*1134*113*43*10224**2346***3***533*212134*33**43*
**5*5*3**3324**3335***55*31113*533**5*3211*5*54******445*31212*102*55***4*3
34**313*433*3**31*4*54*4*2012****4***22*234***4**6444*3*32*2122324*****44*2
1*3333433**455*433*22*3*2102*6*54*6*63223**5424***33*33*2113*33**4*5554*443
3321****224***5**43332423112*5*33*6***22*5**212*5**3*3332002**6*6*32**55***
**335654213*53***4**2*4*4*324*44*4**422*3*33*221234534**11234***5*324****52
**4****3*33*2235*54333**4*3*4*5**444202231224*2013***5*421**2244*22*34*5*20
*33*5433*5*543*33**32*3332213*5*43**423*311*4*301*****5*3222212*2113*434221
11123*113*****34*7*4*211*11233*22*4***4**2213*3236**7*6**1123*322003*4**23*
0001*3213*6*533****32323232**2222123*4*44*1013*4****6**3212**22*1002*4454**
012334*22*533*4443223**4*4*6421*10122335*31002**4*5**532014*5222200123***32
01**3**224**34**1112***5*5***344422*23***32122323344*3*102***21*10113*54210
024*43422**32**323*4354*34*54*****324**43*3*3*101**3332114*7*212333*3**1011
02*43*4*543112212**4*2*5*54*4445*65*4*31125*5331123*4*212***4322***5432102*
13*4*4****2112223**4234****5**33****422112**4**21224**22*5*4**3*4****21235*
*22*23****43*4**444*11***55****235*43*22*3333*44*4*4*323*4334*32334**33****
1111113*5*4**5*5**3111244*3*43211*4*33*324*323*5**4*433*4*4*4221*3333*4*55*
01111233324*6*23**201111*2334210113*44*43**5*23**44*4**3*4**3*112**323*32*3
12*22**3*34**42223222*22122***221234**3**5**333*6*423*5535*4211025**13*424*
*223*324*5***4*212*2*3*223*654*3*2**433235*5*3*4***334***4*433212**423*4*5*
112*4223**45*533*433122*3****23*44432*223**43*5*5*6**4***32****35*64*324**2
002*3*2*44*33**44**10124*544334*4**2113**5*33**35*6**33*4224*54*****4*35*41
00112122*23*323**44333*4**11*3**44*3013**422*322**4*4222*11*33*56654*3***31
23210002233*31223*4***34*3112*5*33*202*43*22321233213*323222*22****3222322*
***21112*4*33*3223***44*421233*33*3213*2124*4*23*4223*3*2*123322444*2110122
*54*32*34**22**2*34*4*3**22**32*23*22*4323***32****4*3224432**213*323*212*3
*33*3*3*3*32233444*2334323*5*32112*22*3**4*5*3234*4**313***4443*4*32*3*34**
3*3121213222*22***211**212*44*20011111234*2212*11124*32**6*3**22*3*3334**32
2*2001111*23*23*5321135*3213**3232111101*22112231102*22**3122211234*4*5*310
111113*3223*544*32*101***102*33***11*102343*23*4*2111112210000112*5*6**3200
0001*3*4*34****5*43323564202234*52122312***4*5**3*1012211121224*33***44*210
11112334*4*****5*4**3****213*4**2002*5*3234*5**531113**22*2*2***23*743*4*21
1*211*3*44*556*53*45*55654*3**543114***2014**4**2122**42*232334423***22*34*
12*1224**32*2**5*33**4****323*5**23**63213**32333*3*5*43332*23*4*45*42323**
02222*44*21235*5*23*55****3233**5*4**5*11**5212*34*44*4**4*5*4**3**33*2*45*
01*23*4*3312*3*4212**5*4334**23*54*5**2113**32*22***545*4**4*4433222*345**2
233*23*5*4*5332*2114**2213**5212**23*420024*4*33445****222222*2*212344***42
**3333*5*5***112*102*421*4***31334222*3211*3*33***456543211121335*4***3333*
*54**22*34**531111023*1113*5*4*3*3*323**111334*4*5****2**12*201****5*4324*3
4**54223*433**323211*320023424*523**23*42212**222*57*543313*4123***32*2***2
****3*23**324*5***222*1123**34**1123*334*2*3331012****4*225*6*2123223445*41
*643*3*24**33*5**5*22232**5**4*4201334**3312*101124*7**22*****211101***3*42
**1224333***45*534*31*3*5*445*4*112**3*5*2222212*12**4211234*322*22444234**
*423*3**33*4****22*2124*33*3**3222*4433*4*3*11*33224*4101112221*44***312**3
24*6*43*32234*5*212223*435*42322*33*2*33*3*3222*2*23**211*12*333**5**4*3221
*3***334*11*3353202*4**4***411*34*42324*3212*232424*54*22123**5*533*55*2111
122433**22222***212*4**325**112*5**22*3*21122*3*3*4**22*213*5****223**443*1
1112*43212*44565*222223324*52012**43*22122*112*4*4*443334*3*436*53*344***21
1*12**1003******34*3123**3**3222222*33233*320224*312**3**4433*4*5*5*3*55421
2343333223**5**4*3*3*3**435*5**21013*3***5*212*322124*54*4**22*4**5*53**3*2
2***32**3*322222121336**21***34*2113*545*4*21*5*21*34**324*5434*533**3223*2
*4***45*311000112223***4324*313*53*33**2121235**422**4*32*5***4**334*323332
344*5**33232223*3**4**6*5*43312***3*23321222*****223334*54**535***3*33***5*
**425*6*3***3**34*33*5****3**223554212*21**34*5*43*11*3***322*3**6*44*4****
**4*4**5*34*3222*21124*543444*23***213*2246*54423*42334444323233**4**22345*
23*3*6**3334311221013*5*12**32*4*6*44*532******23*3*3**3*2**3*32434*5322*32
12133**5*3***11*1001***334**313*4*4*****46*6*55*43334**534434*3*2*22**3*45*
*101*5*44*5*421221023423**5*202*32*34443***323***4*3*5*3**4*323132213*32***
11012*45**44*311*112*213*6*3223322233*1123323*55**55*3135**23*201*32212235*
121234***32***22212*5*34*7*31**4*22**322322*4**23***4311**423*2023**224*23*
*4*3**343323445*202*4*3****3134**33**33***334*322344**21222*21213*534***33*
3**42222*2*22***21344334*6*201*4*45*6*4**4*3*432*22*5*312232101*4*5*4*65*42
*5*2113*432*334323***3*22*2101123***7*53323*5**33*34*44*3**111214**24*4**3*
*4322*4**1112*11*5*7*411111001123*****3*103*5*43*23***3*44422*203*633*32343
3*3*213*422133434**6*410012222*2*335*653202*424*423**3223**13*423***43322**
*4*320113*5*3***5*5***1112**3*442102****20123*4*3*333211*4313**4*56*4**3*5*
2*4*11112***34**5*433322*34*43**112345**3224*4*332*11*112*113*4***6*645*33*
24*432*2245433**54*212*324*33*4211**2*34*3***32*343212212221*2225*****5*322
2***4*32*2**3*56**33*223*4*43*3111233212*4454333***323*11*2232113*44**6*31*
*46*5*32124*53***5*4321*23**323*2122*21223**3**346*3**43334*3*11*4335*6*433
2*3*43*1114*6*5*5*5**112235*43*32*2*3*22*2223*44**433**2**3*42334**5**6*4**
2233*3222*4***313*5*4223*3**3**32332212*210023*4***1233333323*4**5*****4*5*
2*23*32*22*44310113*21**23*32234*3*2101111223*45*5222*23*33*43***65****324*
*22*4*433323*321001111221223122**43*322101**3**4*201*4*4**3**235***56*423*4
11124*4**3*33**22322233212*3*4*5*23*4**4234433*433234*3*4434322*66*4**21***
1101*4*6*54*4444***2****23*43**4213*55***2**2344**3**222*3*2*24***3*43224*3
*10235*4*4***4**44345*5*22*33*5*324*4**655433***56*543112*2212***423*21*321
1101**3335****43*11**5543323*34**4**434****23*54***4**423220024**312*212*10
00013*21**4*5*211113*****2*22*23*4**21*4**4*212*34*33***2*1001*33*111101110

Field #93:
**22***
5*54***
****664
357****
3****74
**65***
4**3443
*66*4*2
****6*3
*****6*
*6*****
*66***5
*******
*6*56*5
*534***
2**4**4
245*5*2
3**5*53
***7***
36****4
3*****2
**7**31
*6**642
**5****
*55*44*
3**4332
*7*6**2
*****6*
**556**
*53****
**45**3
4*6**53
2***7**
35*****
**6*7**
***4***
46*5553
**4***1
45*5542
**3**4*
*4435**
3*5*5**
3***6*3
*5***21
3*6*531
*5***4*
**6*5**
5**6*6*
*****7*
35*****
*4556**
3***5**
*4*6***
343**6*
**3445*
*43**6*
34*6***
**4***5
**65***
****6**
**6*7**
*45***4
24****2
1**6653
246****
3***66*
**7**4*
35**55*
*6*7**3
*****6*
*7655**
****5**
3555**3
*3**532
*65*5*2
***6**4
36*****
2**555*
3*6*3*3
*5**53*
**7*6*4
*******
36***7*
1*****3
136*53*
13**432
2****3*
*7*65*4
***5***
35*5**4
2*56**4
3******
*7**6**
***65**
4****53
*5*7*4*
13*5*52
1335*5*
*4**4**
**323*3

Field #94:
*2*4*2123**3***2001**2*3*2*211123*4*22**2*11*3*1
232**22**44*45*31124332*333*12*3***33*4331113*31
*434444*32*4*22*11*2*2222*2234*44*4*223*21013*20
***4***3224*4333343434*22212**23*55433*4*213*420
**4**7*33*5*4**3***4**22*225*534*****3*434*4**21
*446**4*5**4*335*7*4*31223****3**4332223**23*5*3
12***43**33*211***331101*23566*42100112*332324**
0124*2122234323454*32113444****322223*2112*5*333
0001221124***3**3*3**33*****5433**4**42224***42*
01123*22***434*6*335*5***643*11*4*4**5*4**44**32
02*4**32**322*3**42**6*5**23343221235***4*2134*1
02*5**324432*223**44**3344*2***10012***432202*42
0113**32**3*42024**3323*3*335*52112*45*43*103*4*
000123*2223**101*33*102*312*3**11*212*3**2102*31

Field #95:
*******44*******44**44*5*************4*3****5******4**4**********************5***********2*
**7*************************8*********45**7*******6****6*****76**6*******8**************442
**7****7******6*******7***7***8********4***67*****7***7********335**************77***7*5*5*
******6******66*******6**7*********8*756******55**********66*7544**7****7**76******6**56***
****8*6***************7********8*************54*7******8**6*********7*8**7***5***76*7*****4
*******7********************************8*66*6**************7*8**************44**********6*
*****8*********7***8****8*8********8**8***5*************7**6*****8**8****6665*35**8*8***6**
***************7*************************6****7*7***7*8**7*6**********644****55*******8**5*
*****8*8************************8********6*****5****6******7***********45**8*************41
**********77*********65****7*********7*55******7*****5**5*****546****7************7******41
****56*8***********8*6*67**6**********44*************54455**8*54****7*************7******4*
***65*********8*7**********7********5*5****8***8******5***7*****************8***********7*4
47****7****7****5*****6************555***8*********7********7****8***8***7*****************
******6*****7**66****6*7*****8*7**7****8*******7***7*********56*********5**8*****7*********
**7***7**************7**********7*********77***7**************4*******745******7*6*******74
***6******7*7***7********8***7*********8*********7*****65****56*********6**55***5**8*******
***7*******5**8**56*********7******7*****767******67*7*5*7**7*****8*77****7*55**5******8***
*****6*5****7*****5***8*************6*66*****76*******6********77*************6*66***6*****
****6*556******7**6*8***************7*6********6********7*7*7**************8**7******66****
***7********6**7*6**********************767**8**6**8*****6***6*****7*************8********5
******8****7*7***7***************8**66***********7***6*7******66666****7****8*********7****
*77*****7**********77****767**7*****6***************7*6****7**********6*******8****7*6**8*5
****7***7**77**8*******8******6********8******7*7*8*********66*******7*****8****67**5******
5***7********************8*****667************7*7***6****66***446**8*****8*****6****7******
**********8*77*******656**************************645***7**6**54***************7*8*****7*6*
**66*8**8*************4********7********66*****755**6*******7****656****8***6***********6*4
***5******************6**56**6*5*8**7****6*7*****5************76**3**8*****55**************
466********7***8****76**65***523****7**8****6*7*7***************6*55***8**7**6**7**6*7**77*
********8**6******************445***********6*6************67****6**6*********7**656*7*****
******7****6*77***********7******7*8***8*****6******8*****6**********6*********************
4*****6***5******7*****7*5****8******************6******65**********6**************8*******
4*****7**6*5*6***7***7**6*6*6***********6*******6*7***7**6***767****6******7*7***7*********
**********5*4*7*****7******6*7*8**7***8*55******7******7*************5*8****6***6**********
******8*8**45**********************7*****6*********8*********6*7****66*********6****77*****
*5*5********3****5**********5**5*****5*5*******5************4*3********5***5****334********

Field #96:
**22****4*2*4**3212*4**2*3*3**213*2001*2111122*4**11233332224*3*22*22*223*3*212*2233**3*4*
*4*2234**222**4**12*4*3213*3222*3*200112*11*2*3**311******2***32*212*3*2**312*212***33*3**

Field #97:
3**3*2*4*5*****33**211112*3**3*23*5***4**4334*****5*32*2
**6*345****55**3***31*12*45**523****65********5******45*
***34****8*32*4457*43233*3****44**44**5***7665557**65***
**53**7****4333*****4*2*344*****5334*7*6***********5**8*
***44*5**76**4*7*****444*4*4**8*6*5*****55*7*8*65*6*****
36*6*6*5*****5***7*7**5***345************43*****32**7**5
*4*****6556*7*45*6*5*****6*5**************56****446**5**
36**7*****3***45**24*8***5***********55********6*****44*
***5**655556*7***645***7*4456*44**67*55*54**6**6**8**44*
25*44**4*************6**4*3**54445******32444**5****5**3
14*54**6***56**4445**66*414******4*55***54**55*435*6*33*
*5***5**6543**533*45****314*8*7**54*35********5*34**4232
*5**6*5***4*6**4**4****33*5****65**5*4*67****5**5***5*5*
*56*7*66**6**5*5*45*7*533**44****5**5*5***533*44**7*5***
3*********6*6*4*4*4*6**4*6*545**4*45**5*6*3245*56**56*7*
*5*6****5*6*6*43*34**7**6*****6444*6*7*5*34************2
2*5*7**543***34*44*6************4*******4*4**7*7****8*52
34******4*5*6*5**5**5***544**65**7*76*545*644**5*7****6*
**6**55**6*4***6*5*6*7*6*223*4*7*****5*4****3445*7**8***
**7**54****54***4*4*****5*4323***7****4****42**5******8*
*******6****46**65*6****5***236**6**55*5***445**455*****
5*******5*76********6*7*65*55****6*6*4*54*6***45*4*667**
******756*******7**4**5***5****43***33*5*5***64**6******
***6**********8**533445***4***5324**433**6*7***4*5**6*6*
*424*7*546**7*****32**5**5445**3*34**4*6*6**5*533*56*5*3
1113**44*5**5**65**333**7**4*55*44*5*5**5**56*5*33***5*2
223*6**6**6*45*4*33*113*****5**5**33*556**7****5*45**322
**5*6******4*5*5323221357*8*7**7**324*******545**6**434*
*7**6****65*6***3*4*33***********53*5***65**53*****43***
****6****5*****6*4***6****7**8***6*5**7**44***67***55**4
*65*5**6*5*7*6**5*5****8*6*****7****6*6**4*7***********4
**44*7*524**56***6*56*****345**5****6**544***8**********
***4****34*****7***5**76*544*656*6*5**4**33****6**6*5564
4**54555**57*76****5****6********634*545*4346*6*66*33***
4**4**4**6******7545********7******43**5**3**5*****45***
**44**5*5**66*7***4******7**5******3*4**555***4*554***6*
5*44**536**5***67**7*****7**65*45*422334***7*544*4*6**42
**3***3****6**********7*******445*411*23******4***5**6*3
3324*5435*5****6*8**6**44545*5*****2224*7**55**7**7*7***
*324**5*423***66****6444*3*336*8*64*23****6*33*********5
*4**7****214*****77***4**423*****5*33**6*4**434*56**7***
*66****7*424*556******5**33*7*****55*66*334**3*5*5*5***3
******5**6**43**7*7*44*55*5***66********43*6*32**6*45*52
47**534******44****322*3**6**6**6***7*7**4**4224**33**6*
****42*6******45**6*22355*5**6*7**7**5**54**6*33**34****
*7**5*6****65**6**6*43***35*6*****4***5**46***5*66*6**5*
2**4*****5**23***4**3***32**4****323*4*33***5*4******321

Field #98:
*5****4***********5*4***********5*5**4**3***5******4********5**4**************3****4*******44***
*******6************7***66**7*7******6*6*67***8***6*****8*****7*****8*8*******65****6****7******
4****7*6****************6****4****6***6*****8*****6**6*******************8******7***7**7**6*****
*7*7**6**************77*****7*7**6*5*************5**66******7***8***67************8*****7*7**77*
***5*****7*8**7******************7*54*667**8****66***********7*****7**********8*******8*********
**7*7***5*****7**7****7********7****55***************************************************8******
*******6*7*******6****7**8*****7*****************8***7***66*7*7******8****************8*****8*63
******6******76*6**********8*********6********7*****6**76**6**7*********8*7**8**7**************2
***8*7*****6***6********************7*7******6***8**6*********************6*****7*************6*
********8**66*****6********8**************8***7****7***********7*6*******7***********8**7**8**7*
*8*7*************7*7****7******7************************767**7*6*66********8**8*8**8*****6******
****6**7*7*****8*********6****7************8******8**6********6*****7*56***************65*******
*****6**6***8**********64********7**************6****66*****6*****6**45****8**8********6********
**8**7*********657*8****46****8***7**7****7***756**********66*7**6*56****8********8*******7*****
**********8**6*5*******7*************5***7********************7***5********7*6***********7**66*4
***7****8***6*6************67********66******77***8*****8********7*******8**55******6********4*3
***7*******5*******7****766***************8***********7****7**67****7*7*******7*****66******6*6*
**********7*6**7**6************7***6***8*************6******55*******5*****8***************7****
*************7*6*7****77**8***6***7*7******76*7**8**7********5***7**7***8**************8******7*
*8*************7*************7********7******6********8**8*8*7****6*********667**************5**
****77*8****************65*******8**6*6********7*******************56***7**7******8**********66*
*8*********8************5*6***77****65**8****8*7************767*****6****7***********7**********
*********8*****8**8***7**6****************7******8******8*******7******************8*7******8***
*7**67****************6******8*7*7***8*7**6**********8*********7*****77***8**7***********8******
*7*7******8**657*65*65*********6**6****7***7*8***7*7**************************6**8*7************
*************6***6*6**7*********5**7*************6*6*8*******************8*****6***7************
*******************************7*7*****7***8******4*****************************6********7***7**
****7******77***7*8******66**7******7**7*****8****66****8***7*7*****************6*7****7**6***6*
*8*7***77******7*********5***5*******6********************7**5*****8*****65*****7*7***6****7**7*
*****8*****7*7****6*8*7*7****6555*****7**8**7****7*8******5**7************35*********7***8******
*7*****7*8**4****66***7***7*****3456********7**6*6****66**66*****8******66*6**6*************8***
*6****6****66**7***********5***54**5***********54***8*6****************6******657***7*********8*
*6*****7*******6*******8***56***6**7****8*8*****6********6***55****8*8**7************6**********
*7**********765*****7****76***8********************8**8**65**44*******************8**6**********
****77*********7*****7*************7*********6*7***********7*6**8*****8****8***66****7**********
4******7*********************8****7*********55*7***6**************8************6****************
*46*65**6***8**7*7*7***8**77*****************6*****45**********65***8*8****7***************77***
35***35**7*****7*6*6************8*****************7*6*55****8***447*****766***7*****************
****7*5*****8****7**5******8**8***********************55********6***8**********5****8*******7***
5******6*8*********7*7**8***********8*7********8****7*****8***7***************55*8******8***6***
*******7***8*****7****************7****6************7***8***64**66*8**********6******67****7**8*
******************6*7***7***8****7****7*********8*8**********56*6****8**556*6***8***6***8*******
*8*****7******7*66***7***7*****8**************************8********8***54**5*7****8**6*********5
********6******5**********************8***7*******7*7*8**************7**5**6****8****7*****8****
47******7*6***6**7****8*66**7**77**********6*******5************76***7*5***7*8***********8***8**
***7******66*6***7*8****6****6*********7***5*6**7**7*77*8*********6****56********8**7*8*********
****6***8*****6***********8***5*********7**635***6************7***6***7***8********7*****7****8*
47*7**********6*8**8****8*****66******6******6****7************7*6**************7********5*6****
************8*7***********6***********66*******76*****8*****8*****6*******8****7********4*35****
**8*8***********8**7******44***************8*8***7**8*****8*******6*****8*************75433***7*
***********77*****5*******54**6****************8******8*****6****7********7******8*******5*555**
*7*******7*****77*55********6*56*******7************7****76*56*************6*********7*****6**7*
4******8**5*******5***7******6********7*****8*******7******6***********7***6****8****7**********
*********56*****7*7****7***********8************8*8*****8*****65*****76*****6***********8****7**
*****8**6*******7**********6***8************8******************35*8*****7***7**8****7*******4***
***8***6*****6***********756*****8*7656********7**************6*5*******6**********7*******656**
*7****7**8*76*5*****7*****************5********7*********8****7*7**6***7***56****8***8**8*******
**7***********657*8*7**646**********75****8***********8***********66******53*******8******8*****
******7****************6*6****7*******6*******7*6*******7**76**************56*8******8******6***
4*6*6*6********8************8**67****7*********5*7*77***6****5*******************77********65***
*6*6*5***7********6*******8************8******6**********5***66*7*7***8**********************7*5
******6**6*7******56****7*******8*77**********7*767****8*55*****6*7**********************7******
5*8****55***6****7*****6****************************8****6***6*5*******8*********65656**7*******
*****7*5*****7*********7****756*7********8*****7*************646**7**************6***5********8*
**8**7*7*********7***8***8****6*5*7*8********8*7****76*7***********6*****67*********6******8****
*************8***7*8***8********54*****8**************6**767******7*****7***********7***********
***77**7******************76****5****8******8******************7*****7******************7*******
*******7***8*******8********7***6******77*8***********6**8******5*****56***8******8**8*6********
**66************8****7**********7************8****8***66****77*7*7*****6********8*******6*7****4
***4*8*8****8******7*7**7**********8*66****************************8*********7*********6***7***4
4545***************6***7****8**7******6****8************8*****7**8*****7*****7********7*********
**4*****8**8****8*7************5********8*************8******7**********7**7****6567*******8****
*7**8********************5**8*7*556*8*****7**8**8*******7**********8*7******56**4********8******
*********77*********7***656******4********7*******77*76*6*8**7***7****7**8***6*6*5*****7********
3*************8*8**7*********7*76************8*********4****7***7***************6*7****7********
13**6***66**8********7******6********7*********8**66***54*7*********66**************************
24556****5****77****7*******7*******7***6**********5*8*6*6***8******6******8******8**********7**
********5*********8***8**6*****8*8*****7*7********6***************8**********7**********7*****7*
**7****66******8*********66*********7******7*******67**********7*********7****66*6**8****7******
**4**5**********************5*******4*****4**5**5*********5*****4*********4*****3*4***44********

Field #99:
23**4**23***312*3*4*20
**54**44**5**23*32**20
**4*322**32222*2123310
*5*311232100011101*111
13*312*32110123323333*
123*22**2*102****4**3*
*24*544332202*44**3232
12*****22*21343333112*
123*7**33*53***3*112*3
*445***44***7*6*322*4*
*****43**46***4*32*4*4
466*53223*4*5343*324**
***3**2123*23*4*45*44*
3*324*32*3113**4****32
33203*54*4213*6*34*55*
**212***4**33**2124***
*5*324**66*4*43212***3
13*4*34****44*33*45*52
012*34*44555**4***3**1
2233*4*42****5*4*43332
**2*46*5*4444*233*23*3
3443***5*21*2223*54***
2**4454*333323*4***6*4
2**5**323**3*4*435**5*
244***33*544*313*33*4*
*2*3433***2*3203*42243
23333*333334*324**23**
3*4**3*112*4*5**44*4**
***544222*24*5*4*225*4
36*6**12*423*434223**4
*5***423*6*544**22****
**4*5*22******45*43543
45535*3235*6543**5*4*3
****5*43*33**5*5*5*5**
5*53**5**43****54*4*32
**3355***4*5*55**4*310
233***45*55*5*3*33*321
12*5655*4****322333*3*
*22*****33*5*201**213*

Field #100:
**4*1002*4*101*2*3*4***4***211
***43223**43232325**444**6*53*
35**3**45*5**4*11**44*4445***3
*4344***4**5**443433***3**5**3
*5*2*5*6*44*45***3*46*54*34*7*
**5435**5*22*3*44*5***5*544***
****3****53224445*5*7*7****45*
46**6444***12*****64****6*4*32
**4***224*424*******4445*4444*
2333333*323*4**7*5*5*33**5***3
13*423*43*34*6**4335*4***5**6*
2****6*4*4*4**5*5*4**4245*5*5*
*56****43*5*423*5*6**313**53*3
4**5*6*55*6*4223*5***44***5*6*
**5*24*****4**34*5**6*****5***
*6*212****5*5**3*45**557*54*53
**321234*33*543324***4***5*22*
*7*33*211224**33*6**44****4332
****3*3223*3***5***4*45**7**4*
**5345*4**444***54323**6*****3
4*21****5**2*5**4*113**5***65*
*321235*53344*44*322*7*43*5**4
3*32213**22**22*5*33***224*7**
*5**2*34*23*5222***34*432*****
**54422*334*6*334423*4*3*5*642
**4**124*3****5**103*42*34**10
3*43433**54****64202*4322*3210
223*2**6**224****2133**1111000
2*5344*5*520134422*4*432111100
2***2*23**1001*2113**32*34*310
134433223442224*423*33*5****21
24*3*2*22***3*5***4434*7***43*
***64545*7*66**5*6***5***633*3
*5************34*5***6***4*33*
233****55**54333*56***6**524*3
*113*5*22**21*2*3******4*3*3*2

Field #101:
**********************4****5******
*********************7************
**********************************
**********************************
***8******8*****8******8******8***
5******8**************************
**********************************
********************************8*
**************8*******************
*8**8***********************8*****
**********************************
5******66******8*8*8************8*
*******5**************8*8*********
***77*7**************************5
*8********8**********8******7*****
***8**************8********7***77*
5********************7************
********************7*************
********8*****8**************77***
*******************77*************
*****************8*************7**
******************************7***
4*********8**************7********
3*7*8*******************6*********
*4****************7****7**********
36****************7*************8*
***********************8**********
*************************8********
*******8*******8***8**************
**********************************
**8**********8********************
**************************8*8*****
**********8***8******************5
*********************8*8**********
*******8********************7*****
*****************************7***4
******************7*************7*
**************8***7***7*8***8*****
********************76**********8*
*8********************************
**********************************
**8*8**8************7****8*7******
*******************6*******7****8*
*******8**********7***************
***************8******************
******************************8**4
*****************77**************4
**********************************
*7*******8************************
**7***************************8*8*
********8************77***********
*****8*****8*******8********8*****
5*********************************
**7**********8********************
5*7*****8********8**8**8**8**8*77*
**********************************
5********************************5
***********7*************8****8***
**********7**********************5
*****8**********8*****************
******************************8***
**********************************
*******7*****************8********
******7***********7************7**
*************8*****6**********7***
******8*********8***67*7**********
**77*******************7**********
******************************8***
5*******************************7*
*********8***6***********8******7*
************7*7*******************
**********************************
**********************7**8********
***************6*****7************
*8************6*7***********7****5
********8**7**6*************7*****
******8****7*7********************
**************************77******
*******77*77**8**************8****
***8******************************
3****************5****5*5*********

Field #102:
000000000000000000000000000000000000000000

Field #103:
111*1001*10012*10000011101111*22***2*22111**3*22**311*2*3*21*3*42
*111100111123*32101111*112*2233*44322*2*1123*3*35**112323*4323***
11000000113**23*323*12232*23*4*32*1133311002232*3*3223*113**11232
111233322*3*312*3**223*4*212*5*32111**100112*2223221**2103*410111
*21*****2133311122222***21124*5*1001222223*313*21*12342213*2001*1
*213*542101**3110001*332101*3**22232212**4*312*21233*2*2*21211122
11012*100014*4*211011100001122223***2*224*5*122212**33221101*102*
121111112212*312*210001121111101***321103**211*11*322*1000011102*
*2*10002**2222122*21002*4*32*102343210002*53122222313342222100022
23222234*43*11*112*1113*4*3*3211*34*321112**33*22*2*2***3**11234*
*21*3***4*42333212212*5331212*112****3*21334**22*3433244*3323****
*322*3323*3*3**32*113***201233333334*424*3*3321224**112*211*4*643
2*1111112234*6*3*433*55*212**2***10112*4*42*1113*5*411*210113*4*1
1233212*32*3**345**3**2222*3344421111125*53212*5*4*20123221123*32
13***12*4*43333***423332*3212**2111*223****102**3322111**2*34*32*
*5**42324**11*224*312*2*4*203*42*112*3**543312222*22*124443***222
**323*3*23333321234*42436*423*2234222*4*21*2*210112*212**3*44312*
*4223*4322*2**22*3**5*4****2*211***3345443222*101121102**413*202*
12*2*3*3*424343*4*5**4**6423221345*3******1011101*322134*202*2122
01121324*4*3*2*35*5333***211*12**32335*5*321111112**3*2*4322212*2
122212*434*4233*4*3*22355*11112*32*22*23222*21*2113*4354**3*212*2
3**3*32**313*22*3134*32**32223322344*322*33*223*10113***44*3*2221
**33*224*313*211101**3*322*3***23***4*22*4*212*321103*632*2335*31
2222212*32*3211111243323333*333*4**44*324*3113*21*212**33322****1
111*103*324*312*33*3*22***2122334*43*22*3*322*3213*2134**2*335431
*122203*42***23*3**313*432101**2*3*2233222*3*4*102*201*44422*3*31
223*202*3*344*22343202*31101354312111**31224*42201121224**1113*3*
2*4*32333323*322*2*21112*102***1000013**33*422*10012*22**42002231
2*422**2*3*6*43*322*33221214**321211124**4**1222001*44*33*2111*10
12*1122224***5**3123***101*5*422*3*32*35*64312*20012**21234*12342
011101112*6*5**32*23*421012**42*34*3*44****102*3221123222**311***
110001*12*6*422123*322121124**22*2133**333210112**2113*3*5*412243
*100123222**20002*4*12*3*34*54321102*421011112223*21*3*425*5*313*
12111*2*124420013*3112*32***3**31102*20001*22**112221212*5*5*3*3*
12*3434222**2212*2100123333334*4*10111000112*32101*101122**523121
*22***3*23*6*4*33221112**113*43*2100011111112332111101*234*5*4210
112354*4*23***4*2*2*22*3322**4*3311012*11*101***2101122*3*4****31
002*3*3*212**4*22122*3333*223*3*3*201*21233124*5*112*2223*34*6*4*
002*42223333221212122*2**43234434*2012322**22*4*532*33*23333*424*
1133*102***20002*3*233323**3***3*42101**3233*34***34*312**3*33*32
2*3*4203*6*31102*422**2123*55544*4*2123*312*22*3322**42334*34*4*1
*33**102*323*2112*11234*212***3*5*44*3233*32111100134**2*45*5*522
*4332213333*4*22321113**2012434*4*3**3*2*3*101111233*3223***5*3*2
2**322*3**3*313**201*3*421001*3242322223332224*43***32002**5*432*
124**34*4221113**4121223*322233*2*10112*2*22*****554*2111334**222
002*4*3*310113*6*3*2112*3**2*2*221224*3122*345**4**422*102*4434*3
12223243*112*4**222*22*222221212112***32222*3*5345**122203**5*5**
*2*12*3*212*56*421224*3100011112*24*743**1224*3*3**423*313****4*4
12223*42113****21*12**310001*23*4*3***34321*22323*55*4*3*2233333*
222*23*201*45*543212*4*210012*3*4244*4*3*12221*345***422122323*31
**3223*30113*4***212232*100012322*3*443*433*213****44*3111***5*31
333*23*20013*4344*11*222321112*112*4**33**4*413*43334*5*2135**5*1
1*33*211001*4*22*2112*22**21*2121213**43*44*4*32212**6**312*5**32
123*22221023*4*21100113*6*212211*2124*4*4*33*32*11*4***43*22*44*1
13*433**311*5*311111234**4311*3322*12*314*43*22232234*5*311223*21
*4*5**4**113**533*22***44**123**111111102**2123*4*11*24*3002*3221
13**53322102*****32*4432*3222*3211232100133212***321123*2124*33*3
014*4*1000125*54*3222*112211*21001***11222*11*4*6*3102*532**23***
013*5320013*4*3323*343201*2212221123322**2112232***114***33434*42
12*3**2222**43*4*44***2122*112**21111*3443101*3333223**434*3**210
1*33344**335*43**4**422*11122*4*33*212*2**4222**1012**322**322111
12*12**433*3*4*423*542211123*233*3*322235***2333101*3322*4310012*
01113*53*21214*3012***2212**422*222*2*22**43*3*1002221*33*33211*2
00013*3*222324*3002465*2*35*4*333332223*54323*32001*1223*4***1111
1101*23222***5*4111***3212**44*3***101*4**2*22*2222223*434**31111
*213333*23**5**3*125**3101333**44542123*33321112**21*3**3*43202*2
*42**2**33**3222111**6*2111*3443**3*11*211*101234*332323*22*103*4
*3*443322*3222333235**32*1123**335*42222022312**44*3*1011222214**
122*4*3122211*****2***211101*333*4**11*222*2*45**3*3121102*21*3*3
1122**3*12*224*5*44342212111122*23*4323*3*433**4331101*103*433311
1*11333123*32*222*2*101*2*2101*2223*2*434*4*4444*201121102*3**222
11101*212*32*2212232102232*101111*2123**313*3**4*201*1111112344**
000012*24*32222*21*1001*22110000112234**2022334*2101223*21111**4*
11211234**21*12*21110012*2122211111***53101*11*332211*3*21*124431
1*3*32**432222111011100123*3**11*1124**22121123*3**2234322112**20
235*4*422*12*200113*20112*23*3222112444*2*3334*4*6*42**4*2113**20
1**24*522112*2012*4*202*3222112*312***2244*****44**3*33**21*33310
13333***10122101*3*3323*21*1003*4*345311**33333*4*64212442112*210
12*4*554212*11121212**212221013*434**201233332324***212**20023*10
*22**4**23*311*2100244201*1001*3*3***20012****2*2233*12**4212*320
22234*433**2013*2001**32212111122*5*32222*45*44220012334**2*22*10
1*22*3*34*42003*410135**212*221235*532**433*4*4*20002**2233323220
23*2122**4*3102**2233**43*23*4*4*****333**213*5*31112*4201*3*3*10
2*21013556**213343***44*2113*5*5*4444*235431213*21*233*10113*3221
*33122*****32*3*3*4*43*21002*32*211*334***3*3233212*3*310001123*2
3*4*4*334431113*3234*3111111123432333**4423**3**22223*21110001**2
2*6**3113*43211111*3*2012*1001***2**234*21134*33*3*12221*10012321
12***424*****21122221101*3200235332212*5*101*3223*312*3211002*310
1225*4*****6*21*2*1000012*2101*2*21113**210223*35*303**111102**31
*213*34*7*6*32344211121112*1022324*21*442101*22***424*422*2124**1
23*2113*6*5*32***311*2*1122101*11**323*2*1122124*5**3*21*34*33*31
*312112*4*54*347**2223233*2002232322*323112*313*44*5421123***3210
*433*33222**33***32*12*3**3112*3*10112*2225*4*3*3*4**1013*434*211
2***4**22355*455311124*423*22*4*2100012*4***312244*43112**302*32*
13433*4*3***5***21233**3012*33*333321124**533223**4*102*5*2134*21
12*333445*5*4*5*21***6*311112*22****11*3*43*2**3**31103*5221**320
1*4**2***22233443224**23*311112234*4221212*455432321002*4*1123*10
12*333444323*4***2234322*5*3112*2222*100134****101*21013*31002220
01111*2*2**3**3322**2*112***11*22*1111001**33321012*1002*20001*10

Field #104:
********4***5****
46***8**7********
**7********76****
5******8*****7***
***********7*****
*******7***6*****
4*******6*7**8***
3***7**6*********
*56**7*7**767**64
**6***********7**
*********8*******
*****************
*************66**
**************6*5
5****************
*******8*********
*********8*****7*
4***************4
*6***8*8*********
*7********7*8****
*****7****7******
******7**********
5*******7**8*****
*********7*******
***********8*****
*****8*******8***
5**************8*
*****************
5*8**************
***********5*****

Field #105:
*********34******5*5***
****7*6*5****8*8*******
*****5*35*********76***
******5*6***********46*
*****6**********8*645**
*8****6***********5****
****6**567**7*****6****
**66*55******7*7*6*****
*7***6****7*****5***7**
*******8***7*8**5***7**
***************7*6*****
*********7*8*8****6****
***7****7**********6**5
*8*6**********8*****6**
***6**8*66********8**7*
**6*****6**67*8*8******
46********7************
********8*****65****8**
*****76*******4*4******
*6*6***7**8**7*556**8**
*646*7*****************
******44***8*8*8*7***7*
47****545*********5*5**
*********5*7******535**
*********65********4***
**************5**5**4*3

Field #106:
01*1001**21001**2*2110112112*20001*23**2*101*1
123211233*211232213*202*4*23*3121223**44320233
2*3*21*112*33*21102*202**3*323*2*11*322**112**
*44*2123222**33*101111243313*42422111023311*32
**43422**2135*31111102*3*224*3*2*111101*101110
5*5***23*201**3001*213*424**2212122*1011211111
**4*531111024*31123*12*32**4100002*310001*11*2
2222*1011112*23*32*2113*33*2000002*3222122212*
01121101*11*212**211013*32110000012*3**23*2133
01*1112221123333211234*4*101110000113*32**33**
12222*3*1001***1001****43211*2100000111234*3*4
1*23*4*21113342211235*4*2*123*1111000001*2133*
123**42201*2*101*23*31212122*322*20000011101*3
01*322*2111212234*5*3111111*3*13*300000000012*
1232123*100002**3**33*12*3212112*2000001221122
1*2*11*2101124*4234*2112**32211111111001**21*1
12443211013*4**302*4322224**2*21101*10124*2233
12***22322**6**423**2**324*6533*2123311*2233**
1*3322***334**4**223333**3****33*23**22232**32
2231125*53*222333101*2244546*5*212***31*2*3210
3*3*23**4*22123*211334*2***3*3110124*222312110
**312**5*311*2**32*4**346*4212110001111*211*10
22112323*2011224*33**43***4223*201111122*11110
0124*20122100013*33*5*2233**3**201*11*11110000
13***3222*10001*3*34*31002345*4101111110111000
*4**32**3221111233*4*31222*2**20012222333*2111
14*411333*11*101*324*42**322343112**4****4*32*
02*2112*211122112*12*4*33*101**22*4**43323*3*2
01223*3110002*2011112*4322211222*444*200012321
233*3*2122102*42211134**33*210023**21211001*21
***23221**2233**4*21**43**3*1001*33322*10134*1
*5222*12343**23*4*225*3233212111111**21102**21
*201*334*3*321112222**32*2013*201122210113*310
342212***433100013*44*22*201**212*111212*21100
***3222444**10112***321222013443*222*2*3231100
*54**201**43202*4354*322*1002***223*3212*2*211
*22**323322*103*5*2*5**211114*6321**20011213*2
221234**1011103**222**52102*5*4*112210001112*2
*2013**31000113*42113*3*213*5*41100001222*2221
*201**3100001*323*2111212*324*41212112**322*10
110123210001222*34*4210013*33*3*2*2*13*6*21221
222111*10001*113*5***10003**3232323222*5*302*2
**2*111100012334*5*6321102*43*11*22*1114*413*2
3331100001233***44**23*20112*2112*443225*4*322
2*10000012***5**3*322**20001233233***3***312*2
*33221101*56*3222221122101111***3*66*32321012*
23**2*1123**321111*1000012*112434***3100012221
*3444222*444*22*112211123*43211*35**200002**21
4*4**33*4**213*3224*22*3**4**2113**3211125*42*
***33**4*43212*32***22*34*65*3113*522*11***211
23222445*32*223*35*422323***22*12*4*2122444210
1112*4**33*23*312**33*3*3342112222*3211*3*4*21
1*12*4*5*2112*201222**312*10001*2213*2225**4*1
1111123*322221100012321011222112*113*21*3*4*21
0000002*21**1001111*2121101**102221*2222213231
0123322111221012*2222*2*10233101*11112*2013*3*
12****332112212*43*23343212*3212222223*202**42
1*3444***23**34*4*5*3**2*13**2*12*3**31102*5*2
2332*4443*3*4**4*5**3344212*43212*33*2000113*3
2**22**212323344**3211**10123*101111110000023*
*32225*411*22*2*554211232102*311110001233322*2
2323*4**1224*322****2002*203*312*10001*****432
2**3*32322*3*3123*5*4212*323*32*32222334333**3
*3333211*32423*12232**112*4*33*44*4**2*10013**
223*3*2333*3*3332*34431012**33*4**4*4321000122
2*4*312**34*43**33***10001222*24*4212*10000011
2*31112323**3*45*323322121101223*310223122223*
112233*102*433*4*3101*3*3*1112*23*313*3*2**2**
112***32112*23*43*10113*3222*3223*4*3*31233333
1*23*32*2112*433*211111112*44*21*5*3211112*23*
12221112*1012**32313*20013*3**213**31002*312**
23*2101332002332*2*5*3002*3233314*5*1003*4114*
**5*202**2111*12343**3112*433*3*4*633112**102*
*4**302*32*12222**3222*112***6*34***2*11232111
134*212212221*23**3223210124***22*42222102*311
12*443*212*112*444*2**3122222321111012*224*4*1
*23***33*322012**3123*4*4**1122101122*3*2**532
113*53*212*21024*200113*4*311**312*4*32124**3*
124*3322012*211*33232112332113*3*34**20013**31
1**3*3*20123*112*2***101*2*212234*4*31002*5310
122213*201*21101122321011212*11*3*3110002**100

Field #107:
**22*212*21212*22*11*4**32*112334*2123*211*3***212*3*2*100112122**4**2**3***23*3**23*21110000
**34*31*22*2*33*32112***4*222*****22**3*333*334*44*32432012*3*2*5*6*334*5566*4*324*5*53*21100
34*4*42222222*44*22234*5*532*4444322*323**31213***423**211*4*3213**323*4*****53213*4***32*332
2*34*4*22*3345**4*4**424***334*11*343213**422*224*3*5*5*1124*3123544*5*55*7*5**11*2235*223***
*3*33*23*5*****45*6**4*44*44**2112***33*4**3*4311122**53323*33*3***3*4**4*5*544332101*321*6**
2434*312*5*54*6*4*4*33*3*4*4*31112244**3224*5**2212234**4**4*323**553323*3*4**4**21223*113**5
1**3*31125*545**4353211213*31102*201*4*3224*6*5*2*3*34**4**65*2245***112222*6*5*43*2*32214***
23222*212******53***210001222112*3111223**4*5*43323**5*323****21**6*522*3334**42*43313*33***3
*222213*44***7**3333*222212*2*222*22111*6*43*4*3*434**42112454224*5*5*23***3**334**102**4*432
12**223**3244**5*10223**4*3123*434*4*123**22*325***55*3*1002**22*45**533**32333**4320123*432*
2334*4*5*322*55*4422*45*5*2013***3**322*5432222**5***4421014*43*4**6***345311*3344*200012**43
**22**3*3*2*3**3***33**5*4201*56434*42*5**3*12*5333*4**2212**33*55**3334***3444*2**20112245**
3*3233323354543335*22**5**2123***22*3*5***4113*4*122434*3*34*33*3**5322**75****3223211*3*3***
234*23*21*****32*4321234*33*22***21122**6*2113*3111*4*43*3*444*333*5**45***6*8*4111*223*5*554
1**5*5*433334**33**2212*433*223544210124*311*2110023***2133***4*222****6**6****4*1235*43**4**
13*4**5**201355*223*3*23**3222*2***21013*3233201222*332223*6*5*4*4334****5****6*222***5*33*4*
01134*5**312***42224*313**22*434566*323*3*4**324**322123**4**634***22344*3234**434*55**321121
1102*34*5*23***4*4*4*313*523**3*****3**443***5***43*12**55*4***446*32*11222245*5****223*11232
*324*33*424*6**43**54*34*4*3455*55*4434**35*6***7*4333*5**4324*4**33*3211*2***4***64211111***
*4**4*434*5**45*44*5**3**424***32*4*3*344*5*5*7***3**34*5**3233*544*43*22234555****2*11222243
*3224**4***56*5*4*3**53322*4***3114*54*4*5**32**632333**334**3*5**4*4*4*12*4***55*32112**211*
11013**5*55***6*5223*3*22235*7*3113*5**4*5*4224**322*33211*324*6*6*34*5323**45*4*211112*5*211
0113*6*534***5***113444*4*3***43*12*4*333*23*22*6**22*33343202*5*4*34**5*34*43*43222*1224*200
13*4**5**4*7*434212***6**35****432324222*544*213**3112*****1023*234*5****43*3*4*5*3*444*42200
*4*424**44**34*2114*****54**6***3*3*4*45****3202*420013*432101*212***655**32435***43****6*200
13*202*32*33*4*31*3*544**3*44*44*4*5*****766*4222*2100123210022324*****3323*3**556*34*****421
23321122222213*32344*223345*3124*43***44*******123*33212**2223*4**5*434*203*43*4***32*5444**3
**4*313*21*32224*4**55*33***301**43*53125*6*7*523*5***34*43**5*6*4*3313*312*3223***2124*22***
*6**4*3*212**21**4******5***5334**23*212**43**5*5*5*6**4*43**5**344*3*44*2223*43333323**33442
**55*3433114*5333334555**4*****23323*42*433*6*6**44*3235*5*544*33**3*3**22*23***311**3*43**32
45**4*3**323***22*23**34456*7*412*44**44*24**3***4*3333***4**2124*432434222*446**2222224*55**
**5*64*44**22434*55**6*4****5*324***55**22**53345*44***5434*5211**21*2*3*124**5*5*21213**4**3
234***4*333102*4****6***545*323**4**4**4113**32*3**4*5*3*23*3*235422233*532***6*423*4*6*6*532
12*57*423*2102*33*65****5*4211*322224**30014**4223*3121212*4434***11*12***434*6*53*4****5*5*2
2*4***43*3*2244445**4554***3223221214**41003***323432221012**3**52112345***235****4*346*42**2
*33*55**5423*******54**446**3*3*3*3*4***1124****4***5**32236*54*21233***3333***644*211**33342
*312*4****23*555*6*3**4**4*6*44*44*33*6421**456*5*****6**3****3323***6*4212*35*5*3233345*3*3*
*32234**55*54*2*4*33333334*5**324**335**22323**45*556*4*5*5555*3*3*6*5*22*4223*4*21***5**32*2
3*4*4*543****443*5*22*33*436**44**32***42*103*6**22**4435*6**3*4354*3*334**11*3311235***32221
2*5**4**43444**22**22*4**4***5***4235**211213**33234*4**5***4323***3312**33222*2102*444433*21
34*44*5**21*22212453324*4*5*45***22**432101*33433*3*33**5*5*32*2244*1012211*124*202**3*3**5*2
**5*325**42210001***4*3122*22**6424**32*22434*5**45*213*3133*21212*21012211122**201335*54**5*
5**44*4**4*1000025**6*21243335**4*3*5*223***4***7**21123222*3313*422222**2101*553224*4**34*5*
****5*435*5310001****421***2**5**443*212*4335*6***4201*2*2*3*4*5**22**435*2124***2***534*213*
*7***23*5***311024****1234335*533**21102*311**6443*1011212122***55*44*3*4*43*4*52225*4*432122
*5**324*5*5*4*212*45*323*32*4**2243312122*235***432100122211124*5**4*333*3**34*20113*32**44*2
*32223**43434*32*4*3234***43*323*5*4*2*1235**5****31112**3*11233**34*31*4433*43202*42224****3
33224**53**4*54*34*32***7*3*2113****32223***44*5**4*22*5*3222**23334*323**433**213*3*33*3344*
**4****3*5*7***32*22*34**442101*6***311*3*54*3334*423*3*322*34432*3**22*7***24*43*433**3312*2
4**4442213***7*3122211124**20123***5*22244*22*2*334*22334*32*2**224*433***7434*5**3*334*3*322
2*54*21212234**213*312112**323*45**54*22**3334533**423*3**42133422*3*2*57***3***54424*434*32*
23**54*4*2013*422**3*2*23554**4**34**6*545*4****23*4*3*33**311*3*534344***54*4*5**3*3**5*32*3
3*7***3**534*5*33*433323****545*413******3*5*543223*432223**2336***3**3**7*43434*4*224***323*
*****433*****6**435*3*12*654**3*434*656*422*4*22*23**34*3334*3***55*5456***4**2*342325*7*22*3
*54*6*323*44*4**4***42233**44332***5**4*4133*44*5*324****4*43*3323**3****6*43344*2*4****213*4
*534***22221123*435*33*4*5**3*335**4*45*5*2*5**5**435**64***423112*433***53*12**234***54312**
***4***33*3121213*313***3*444**3**433*4**223***5*5******335*4*5*445*3245*3*213*523***32**223*
*7*54*4*5*5*3*213*425**322*3*4*3223*424*5324*524*55*655*33*33*******3*3*333212*3*5**41235*211
3**5*432***3*3*23*3***43223*3322124**24*5**5*424**4**4*32**32446*6*322*22*3*11233***213*4*321
*5*5**113*322434*554433**12*21*11**54*3*5*6**4**5*45*5*22344*3*4*421023333*4311*333223**42*3*
*32*431023312**4****44*53212221113*4*3424**44*56*6*6*5223*4**53*3*1113**4*5**112*3222***4224*
1112*1001**12**3234****3*101*100012*3*2*2222*3********11***4**212111*3**4*4*31012**2*4**3*12*

Field #108:
000000000000000000111000000000000000000000000000
0000001110000001111*1000000000000011100000000000
1100001*10011101*111100000000000001*210000000000
*10000111001*10111000000000000000012*10000000000
232100000001110000000000000000000112110000000111
2**1122100000000000000000000000001*10000000001*1
*3222**21000001110000000000000000111000000000111
1101*33*1011212*10000000000000000000000111000000
00012221101*2*21100000000111000000000002*2000000
00012*10001121100000000001*1000000000002*2000000
0001*2100111000000000000011211000011101221000000
0012221101*10000000001110112*100002*201*11110000
001*11*102220000000001*101*21100002*311111*22210
0011111101*2100000000111011100000012*1000112**10
11100001122*100000000001111110000001110000012210
2*200001*111100000000001*11*10000000000000000000
3*2000011100000000011101111110000000000011100000
*2100000000000000001*10012221100000000002*200111
1100000000111000000222001**2*100000000002*2001*2
00000000123*10000001*10023321100112221001110012*
000000001**21000000111112*1111112*2**20111000011
11000000122100000000001*2111*11*2124*301*1000111
*11110000000000000000012210111111113*201121101*1
111*10000011100011100001*100000001*2110001*10111
11111000001*10001*100001110000000111011102220000
*1000000001121101110000011211000000001*112*10000
1100000000001*10000000001*2*1000000002221*210000
00000000000011101110000011211000000001*111100000
00000000000000001*100000000000000000011101110000
000000000000000022200000011100011101110001*10000
00000000000000001*10000001*10002*201*10001110000
00000000000000001121100001110002*201110000000000
0011100000000000001*1000111000011100000000000000
001*100000111000001110012*1000000000000000000122
00111000001*100000111001*210000001121100000001**
0001121100123210001*10011100000002*3*10000111122
0001*2*21101**21012210000011100002*31100001*1000
00011212*21123*101*10000001*10000111000111123210
000000012*100111022200000011100000000001*101**10
011101122321000001*10000000001110111000111012210
01*101*3*2*1011101110000000001*112*2100000000000
0111012*332101*100001110000001111*3*100001110000
000000112*10011211001*10000000001232100112*11110
0000000011100001*10012221100000001*21101*2111*10
1110000000000001110001*2*10000011323*10111001110
1*100000000000011212121211000112*2*3220000111000
1110000000000001*3*3*200000001*22322*100001*1000
00000000000000012*23*200000001111*11110011211111
00000000000000001111110000001110111001111*1112*1
00111000000000000111000000002*20000001*11111*211
001*10000000000001*1111000002*211100011100011100
001110011100000001111*1000112111*100111000000000
00000001*100001110001110001*100111012*1111000011
000111011100001*10000000001110000001*211*100012*
0001*32101110011100000000000000000011101110001*2
00012**101*1001110000000000000000000000000001221
000012210111001*21000000000000000000001110012*10
0000000000000123*1000000122101110000002*2001*210
00000000000012*2110000001**101*10001112*20011211
0000000011101*3210000000122101110001*111100001*1
000000001*10112*10000000000000000001110000000111
000000001110001110000000000001110000000000000011
000000000000111000000000000113*2000000000000002*
0000000000012*10001110001222*3*3211000000000002*
000000000001*210001*10001**2122*3*10011100000011
00000000000111000011100012210012*22111*100000000
00000112110000000000000000000001111*111100000000
000001*2*100000000000000001121100022200000000000
000012221100000111000000001*2*10001*100001110111
00001*1000000012*1000000001121100011100001*102*2
000011100000001*210000000000000000011111111102*2
000000000000112110000000000000000001*11*10000111
0000000000001*1000000000000000000001112220000000
111000000000111000000000000012210000001*10111000
2*311000111111000000000111001**100000011101*1000
3*3*10001*11*10111000001*10123210000000001221000
*221100011111101*10000011101*2211000000001*10000
11011111100001121100000000012*3*1011100001110111
0112*11*100001*211000011100012*2101*1000000001*1
01*2111110000112*100001*100001110011100000000111
012210011101110222000022200111000000000000000000
001*1001*101*101*111112*1001*2110000000000000000
0011100111011101111*11*2100112*21001110000000000
1110000001110111001111110000012*1001*10000000011
1*21111001*101*10000000000000011100111000000012*
12*11*1001110111001110000000000000000000000001*2
0111111001110111001*1111000011100000000000000111
0000000001*101*2101111*100001*111100000001110000
000000011222112*2211011100001111*210011101*10000
11211001*11*1012*2*10000000000012*1001*211110000
2*2*10011111100112110000000000001221012*21000000
*221111100000011100001110000000001*10012*1000111
110002*20000002*200001*10000001222110001110112*1
000002*21110002*201111110000002**20000000001*211
111112332*100011101*21000000002**200000000011100
*11*22**211001110012*100111111122100000000111000
11112*32100001*1000111001*11*10000000000001*1000

Field #109:
2*11*2102*21*2223***3221223*100001*101*100012*2221012*2*10011
*2112*113*213*3**333**3*4**33210123211221001*23**212*2211001*
22112111*3202*333201235*5*32**101*2*101*2112222*43*2122321022
*11*22233*101112*32212**31112321112110112*11*1113*4211***212*
22234**2*3200002*3**12*3100112*211221111111111002*3*114**43*3
*32**5443*100012222222210002*32*22**12*2011100001132202***4*2
**334**2*331101*21101*100124*333*22213*301*22110112*10235*311
4*42*3222*2*10223*21222001**4*3*210002*2012*3*212*21101*21100
3**321112121101*22*12*2001223*31101111221012*22*2221001110011
*33*101*1000001111123*2001111110002*201*1001122212*200111113*
11111012321000112111*21002*20111003*4132201233*113*3212*11*4*
01110001**20001*2*11221013*422*1002*3*2*101***211*3*3*32222*2
12*100135*32222332101*101*3**321113231322012321133424*22*2111
1*21001**22**2*2*100111123445*312*2*101*21000001**2*2112*2000
111000122223332211011212*3**5*4*21211012*21011123322210111000
1121100123*12*212212*3*435**4*31100001122*102*32*211*10001110
1*2*2223**323*32**12*43**3*54210000012*111103*4*3*11110112*10
22312**3*4*23*22*3123*22222**11110112*3200002*4353201111*2221
3*3122221334*3222211*2100012211*101*22*21101222***102*21111*2
**4*310001**23*32*1233111100002342222213*201*11232213*211113*
223**221223212**3332**11*111101***32*114*3012210001*2111*213*
00123*2*3*2001233**33333211*32225**2123**3101*100122101222*32
111022313*322102*54*11**2122**113*3101**6*31111001*3211*1112*
3*201*22222**313*4*211222*333211*210124*5**10012222**22110022
**2124*3*113*4*43*21000012**200111012*213*42012**1123*100112*
2211*3*3110224*5*3100001235*30000112*21012*101*33210222113*31
000112111111*33**2000112**3*201111*21100012222212*212*11*3*20
000001222*123*22210112*34331112*11111111111*2*212*32*21112110
122212**4322*4210001*22*2*1002*420012*34*21122*2212*442100000
2**2*234**12*3*100022222312112**1001*3***201133*1012***111100
2*33221*432112232102*32*101*1122100112243201*2*210124*311*100
1111*2212*10002**213**321023310001110001*1122212112*311011211
01134*201110002**21*33*2101**10001*21002221*3211*12*2001111*1
01*3**31101110122111112*22332212122*2212*112**1111222013*2111
0113*43*101*1000011100112**212*2*113*3*432012210112*101**2000
00012*211022311001*100001333*2132202*43**21100001*22211343100
01111122222*2*111211001122*32101*1013*3222*101111112*201**211
12*1012**3*32222*100001*3*3*100111002*21232101*21002*201222*1
2*3212*434*201*211001122*343200111012211**10012*1001110111111
2*32*224*422011100002*2113**1001*101*2133310012210111112*2111
23*3211**3*1000112112*2002*31001221123*3*21112*2001*11*33*11*
1*3*102343210112*3*21110122101111*212*23*21*12*212332212*2111
1122211*2*1001*434*211212*1001*1112*3222232322122**2*10233100
1102*2124320012**2222*2*3221232100123*11*2*2*101*3221101**100
*202*213**200012211*32224*21**100013*311121222122200000133200
*302221***3100112133*223**322211111**30000002*21*10001111*210
*312*21355*2111*2*4*4*2**4*10002*435*30000002*22331001*345*20
2*12*202**22*11123**422222110113***6*30111001223**22122****20
22212212*311110002*4*211111012*224***411*10002*4*4*2*12344331
1*101*1111000000011324*21*101*210124**22211123*43422122*22*3*
11224321110000011112*4*3112121100012433*333*4*32**1001*3*224*
001***11*1000113*21*23*2112*1111001*3*22***4**3232100113221*2
0124*422110001*4*32332122*3211*21112*2124544*43*21011112*1111
01*322*100000113*21**201*4*20223*2121213**3*33*3*322*11*22221
123*2333100000012223*20113*201*213*212*3**32*2233**2122322**1
1*22*2**211111112*1111111111011113*33*322211111*333112*3*2221
332223233*23*21*3322111*111100002*32**31000011212*211*4*42111
**11*101*33**212*4*3*11111*100002*3223*111101*1012*1224*3*34*
221122234*2332012**422122322000123*101111*10111001233*2233***
00012*2**321*2122322*11**2*21001*322000011101110001**421*23*3
0012*3334*2112*3*2022213344*310123*1000000001*100013**2322111
002*43*23*322213*201*112*3***1002*31111000001110000123*2*1011
223**22*212**1022312111*23*532013*212*1001110000112222121102*
**22322110122101*3*310222112*101*432*21012*211112*2**2221002*
22101*100000000124**211*100112122**322001*22*22*212222**10133
00001110000000001*55*222100001*11344*22232112*3220001232101**
122100000001111233**32*21000012222**3*2**200112*21002*3110122
1**100000001*11**23*223*1000001*2*433123*3110023*1002*3*10011
1221000011223333212232*320111023422*111212*2111*320022312111*
000111001*2*3**1002*3*3*101*112**22112*21222*222*2111*322*122
1122*1012222*321002*3122211222*55*2102*22*212*2324*212**3343*
1*3*3201*113320001221001*211*33**3*102222*2013*3*3*201222***2
12*3*101111**11111*212122*112*33221101*1122102*31333100013*31
023421000013332*2333*2*1111012*11222121112*2121101**111102231
12**21211012*2*22**31211000002232**2*2222*33*100012322*101*3*
1*322*2*101*232213*20000000001*2*32223**212*21011112*211012*2
33212221101111*2132200000122111212111*4310112111*22*210111111
**22*10001221112*3*3100013**100001*112*101111*2222*21001*2100
333*321101**101345**10012**421100122111212*1124*211100012*100
*12*32*21333101***321001*5*32*20001*1001*33211**3111100011100
11113*43*2*101344221111213*33*31212110124*3*2245*43*100001110
11102**3121112**211*22*10113*33*3*21001*3*313*3****3111101*21
1*1013*311001*33*1112*210113*33*32*1001132202*4446*301*10112*
12321123*10011112210122101*33*32111100113*2012*3*4*4221111111
12**112*210012212*2012*21112*3*21000001*4*20012*4*3**1113*200
*32212*310112**24*302*4*1001234*31000013*5311123*322211*4*200
*20002*2001*334*3*423*3110001*3**1000002***22*13*3000012*2211
1111122201233*2233**21111100123332100012333*3212*2000001122*2
123*22*211*2*211*2332001*10001*22*10012*1013*2011211111012*4*
1**3*22*11232102222*211211000112*32101*21002*20001*12*212*4*2
13342211101*1001*12*21*10122111212*101221112110001112*21*4*32
02*3*112211122222221111101**11*10111001*23*20011101121123*4*1
02*4222**1001**11*1000011223221111100012*4*3113*311*1012*3*32
0112*23*3100122111111101*223*2001*21000235*21*4**221213*4312*
11023*21100000011212*2122*2**20012*10002**3213*44*212*3**2232
*202*31111011101*2*223*11123320001221002*4*224*33*31*22222**1
*302*202*201*21212222*210112*100012*1112122*3**22*21110001221
*3111102*31223*1001*432001*2222122*323*200114*412331000000000
2*10000112*22*210023**1012211*2*3*32*3*200013*311**3232100000
11100000012*2110001*32101*1011213*2112110001*3*113*3***100000

Field #110:
*322****10001***322*3*3*3*2*3*3112**32*22**
**2*5*52211014*6**22*4*4*2214**32*6**324*64
23445*201*2102**544434*421003**3*4**32*3***
01***42223*1025*4****33*10003*4213*53323243
2346*5*4*32323**546*6*3211123*21233**4*223*
**2***3**53**4*5**4**5*213*3*322**23**22**2
4545*424***446*55*44*7*43**33*33*3112222321
***3*202*644****4*34****4*534**31211001*332
*64423133**3*5**434****45**4***301*10023***
2**2*4*3*4333445*3**665*4**6***42232213*542
23333**54*33**3**545***4*6*6****3*3*3*4**20
*21*334**3**4*334**6*635**4****4*3*5*4*4*20
*4334*3344444222*4***4*4*55**545333**323221
3**3**31**2**12*44454*24*5**44***34*312*33*
*33*4*212222212*3**2*212*4*32**43**2102**3*

Field #111:
3******
*******
*******
****8**
******5
*******
*******
*******
5***8**
*******
*******
*******
*******
*******
**8****
*******
*******
*******
***7***
****7**
*******
***77**
*8*****
*******
*******
5**8***
*******
*******
*8*****
*******
*8**7**
*****6*
*7***7*
**6****
***7***
4******
4******
*******
*******
*******
*******
*******
**5***3

End of program.